../Core/Src/main.c:7260:6:Load_Drow_Dialog	16	static
../Core/Src/main.c:7273:6:gui_draw_hline	32	static
../Core/Src/main.c:7282:6:gui_fill_circle	40	static
../Core/Src/main.c:7308:5:my_abs	16	static
../Core/Src/main.c:7318:6:screen_print	16	static
../Core/Src/main.c:7330:6:screen_norm_print	16	static
../Core/Src/main.c:7341:6:change_state	8	static
../Core/Src/main.c:7351:6:lcd_draw_bline	64	static
../Core/Src/main.c:7390:6:rtp_test	16	static
../Core/Src/main.c:7433:6:ctp_test	48	static
../Core/Src/main.c:7499:5:main	16	static
../Core/Src/main.c:7562:6:SystemClock_Config	72	static
../Core/Src/main.c:7602:13:MX_SPI1_Init	8	static
../Core/Src/main.c:7640:13:MX_USART1_UART_Init	8	static
../Core/Src/main.c:7673:13:MX_GPIO_Init	32	static
../Core/Src/main.c:7701:6:Error_Handler	4	static,ignoring_inline_asm
