../Core/Src/stm32f1xx_hal_msp.c:64:6:HAL_MspInit	16	static
../Core/Src/stm32f1xx_hal_msp.c:92:6:HAL_RTC_MspInit	16	static
../Core/Src/stm32f1xx_hal_msp.c:117:6:HAL_RTC_MspDeInit	0	static
../Core/Src/stm32f1xx_hal_msp.c:139:6:HAL_SPI_MspInit	32	static
../Core/Src/stm32f1xx_hal_msp.c:182:6:HAL_SPI_MspDeInit	8	static
../Core/Src/stm32f1xx_hal_msp.c:214:6:HAL_TIM_Base_MspInit	16	static
../Core/Src/stm32f1xx_hal_msp.c:239:6:HAL_TIM_Base_MspDeInit	0	static
../Core/Src/stm32f1xx_hal_msp.c:264:6:HAL_UART_MspInit	32	static
../Core/Src/stm32f1xx_hal_msp.c:306:6:HAL_UART_MspDeInit	8	static
