../Core/Src/lcd.c:90:6:LCD_WR_REG	0	static
../Core/Src/lcd.c:113:10:LCD_RD_DATA	16	static
../Core/Src/lcd.c:138:6:LCD_WriteReg	8	static
../Core/Src/lcd.c:146:10:LCD_ReadReg	8	static
../Core/Src/lcd.c:152:6:LCD_WriteRAM_Prepare	0	static
../Core/Src/lcd.c:158:6:LCD_WriteRAM	0	static
../Core/Src/lcd.c:102:6:LCD_WR_DATAX	0	static
../Core/Src/lcd.c:166:10:LCD_BGR2RGB	0	static
../Core/Src/lcd.c:177:6:opt_delay	0	static
../Core/Src/lcd.c:246:6:LCD_DisplayOn	0	static
../Core/Src/lcd.c:257:6:LCD_DisplayOff	0	static
../Core/Src/lcd.c:270:6:LCD_SetCursor	40	static
../Core/Src/lcd.c:184:10:LCD_ReadPoint	24	static
../Core/Src/lcd.c:331:6:LCD_Scan_Dir	48	static
../Core/Src/lcd.c:486:6:LCD_DrawPoint	8	static
../Core/Src/lcd.c:494:6:LCD_Fast_DrawPoint	48	static
../Core/Src/lcd.c:550:6:LCD_SSD_BackLightSet	32	static
../Core/Src/lcd.c:562:6:LCD_Display_Dir	0	static
../Core/Src/lcd.c:635:6:LCD_Set_Window	48	static
../Core/Src/lcd.c:2748:6:LCD_Clear	32	static
../Core/Src/lcd.c:715:6:LCD_Init	64	static
../Core/Src/lcd.c:2769:6:LCD_Fill	56	static
../Core/Src/lcd.c:2800:6:LCD_Color_Fill	32	static
../Core/Src/lcd.c:2816:6:LCD_DrawLine	56	static
../Core/Src/lcd.c:2862:6:LCD_DrawRectangle	24	static
../Core/Src/lcd.c:2872:6:LCD_Draw_Circle	56	static
../Core/Src/lcd.c:2904:6:LCD_ShowChar	64	static
../Core/Src/lcd.c:2941:10:LCD_Pow	0	static
../Core/Src/lcd.c:2952:6:LCD_ShowNum	56	static
../Core/Src/lcd.c:2978:6:LCD_ShowxNum	64	static
../Core/Src/lcd.c:3004:6:LCD_ShowString	56	static
../Core/Src/lcd.c:3023:6:LCD_ShowImage	48	static
../Core/Src/lcd.c:3050:6:LCD_Show_Success	16	static
../Core/Src/lcd.c:3054:6:LCD_Show_Failure	16	static
