Archive member included to satisfy reference by file (symbol)

D:/software/STM32CubeIDE_1.13.2/STM32CubeIDE/plugins/com.st.stm32cube.ide.mcu.externaltools.gnu-tools-for-stm32.11.3.rel1.win32_1.1.1.202309131626/tools/bin/../lib/gcc/arm-none-eabi/11.3.1/../../../../arm-none-eabi/lib/thumb/v7-m/nofp\libc_nano.a(libc_a-exit.o)
                              D:/software/STM32CubeIDE_1.13.2/STM32CubeIDE/plugins/com.st.stm32cube.ide.mcu.externaltools.gnu-tools-for-stm32.11.3.rel1.win32_1.1.1.202309131626/tools/bin/../lib/gcc/arm-none-eabi/11.3.1/../../../../arm-none-eabi/lib/thumb/v7-m/nofp/crt0.o (exit)
D:/software/STM32CubeIDE_1.13.2/STM32CubeIDE/plugins/com.st.stm32cube.ide.mcu.externaltools.gnu-tools-for-stm32.11.3.rel1.win32_1.1.1.202309131626/tools/bin/../lib/gcc/arm-none-eabi/11.3.1/../../../../arm-none-eabi/lib/thumb/v7-m/nofp\libc_nano.a(libc_a-findfp.o)
                              D:/software/STM32CubeIDE_1.13.2/STM32CubeIDE/plugins/com.st.stm32cube.ide.mcu.externaltools.gnu-tools-for-stm32.11.3.rel1.win32_1.1.1.202309131626/tools/bin/../lib/gcc/arm-none-eabi/11.3.1/../../../../arm-none-eabi/lib/thumb/v7-m/nofp\libc_nano.a(libc_a-exit.o) (__stdio_exit_handler)
D:/software/STM32CubeIDE_1.13.2/STM32CubeIDE/plugins/com.st.stm32cube.ide.mcu.externaltools.gnu-tools-for-stm32.11.3.rel1.win32_1.1.1.202309131626/tools/bin/../lib/gcc/arm-none-eabi/11.3.1/../../../../arm-none-eabi/lib/thumb/v7-m/nofp\libc_nano.a(libc_a-fwalk.o)
                              D:/software/STM32CubeIDE_1.13.2/STM32CubeIDE/plugins/com.st.stm32cube.ide.mcu.externaltools.gnu-tools-for-stm32.11.3.rel1.win32_1.1.1.202309131626/tools/bin/../lib/gcc/arm-none-eabi/11.3.1/../../../../arm-none-eabi/lib/thumb/v7-m/nofp\libc_nano.a(libc_a-findfp.o) (_fwalk_sglue)
D:/software/STM32CubeIDE_1.13.2/STM32CubeIDE/plugins/com.st.stm32cube.ide.mcu.externaltools.gnu-tools-for-stm32.11.3.rel1.win32_1.1.1.202309131626/tools/bin/../lib/gcc/arm-none-eabi/11.3.1/../../../../arm-none-eabi/lib/thumb/v7-m/nofp\libc_nano.a(libc_a-printf.o)
                              ./Core/Src/ft5206.o (printf)
D:/software/STM32CubeIDE_1.13.2/STM32CubeIDE/plugins/com.st.stm32cube.ide.mcu.externaltools.gnu-tools-for-stm32.11.3.rel1.win32_1.1.1.202309131626/tools/bin/../lib/gcc/arm-none-eabi/11.3.1/../../../../arm-none-eabi/lib/thumb/v7-m/nofp\libc_nano.a(libc_a-sprintf.o)
                              ./Core/Src/main.o (sprintf)
D:/software/STM32CubeIDE_1.13.2/STM32CubeIDE/plugins/com.st.stm32cube.ide.mcu.externaltools.gnu-tools-for-stm32.11.3.rel1.win32_1.1.1.202309131626/tools/bin/../lib/gcc/arm-none-eabi/11.3.1/../../../../arm-none-eabi/lib/thumb/v7-m/nofp\libc_nano.a(libc_a-stdio.o)
                              D:/software/STM32CubeIDE_1.13.2/STM32CubeIDE/plugins/com.st.stm32cube.ide.mcu.externaltools.gnu-tools-for-stm32.11.3.rel1.win32_1.1.1.202309131626/tools/bin/../lib/gcc/arm-none-eabi/11.3.1/../../../../arm-none-eabi/lib/thumb/v7-m/nofp\libc_nano.a(libc_a-findfp.o) (__sread)
D:/software/STM32CubeIDE_1.13.2/STM32CubeIDE/plugins/com.st.stm32cube.ide.mcu.externaltools.gnu-tools-for-stm32.11.3.rel1.win32_1.1.1.202309131626/tools/bin/../lib/gcc/arm-none-eabi/11.3.1/../../../../arm-none-eabi/lib/thumb/v7-m/nofp\libc_nano.a(libc_a-memset.o)
                              D:/software/STM32CubeIDE_1.13.2/STM32CubeIDE/plugins/com.st.stm32cube.ide.mcu.externaltools.gnu-tools-for-stm32.11.3.rel1.win32_1.1.1.202309131626/tools/bin/../lib/gcc/arm-none-eabi/11.3.1/../../../../arm-none-eabi/lib/thumb/v7-m/nofp/crt0.o (memset)
D:/software/STM32CubeIDE_1.13.2/STM32CubeIDE/plugins/com.st.stm32cube.ide.mcu.externaltools.gnu-tools-for-stm32.11.3.rel1.win32_1.1.1.202309131626/tools/bin/../lib/gcc/arm-none-eabi/11.3.1/../../../../arm-none-eabi/lib/thumb/v7-m/nofp\libc_nano.a(libc_a-closer.o)
                              D:/software/STM32CubeIDE_1.13.2/STM32CubeIDE/plugins/com.st.stm32cube.ide.mcu.externaltools.gnu-tools-for-stm32.11.3.rel1.win32_1.1.1.202309131626/tools/bin/../lib/gcc/arm-none-eabi/11.3.1/../../../../arm-none-eabi/lib/thumb/v7-m/nofp\libc_nano.a(libc_a-stdio.o) (_close_r)
D:/software/STM32CubeIDE_1.13.2/STM32CubeIDE/plugins/com.st.stm32cube.ide.mcu.externaltools.gnu-tools-for-stm32.11.3.rel1.win32_1.1.1.202309131626/tools/bin/../lib/gcc/arm-none-eabi/11.3.1/../../../../arm-none-eabi/lib/thumb/v7-m/nofp\libc_nano.a(libc_a-reent.o)
                              D:/software/STM32CubeIDE_1.13.2/STM32CubeIDE/plugins/com.st.stm32cube.ide.mcu.externaltools.gnu-tools-for-stm32.11.3.rel1.win32_1.1.1.202309131626/tools/bin/../lib/gcc/arm-none-eabi/11.3.1/../../../../arm-none-eabi/lib/thumb/v7-m/nofp\libc_nano.a(libc_a-closer.o) (errno)
D:/software/STM32CubeIDE_1.13.2/STM32CubeIDE/plugins/com.st.stm32cube.ide.mcu.externaltools.gnu-tools-for-stm32.11.3.rel1.win32_1.1.1.202309131626/tools/bin/../lib/gcc/arm-none-eabi/11.3.1/../../../../arm-none-eabi/lib/thumb/v7-m/nofp\libc_nano.a(libc_a-impure.o)
[...]
Memory Configuration

Name             Origin             Length             Attributes
RAM              0x0000000020000000 0x000000000000c000 xrw
FLASH            0x0000000008000000 0x0000000000040000 xr
*default*        0x0000000000000000 0xffffffffffffffff

Linker script and memory map

LOAD D:/software/STM32CubeIDE_1.13.2/STM32CubeIDE/plugins/com.st.stm32cube.ide.mcu.externaltools.gnu-tools-for-stm32.11.3.rel1.win32_1.1.1.202309131626/tools/bin/../lib/gcc/arm-none-eabi/11.3.1/thumb/v7-m/nofp/crti.o
LOAD D:/software/STM32CubeIDE_1.13.2/STM32CubeIDE/plugins/com.st.stm32cube.ide.mcu.externaltools.gnu-tools-for-stm32.11.3.rel1.win32_1.1.1.202309131626/tools/bin/../lib/gcc/arm-none-eabi/11.3.1/thumb/v7-m/nofp/crtbegin.o
LOAD D:/software/STM32CubeIDE_1.13.2/STM32CubeIDE/plugins/com.st.stm32cube.ide.mcu.externaltools.gnu-tools-for-stm32.11.3.rel1.win32_1.1.1.202309131626/tools/bin/../lib/gcc/arm-none-eabi/11.3.1/../../../../arm-none-eabi/lib/thumb/v7-m/nofp/crt0.o
LOAD ./Core/Src/24cxx.o
LOAD ./Core/Src/24l01.o
LOAD ./Core/Src/ctiic.o
LOAD ./Core/Src/delay.o
LOAD ./Core/Src/ft5206.o
LOAD ./Core/Src/gt9147.o
LOAD ./Core/Src/key.o
LOAD ./Core/Src/lcd.o
LOAD ./Core/Src/led.o
LOAD ./Core/Src/main.o
LOAD ./Core/Src/myiic.o
LOAD ./Core/Src/ott2001a.o
LOAD ./Core/Src/spi.o
LOAD ./Core/Src/stm32f1xx_hal_msp.o
LOAD ./Core/Src/stm32f1xx_it.o
LOAD ./Core/Src/sys.o
LOAD ./Core/Src/syscalls.o
LOAD ./Core/Src/sysmem.o
LOAD ./Core/Src/system_stm32f1xx.o
LOAD ./Core/Src/touch.o
LOAD ./Core/Startup/startup_stm32f103rctx.o
LOAD ./Drivers/STM32F1xx_HAL_Driver/Src/stm32f1xx_hal.o
LOAD ./Drivers/STM32F1xx_HAL_Driver/Src/stm32f1xx_hal_cortex.o
LOAD ./Drivers/STM32F1xx_HAL_Driver/Src/stm32f1xx_hal_dma.o
LOAD ./Drivers/STM32F1xx_HAL_Driver/Src/stm32f1xx_hal_exti.o
LOAD ./Drivers/STM32F1xx_HAL_Driver/Src/stm32f1xx_hal_flash.o
LOAD ./Drivers/STM32F1xx_HAL_Driver/Src/stm32f1xx_hal_flash_ex.o
LOAD ./Drivers/STM32F1xx_HAL_Driver/Src/stm32f1xx_hal_gpio.o
LOAD ./Drivers/STM32F1xx_HAL_Driver/Src/stm32f1xx_hal_gpio_ex.o
LOAD ./Drivers/STM32F1xx_HAL_Driver/Src/stm32f1xx_hal_pwr.o
LOAD ./Drivers/STM32F1xx_HAL_Driver/Src/stm32f1xx_hal_rcc.o
LOAD ./Drivers/STM32F1xx_HAL_Driver/Src/stm32f1xx_hal_rcc_ex.o
LOAD ./Drivers/STM32F1xx_HAL_Driver/Src/stm32f1xx_hal_spi.o
LOAD ./Drivers/STM32F1xx_HAL_Driver/Src/stm32f1xx_hal_tim.o
LOAD ./Drivers/STM32F1xx_HAL_Driver/Src/stm32f1xx_hal_tim_ex.o
LOAD ./Drivers/STM32F1xx_HAL_Driver/Src/stm32f1xx_hal_uart.o
START GROUP
LOAD D:/software/STM32CubeIDE_1.13.2/STM32CubeIDE/plugins/com.st.stm32cube.ide.mcu.externaltools.gnu-tools-for-stm32.11.3.rel1.win32_1.1.1.202309131626/tools/bin/../lib/gcc/arm-none-eabi/11.3.1/../../../../arm-none-eabi/lib/thumb/v7-m/nofp\libc_nano.a
LOAD D:/software/STM32CubeIDE_1.13.2/STM32CubeIDE/plugins/com.st.stm32cube.ide.mcu.externaltools.gnu-tools-for-stm32.11.3.rel1.win32_1.1.1.202309131626/tools/bin/../lib/gcc/arm-none-eabi/11.3.1/../../../../arm-none-eabi/lib/thumb/v7-m/nofp\libm.a
END GROUP
START GROUP
LOAD D:/software/STM32CubeIDE_1.13.2/STM32CubeIDE/plugins/com.st.stm32cube.ide.mcu.externaltools.gnu-tools-for-stm32.11.3.rel1.win32_1.1.1.202309131626/tools/bin/../lib/gcc/arm-none-eabi/11.3.1/thumb/v7-m/nofp\libgcc.a
LOAD D:/software/STM32CubeIDE_1.13.2/STM32CubeIDE/plugins/com.st.stm32cube.ide.mcu.externaltools.gnu-tools-for-stm32.11.3.rel1.win32_1.1.1.202309131626/tools/bin/../lib/gcc/arm-none-eabi/11.3.1/../../../../arm-none-eabi/lib/thumb/v7-m/nofp\libc_nano.a
END GROUP
START GROUP
LOAD D:/software/STM32CubeIDE_1.13.2/STM32CubeIDE/plugins/com.st.stm32cube.ide.mcu.externaltools.gnu-tools-for-stm32.11.3.rel1.win32_1.1.1.202309131626/tools/bin/../lib/gcc/arm-none-eabi/11.3.1/thumb/v7-m/nofp\libgcc.a
LOAD D:/software/STM32CubeIDE_1.13.2/STM32CubeIDE/plugins/com.st.stm32cube.ide.mcu.externaltools.gnu-tools-for-stm32.11.3.rel1.win32_1.1.1.202309131626/tools/bin/../lib/gcc/arm-none-eabi/11.3.1/../../../../arm-none-eabi/lib/thumb/v7-m/nofp\libc_nano.a
LOAD D:/software/STM32CubeIDE_1.13.2/STM32CubeIDE/plugins/com.st.stm32cube.ide.mcu.externaltools.gnu-tools-for-stm32.11.3.rel1.win32_1.1.1.202309131626/tools/bin/../lib/gcc/arm-none-eabi/11.3.1/../../../../arm-none-eabi/lib/thumb/v7-m/nofp\libnosys.a
END GROUP
START GROUP
LOAD D:/software/STM32CubeIDE_1.13.2/STM32CubeIDE/plugins/com.st.stm32cube.ide.mcu.externaltools.gnu-tools-for-stm32.11.3.rel1.win32_1.1.1.202309131626/tools/bin/../lib/gcc/arm-none-eabi/11.3.1/thumb/v7-m/nofp\libgcc.a
LOAD D:/software/STM32CubeIDE_1.13.2/STM32CubeIDE/plugins/com.st.stm32cube.ide.mcu.externaltools.gnu-tools-for-stm32.11.3.rel1.win32_1.1.1.202309131626/tools/bin/../lib/gcc/arm-none-eabi/11.3.1/../../../../arm-none-eabi/lib/thumb/v7-m/nofp\libc_nano.a
LOAD D:/software/STM32CubeIDE_1.13.2/STM32CubeIDE/plugins/com.st.stm32cube.ide.mcu.externaltools.gnu-tools-for-stm32.11.3.rel1.win32_1.1.1.202309131626/tools/bin/../lib/gcc/arm-none-eabi/11.3.1/../../../../arm-none-eabi/lib/thumb/v7-m/nofp\libnosys.a
END GROUP
LOAD D:/software/STM32CubeIDE_1.13.2/STM32CubeIDE/plugins/com.st.stm32cube.ide.mcu.externaltools.gnu-tools-for-stm32.11.3.rel1.win32_1.1.1.202309131626/tools/bin/../lib/gcc/arm-none-eabi/11.3.1/thumb/v7-m/nofp/crtend.o
LOAD D:/software/STM32CubeIDE_1.13.2/STM32CubeIDE/plugins/com.st.stm32cube.ide.mcu.externaltools.gnu-tools-for-stm32.11.3.rel1.win32_1.1.1.202309131626/tools/bin/../lib/gcc/arm-none-eabi/11.3.1/thumb/v7-m/nofp/crtn.o
                0x000000002000c000                _estack = (ORIGIN (RAM) + LENGTH (RAM))
                0x0000000000000200                _Min_Heap_Size = 0x200
                0x0000000000000400                _Min_Stack_Size = 0x400

.isr_vector     0x0000000008000000      0x1e4
                0x0000000008000000                . = ALIGN (0x4)
 *(.isr_vector)
 .isr_vector    0x0000000008000000      0x1e4 ./Core/Startup/startup_stm32f103rctx.o
                0x0000000008000000                g_pfnVectors
                0x00000000080001e4                . = ALIGN (0x4)

.text           0x00000000080001e8     0xb4e0
                0x00000000080001e8                . = ALIGN (0x4)
 *(.text)
 .text          0x00000000080001e8       0x40 D:/software/STM32CubeIDE_1.13.2/STM32CubeIDE/plugins/com.st.stm32cube.ide.mcu.externaltools.gnu-tools-for-stm32.11.3.rel1.win32_1.1.1.202309131626/tools/bin/../lib/gcc/arm-none-eabi/11.3.1/thumb/v7-m/nofp/crtbegin.o
 .text          0x0000000008000228       0x14 D:/software/STM32CubeIDE_1.13.2/STM32CubeIDE/plugins/com.st.stm32cube.ide.mcu.externaltools.gnu-tools-for-stm32.11.3.rel1.win32_1.1.1.202309131626/tools/bin/../lib/gcc/arm-none-eabi/11.3.1/../../../../arm-none-eabi/lib/thumb/v7-m/nofp\libc_nano.a(libc_a-strcmp.o)
                0x0000000008000228                strcmp
 .text          0x000000000800023c       0x10 D:/software/STM32CubeIDE_1.13.2/STM32CubeIDE/plugins/com.st.stm32cube.ide.mcu.externaltools.gnu-tools-for-stm32.11.3.rel1.win32_1.1.1.202309131626/tools/bin/../lib/gcc/arm-none-eabi/11.3.1/../../../../arm-none-eabi/lib/thumb/v7-m/nofp\libc_nano.a(libc_a-strlen.o)
                0x000000000800023c                strlen
 .text          0x000000000800024c      0x378 D:/software/STM32CubeIDE_1.13.2/STM32CubeIDE/plugins/com.st.stm32cube.ide.mcu.externaltools.gnu-tools-for-stm32.11.3.rel1.win32_1.1.1.202309131626/tools/bin/../lib/gcc/arm-none-eabi/11.3.1/thumb/v7-m/nofp\libgcc.a(_arm_addsubdf3.o)
                0x000000000800024c                __aeabi_drsub
                0x0000000008000254                __aeabi_dsub
                0x0000000008000254                __subdf3
                0x0000000008000258                __aeabi_dadd
                0x0000000008000258                __adddf3
                0x00000000080004d0                __floatunsidf
                0x00000000080004d0                __aeabi_ui2d
                0x00000000080004f0                __floatsidf
                0x00000000080004f0                __aeabi_i2d
                0x0000000008000514                __aeabi_f2d
                0x0000000008000514                __extendsfdf2
                0x0000000008000558                __floatundidf
                0x0000000008000558                __aeabi_ul2d
                0x0000000008000568                __floatdidf
                0x0000000008000568                __aeabi_l2d
 .text          0x00000000080005c4      0x424 D:/software/STM32CubeIDE_1.13.2/STM32CubeIDE/plugins/com.st.stm32cube.ide.mcu.externaltools.gnu-tools-for-stm32.11.3.rel1.win32_1.1.1.202309131626/tools/bin/../lib/gcc/arm-none-eabi/11.3.1/thumb/v7-m/nofp\libgcc.a(_arm_muldivdf3.o)
                0x00000000080005c4                __aeabi_dmul
                0x00000000080005c4                __muldf3
                0x0000000008000818                __divdf3
                0x0000000008000818                __aeabi_ddiv
 .text          0x00000000080009e8      0x110 D:/software/STM32CubeIDE_1.13.2/STM32CubeIDE/plugins/com.st.stm32cube.ide.mcu.externaltools.gnu-tools-for-stm32.11.3.rel1.win32_1.1.1.202309131626/tools/bin/../lib/gcc/arm-none-eabi/11.3.1/thumb/v7-m/nofp\libgcc.a(_arm_cmpdf2.o)
                0x00000000080009e8                __gtdf2
                0x00000000080009e8                __gedf2
                0x00000000080009f0                __ltdf2
                0x00000000080009f0                __ledf2
                0x00000000080009f8                __nedf2
                0x00000000080009f8                __eqdf2
                0x00000000080009f8                __cmpdf2
                0x0000000008000a74                __aeabi_cdrcmple
                0x0000000008000a84                __aeabi_cdcmpeq
                0x0000000008000a84                __aeabi_cdcmple
                0x0000000008000a94                __aeabi_dcmpeq
                0x0000000008000aa8                __aeabi_dcmplt
                0x0000000008000abc                __aeabi_dcmple
                0x0000000008000ad0                __aeabi_dcmpge
                0x0000000008000ae4                __aeabi_dcmpgt
 .text          0x0000000008000af8       0x2c D:/software/STM32CubeIDE_1.13.2/STM32CubeIDE/plugins/com.st.stm32cube.ide.mcu.externaltools.gnu-tools-for-stm32.11.3.rel1.win32_1.1.1.202309131626/tools/bin/../lib/gcc/arm-none-eabi/11.3.1/thumb/v7-m/nofp\libgcc.a(_arm_unorddf2.o)
                0x0000000008000af8                __unorddf2
                0x0000000008000af8                __aeabi_dcmpun
 .text          0x0000000008000b24       0x40 D:/software/STM32CubeIDE_1.13.2/STM32CubeIDE/plugins/com.st.stm32cube.ide.mcu.externaltools.gnu-tools-for-stm32.11.3.rel1.win32_1.1.1.202309131626/tools/bin/../lib/gcc/arm-none-eabi/11.3.1/thumb/v7-m/nofp\libgcc.a(_arm_fixunsdfsi.o)
                0x0000000008000b24                __aeabi_d2uiz
                0x0000000008000b24                __fixunsdfsi
 .text          0x0000000008000b64      0x21c D:/software/STM32CubeIDE_1.13.2/STM32CubeIDE/plugins/com.st.stm32cube.ide.mcu.externaltools.gnu-tools-for-stm32.11.3.rel1.win32_1.1.1.202309131626/tools/bin/../lib/gcc/arm-none-eabi/11.3.1/thumb/v7-m/nofp\libgcc.a(_arm_addsubsf3.o)
                0x0000000008000b64                __aeabi_frsub
                0x0000000008000b6c                __subsf3
                0x0000000008000b6c                __aeabi_fsub
                0x0000000008000b70                __aeabi_fadd
                0x0000000008000b70                __addsf3
                0x0000000008000cd0                __aeabi_ui2f
                0x0000000008000cd0                __floatunsisf
                0x0000000008000cd8                __aeabi_i2f
                0x0000000008000cd8                __floatsisf
                0x0000000008000cf4                __aeabi_ul2f
                0x0000000008000cf4                __floatundisf
                0x0000000008000d04                __aeabi_l2f
                0x0000000008000d04                __floatdisf
 .text          0x0000000008000d80      0x2a0 D:/software/STM32CubeIDE_1.13.2/STM32CubeIDE/plugins/com.st.stm32cube.ide.mcu.externaltools.gnu-tools-for-stm32.11.3.rel1.win32_1.1.1.202309131626/tools/bin/../lib/gcc/arm-none-eabi/11.3.1/thumb/v7-m/nofp\libgcc.a(_arm_muldivsf3.o)
                0x0000000008000d80                __mulsf3
                0x0000000008000d80                __aeabi_fmul
                0x0000000008000ee8                __aeabi_fdiv
                0x0000000008000ee8                __divsf3
 .text          0x0000000008001020       0x4c D:/software/STM32CubeIDE_1.13.2/STM32CubeIDE/plugins/com.st.stm32cube.ide.mcu.externaltools.gnu-tools-for-stm32.11.3.rel1.win32_1.1.1.202309131626/tools/bin/../lib/gcc/arm-none-eabi/11.3.1/thumb/v7-m/nofp\libgcc.a(_arm_fixsfsi.o)
                0x0000000008001020                __aeabi_f2iz
                0x0000000008001020                __fixsfsi
 .text          0x000000000800106c       0x40 D:/software/STM32CubeIDE_1.13.2/STM32CubeIDE/plugins/com.st.stm32cube.ide.mcu.externaltools.gnu-tools-for-stm32.11.3.rel1.win32_1.1.1.202309131626/tools/bin/../lib/gcc/arm-none-eabi/11.3.1/thumb/v7-m/nofp\libgcc.a(_arm_fixunssfsi.o)
                0x000000000800106c                __fixunssfsi
                0x000000000800106c                __aeabi_f2uiz
 *(.text*)
 .text.AT24CXX_Init
                0x00000000080010ac        0xc ./Core/Src/24cxx.o
                0x00000000080010ac                AT24CXX_Init
 .text.AT24CXX_ReadOneByte
                0x00000000080010b8       0x60 ./Core/Src/24cxx.o
                0x00000000080010b8                AT24CXX_ReadOneByte
 .text.AT24CXX_WriteOneByte
                0x0000000008001118       0x5a ./Core/Src/24cxx.o
                0x0000000008001118                AT24CXX_WriteOneByte
 .text.AT24CXX_Read
                0x0000000008001172       0x3e ./Core/Src/24cxx.o
                0x0000000008001172                AT24CXX_Read
 .text.AT24CXX_Write
                0x00000000080011b0       0x40 ./Core/Src/24cxx.o
                0x00000000080011b0                AT24CXX_Write
 .text.CT_Delay
                0x00000000080011f0        0xe ./Core/Src/ctiic.o
                0x00000000080011f0                CT_Delay
 *fill*         0x00000000080011fe        0x2 
 .text.CT_IIC_Init
                0x0000000008001200       0x60 ./Core/Src/ctiic.o
                0x0000000008001200                CT_IIC_Init
 .text.CT_IIC_Start
                0x0000000008001260       0x50 ./Core/Src/ctiic.o
                0x0000000008001260                CT_IIC_Start
 .text.CT_IIC_Stop
                0x00000000080012b0       0x48 ./Core/Src/ctiic.o
                0x00000000080012b0                CT_IIC_Stop
 .text.CT_IIC_Wait_Ack
                0x00000000080012f8       0x74 ./Core/Src/ctiic.o
                0x00000000080012f8                CT_IIC_Wait_Ack
 .text.CT_IIC_Ack
                0x000000000800136c       0x50 ./Core/Src/ctiic.o
                0x000000000800136c                CT_IIC_Ack
 .text.CT_IIC_NAck
                0x00000000080013bc       0x50 ./Core/Src/ctiic.o
                0x00000000080013bc                CT_IIC_NAck
 .text.CT_IIC_Send_Byte
                0x000000000800140c       0x78 ./Core/Src/ctiic.o
                0x000000000800140c                CT_IIC_Send_Byte
 .text.CT_IIC_Read_Byte
                0x0000000008001484       0x88 ./Core/Src/ctiic.o
                0x0000000008001484                CT_IIC_Read_Byte
 .text.delay_init
                0x000000000800150c       0x24 ./Core/Src/delay.o
                0x000000000800150c                delay_init
 .text.delay_us
                0x0000000008001530       0x7c ./Core/Src/delay.o
                0x0000000008001530                delay_us
 .text.delay_ms
                0x00000000080015ac       0x30 ./Core/Src/delay.o
                0x00000000080015ac                delay_ms
 .text.FT5206_WR_Reg
                0x00000000080015dc       0x72 ./Core/Src/ft5206.o
                0x00000000080015dc                FT5206_WR_Reg
 .text.FT5206_RD_Reg
                0x000000000800164e       0x7c ./Core/Src/ft5206.o
                0x000000000800164e                FT5206_RD_Reg
 *fill*         0x00000000080016ca        0x2 
 .text.FT5206_Init
                0x00000000080016cc       0xf4 ./Core/Src/ft5206.o
                0x00000000080016cc                FT5206_Init
 .text.FT5206_Scan
                0x00000000080017c0      0x230 ./Core/Src/ft5206.o
                0x00000000080017c0                FT5206_Scan
 .text.GT9147_Send_Cfg
                0x00000000080019f0       0x68 ./Core/Src/gt9147.o
                0x00000000080019f0                GT9147_Send_Cfg
 .text.GT9147_WR_Reg
                0x0000000008001a58       0x84 ./Core/Src/gt9147.o
                0x0000000008001a58                GT9147_WR_Reg
 .text.GT9147_RD_Reg
                0x0000000008001adc       0x8e ./Core/Src/gt9147.o
                0x0000000008001adc                GT9147_RD_Reg
 *fill*         0x0000000008001b6a        0x2 
 .text.GT9147_Init
                0x0000000008001b6c      0x138 ./Core/Src/gt9147.o
                0x0000000008001b6c                GT9147_Init
 .text.GT9147_Scan
                0x0000000008001ca4      0x274 ./Core/Src/gt9147.o
                0x0000000008001ca4                GT9147_Scan
 .text.KEY_Init
                0x0000000008001f18       0x90 ./Core/Src/key.o
                0x0000000008001f18                KEY_Init
 .text.KEY_Scan
                0x0000000008001fa8       0xdc ./Core/Src/key.o
                0x0000000008001fa8                KEY_Scan
 .text.LCD_WR_REG
                0x0000000008002084       0x48 ./Core/Src/lcd.o
                0x0000000008002084                LCD_WR_REG
 .text.LCD_WR_DATAX
                0x00000000080020cc       0x48 ./Core/Src/lcd.o
                0x00000000080020cc                LCD_WR_DATAX
 .text.opt_delay
                0x0000000008002114       0x22 ./Core/Src/lcd.o
                0x0000000008002114                opt_delay
 *fill*         0x0000000008002136        0x2 
 .text.LCD_RD_DATA
                0x0000000008002138       0x78 ./Core/Src/lcd.o
                0x0000000008002138                LCD_RD_DATA
 .text.LCD_WriteReg
                0x00000000080021b0       0x54 ./Core/Src/lcd.o
                0x00000000080021b0                LCD_WriteReg
 .text.LCD_WriteRAM_Prepare
                0x0000000008002204       0x18 ./Core/Src/lcd.o
                0x0000000008002204                LCD_WriteRAM_Prepare
 .text.LCD_SetCursor
                0x000000000800221c      0x454 ./Core/Src/lcd.o
                0x000000000800221c                LCD_SetCursor
 .text.LCD_Scan_Dir
                0x0000000008002670      0x528 ./Core/Src/lcd.o
                0x0000000008002670                LCD_Scan_Dir
 .text.LCD_DrawPoint
                0x0000000008002b98       0x60 ./Core/Src/lcd.o
                0x0000000008002b98                LCD_DrawPoint
 .text.LCD_Fast_DrawPoint
                0x0000000008002bf8      0x3f4 ./Core/Src/lcd.o
                0x0000000008002bf8                LCD_Fast_DrawPoint
 *fill*         0x0000000008002fec        0x4 
 .text.LCD_SSD_BackLightSet
                0x0000000008002ff0      0x148 ./Core/Src/lcd.o
                0x0000000008002ff0                LCD_SSD_BackLightSet
 .text.LCD_Display_Dir
                0x0000000008003138      0x170 ./Core/Src/lcd.o
                0x0000000008003138                LCD_Display_Dir
 .text.LCD_Init
                0x00000000080032a8     0x2c24 ./Core/Src/lcd.o
                0x00000000080032a8                LCD_Init
 .text.LCD_Clear
                0x0000000008005ecc       0x84 ./Core/Src/lcd.o
                0x0000000008005ecc                LCD_Clear
 .text.LCD_Fill
                0x0000000008005f50       0xa4 ./Core/Src/lcd.o
                0x0000000008005f50                LCD_Fill
 .text.LCD_DrawLine
                0x0000000008005ff4      0x108 ./Core/Src/lcd.o
                0x0000000008005ff4                LCD_DrawLine
 .text.LCD_Draw_Circle
                0x00000000080060fc      0x13a ./Core/Src/lcd.o
                0x00000000080060fc                LCD_Draw_Circle
 *fill*         0x0000000008006236        0x2 
 .text.LCD_ShowChar
                0x0000000008006238      0x15c ./Core/Src/lcd.o
                0x0000000008006238                LCD_ShowChar
 .text.LCD_Pow  0x0000000008006394       0x36 ./Core/Src/lcd.o
                0x0000000008006394                LCD_Pow
 *fill*         0x00000000080063ca        0x2 
 .text.LCD_ShowNum
                0x00000000080063cc       0xe4 ./Core/Src/lcd.o
                0x00000000080063cc                LCD_ShowNum
 .text.LCD_ShowString
                0x00000000080064b0       0x9a ./Core/Src/lcd.o
                0x00000000080064b0                LCD_ShowString
 *fill*         0x000000000800654a        0x2 
 .text.LCD_ShowImage2
                0x000000000800654c       0xd4 ./Core/Src/lcd.o
                0x000000000800654c                LCD_ShowImage2
 .text.LCD_ShowPicture
                0x0000000008006620       0x6e ./Core/Src/lcd.o
                0x0000000008006620                LCD_ShowPicture
 *fill*         0x000000000800668e        0x2 
 .text.LED_Init
                0x0000000008006690       0x90 ./Core/Src/led.o
                0x0000000008006690                LED_Init
 .text.Load_Drow_Dialog
                0x0000000008006720       0x48 ./Core/Src/main.o
                0x0000000008006720                Load_Drow_Dialog
 .text.gui_draw_hline
                0x0000000008006768       0x4a ./Core/Src/main.o
                0x0000000008006768                gui_draw_hline
 *fill*         0x00000000080067b2        0x2 
 .text.gui_fill_circle
                0x00000000080067b4      0x138 ./Core/Src/main.o
                0x00000000080067b4                gui_fill_circle
 .text.screen_print
                0x00000000080068ec       0x98 ./Core/Src/main.o
                0x00000000080068ec                screen_print
 .text.screen_norm_print
                0x0000000008006984       0x90 ./Core/Src/main.o
                0x0000000008006984                screen_norm_print
 .text.change_state
                0x0000000008006a14       0x40 ./Core/Src/main.o
                0x0000000008006a14                change_state
 .text.lcd_draw_bline
                0x0000000008006a54      0x140 ./Core/Src/main.o
                0x0000000008006a54                lcd_draw_bline
 .text.rtp_test
                0x0000000008006b94      0x170 ./Core/Src/main.o
                0x0000000008006b94                rtp_test
 .text.ctp_test
                0x0000000008006d04      0x1bc ./Core/Src/main.o
                0x0000000008006d04                ctp_test
 .text.main     0x0000000008006ec0       0xf8 ./Core/Src/main.o
                0x0000000008006ec0                main
 .text.SystemClock_Config
                0x0000000008006fb8       0x8a ./Core/Src/main.o
                0x0000000008006fb8                SystemClock_Config
 *fill*         0x0000000008007042        0x2 
 .text.MX_SPI1_Init
                0x0000000008007044       0x6c ./Core/Src/main.o
 .text.MX_USART1_UART_Init
                0x00000000080070b0       0x54 ./Core/Src/main.o
 .text.MX_GPIO_Init
                0x0000000008007104       0x84 ./Core/Src/main.o
 .text.Error_Handler
                0x0000000008007188        0xa ./Core/Src/main.o
                0x0000000008007188                Error_Handler
 *fill*         0x0000000008007192        0x2 
 .text.IIC_Init
                0x0000000008007194       0x60 ./Core/Src/myiic.o
                0x0000000008007194                IIC_Init
 .text.IIC_Start
                0x00000000080071f4       0x50 ./Core/Src/myiic.o
                0x00000000080071f4                IIC_Start
 .text.IIC_Stop
                0x0000000008007244       0x50 ./Core/Src/myiic.o
                0x0000000008007244                IIC_Stop
 .text.IIC_Wait_Ack
                0x0000000008007294       0x78 ./Core/Src/myiic.o
                0x0000000008007294                IIC_Wait_Ack
 .text.IIC_Ack  0x000000000800730c       0x50 ./Core/Src/myiic.o
                0x000000000800730c                IIC_Ack
 .text.IIC_NAck
                0x000000000800735c       0x50 ./Core/Src/myiic.o
                0x000000000800735c                IIC_NAck
 .text.IIC_Send_Byte
                0x00000000080073ac       0x80 ./Core/Src/myiic.o
                0x00000000080073ac                IIC_Send_Byte
 .text.IIC_Read_Byte
                0x000000000800742c       0x8c ./Core/Src/myiic.o
                0x000000000800742c                IIC_Read_Byte
 .text.OTT2001A_WR_Reg
                0x00000000080074b8       0x84 ./Core/Src/ott2001a.o
                0x00000000080074b8                OTT2001A_WR_Reg
 .text.OTT2001A_RD_Reg
                0x000000000800753c       0x8e ./Core/Src/ott2001a.o
                0x000000000800753c                OTT2001A_RD_Reg
 .text.OTT2001A_SensorControl
                0x00000000080075ca       0x30 ./Core/Src/ott2001a.o
                0x00000000080075ca                OTT2001A_SensorControl
 *fill*         0x00000000080075fa        0x2 
 .text.OTT2001A_Init
                0x00000000080075fc       0xb0 ./Core/Src/ott2001a.o
                0x00000000080075fc                OTT2001A_Init
 *fill*         0x00000000080076ac        0x4 
 .text.OTT2001A_Scan
                0x00000000080076b0      0x254 ./Core/Src/ott2001a.o
                0x00000000080076b0                OTT2001A_Scan
 .text.HAL_MspInit
                0x0000000008007904       0x68 ./Core/Src/stm32f1xx_hal_msp.o
                0x0000000008007904                HAL_MspInit
 .text.HAL_SPI_MspInit
                0x000000000800796c       0x94 ./Core/Src/stm32f1xx_hal_msp.o
                0x000000000800796c                HAL_SPI_MspInit
 .text.HAL_UART_MspInit
                0x0000000008007a00       0x98 ./Core/Src/stm32f1xx_hal_msp.o
                0x0000000008007a00                HAL_UART_MspInit
 .text.NMI_Handler
                0x0000000008007a98        0x6 ./Core/Src/stm32f1xx_it.o
                0x0000000008007a98                NMI_Handler
 .text.HardFault_Handler
                0x0000000008007a9e        0x6 ./Core/Src/stm32f1xx_it.o
                0x0000000008007a9e                HardFault_Handler
 .text.MemManage_Handler
                0x0000000008007aa4        0x6 ./Core/Src/stm32f1xx_it.o
                0x0000000008007aa4                MemManage_Handler
 .text.BusFault_Handler
                0x0000000008007aaa        0x6 ./Core/Src/stm32f1xx_it.o
                0x0000000008007aaa                BusFault_Handler
 .text.UsageFault_Handler
                0x0000000008007ab0        0x6 ./Core/Src/stm32f1xx_it.o
                0x0000000008007ab0                UsageFault_Handler
 .text.SVC_Handler
                0x0000000008007ab6        0xc ./Core/Src/stm32f1xx_it.o
                0x0000000008007ab6                SVC_Handler
 .text.DebugMon_Handler
                0x0000000008007ac2        0xc ./Core/Src/stm32f1xx_it.o
                0x0000000008007ac2                DebugMon_Handler
 .text.PendSV_Handler
                0x0000000008007ace        0xc ./Core/Src/stm32f1xx_it.o
                0x0000000008007ace                PendSV_Handler
 .text.SysTick_Handler
                0x0000000008007ada        0xc ./Core/Src/stm32f1xx_it.o
                0x0000000008007ada                SysTick_Handler
 .text.EXTI15_10_IRQHandler
                0x0000000008007ae6       0x10 ./Core/Src/stm32f1xx_it.o
                0x0000000008007ae6                EXTI15_10_IRQHandler
 *fill*         0x0000000008007af6        0x2 
 .text.HAL_GPIO_EXTI_Callback
                0x0000000008007af8       0x50 ./Core/Src/stm32f1xx_it.o
                0x0000000008007af8                HAL_GPIO_EXTI_Callback
 .text.Stm32_Clock_Init
                0x0000000008007b48       0x7e ./Core/Src/sys.o
                0x0000000008007b48                Stm32_Clock_Init
 .text._read    0x0000000008007bc6       0x3a ./Core/Src/syscalls.o
                0x0000000008007bc6                _read
 .text._write   0x0000000008007c00       0x38 ./Core/Src/syscalls.o
                0x0000000008007c00                _write
 .text._close   0x0000000008007c38       0x16 ./Core/Src/syscalls.o
                0x0000000008007c38                _close
 .text._fstat   0x0000000008007c4e       0x1e ./Core/Src/syscalls.o
                0x0000000008007c4e                _fstat
 .text._isatty  0x0000000008007c6c       0x14 ./Core/Src/syscalls.o
                0x0000000008007c6c                _isatty
 .text._lseek   0x0000000008007c80       0x18 ./Core/Src/syscalls.o
                0x0000000008007c80                _lseek
 .text._sbrk    0x0000000008007c98       0x6c ./Core/Src/sysmem.o
                0x0000000008007c98                _sbrk
 .text.SystemInit
                0x0000000008007d04        0xc ./Core/Src/system_stm32f1xx.o
                0x0000000008007d04                SystemInit
 .text.TP_Write_Byte
                0x0000000008007d10       0x60 ./Core/Src/touch.o
                0x0000000008007d10                TP_Write_Byte
 .text.TP_Read_AD
                0x0000000008007d70       0xb0 ./Core/Src/touch.o
                0x0000000008007d70                TP_Read_AD
 .text.TP_Read_XOY
                0x0000000008007e20       0xf4 ./Core/Src/touch.o
                0x0000000008007e20                TP_Read_XOY
 .text.TP_Read_XY
                0x0000000008007f14       0x44 ./Core/Src/touch.o
                0x0000000008007f14                TP_Read_XY
 .text.TP_Read_XY2
                0x0000000008007f58       0xc4 ./Core/Src/touch.o
                0x0000000008007f58                TP_Read_XY2
 .text.TP_Drow_Touch_Point
                0x000000000800801c       0xa8 ./Core/Src/touch.o
                0x000000000800801c                TP_Drow_Touch_Point
 .text.TP_Draw_Big_Point
                0x00000000080080c4       0x64 ./Core/Src/touch.o
                0x00000000080080c4                TP_Draw_Big_Point
 .text.TP_Scan  0x0000000008008128      0x13c ./Core/Src/touch.o
                0x0000000008008128                TP_Scan
 .text.TP_Save_Adjdata
                0x0000000008008264       0x20 ./Core/Src/touch.o
                0x0000000008008264                TP_Save_Adjdata
 .text.TP_Get_Adjdata
                0x0000000008008284       0x64 ./Core/Src/touch.o
                0x0000000008008284                TP_Get_Adjdata
 .text.TP_Adj_Info_Show
                0x00000000080082e8      0x1c4 ./Core/Src/touch.o
                0x00000000080082e8                TP_Adj_Info_Show
 *fill*         0x00000000080084ac        0x4 
 .text.TP_Adjust
                0x00000000080084b0      0x878 ./Core/Src/touch.o
                0x00000000080084b0                TP_Adjust
 .text.TP_Init  0x0000000008008d28      0x154 ./Core/Src/touch.o
                0x0000000008008d28                TP_Init
 .text.Reset_Handler
                0x0000000008008e7c       0x48 ./Core/Startup/startup_stm32f103rctx.o
                0x0000000008008e7c                Reset_Handler
 .text.Default_Handler
                0x0000000008008ec4        0x2 ./Core/Startup/startup_stm32f103rctx.o
                0x0000000008008ec4                RTC_Alarm_IRQHandler
                0x0000000008008ec4                EXTI2_IRQHandler
                0x0000000008008ec4                TIM8_TRG_COM_IRQHandler
                0x0000000008008ec4                TIM8_CC_IRQHandler
                0x0000000008008ec4                TIM1_CC_IRQHandler
                0x0000000008008ec4                TIM6_IRQHandler
                0x0000000008008ec4                PVD_IRQHandler
                0x0000000008008ec4                SDIO_IRQHandler
                0x0000000008008ec4                EXTI3_IRQHandler
                0x0000000008008ec4                EXTI0_IRQHandler
                0x0000000008008ec4                I2C2_EV_IRQHandler
                0x0000000008008ec4                ADC1_2_IRQHandler
                0x0000000008008ec4                SPI1_IRQHandler
                0x0000000008008ec4                TAMPER_IRQHandler
                0x0000000008008ec4                TIM8_UP_IRQHandler
                0x0000000008008ec4                DMA2_Channel2_IRQHandler
                0x0000000008008ec4                DMA1_Channel4_IRQHandler
                0x0000000008008ec4                USART3_IRQHandler
                0x0000000008008ec4                RTC_IRQHandler
                0x0000000008008ec4                DMA1_Channel7_IRQHandler
                0x0000000008008ec4                CAN1_RX1_IRQHandler
                0x0000000008008ec4                UART5_IRQHandler
                0x0000000008008ec4                ADC3_IRQHandler
                0x0000000008008ec4                TIM4_IRQHandler
                0x0000000008008ec4                DMA2_Channel1_IRQHandler
                0x0000000008008ec4                I2C1_EV_IRQHandler
                0x0000000008008ec4                DMA1_Channel6_IRQHandler
                0x0000000008008ec4                UART4_IRQHandler
                0x0000000008008ec4                TIM3_IRQHandler
                0x0000000008008ec4                RCC_IRQHandler
                0x0000000008008ec4                TIM1_TRG_COM_IRQHandler
                0x0000000008008ec4                DMA1_Channel1_IRQHandler
                0x0000000008008ec4                Default_Handler
                0x0000000008008ec4                TIM7_IRQHandler
                0x0000000008008ec4                TIM5_IRQHandler
                0x0000000008008ec4                EXTI9_5_IRQHandler
                0x0000000008008ec4                SPI2_IRQHandler
                0x0000000008008ec4                DMA1_Channel5_IRQHandler
                0x0000000008008ec4                EXTI4_IRQHandler
                0x0000000008008ec4                USB_LP_CAN1_RX0_IRQHandler
                0x0000000008008ec4                USB_HP_CAN1_TX_IRQHandler
                0x0000000008008ec4                DMA1_Channel3_IRQHandler
                0x0000000008008ec4                FSMC_IRQHandler
                0x0000000008008ec4                TIM1_UP_IRQHandler
                0x0000000008008ec4                WWDG_IRQHandler
                0x0000000008008ec4                TIM2_IRQHandler
                0x0000000008008ec4                TIM1_BRK_IRQHandler
                0x0000000008008ec4                EXTI1_IRQHandler
                0x0000000008008ec4                DMA2_Channel4_5_IRQHandler
                0x0000000008008ec4                USART2_IRQHandler
                0x0000000008008ec4                I2C2_ER_IRQHandler
                0x0000000008008ec4                DMA1_Channel2_IRQHandler
                0x0000000008008ec4                TIM8_BRK_IRQHandler
                0x0000000008008ec4                CAN1_SCE_IRQHandler
                0x0000000008008ec4                FLASH_IRQHandler
                0x0000000008008ec4                USART1_IRQHandler
                0x0000000008008ec4                SPI3_IRQHandler
                0x0000000008008ec4                I2C1_ER_IRQHandler
                0x0000000008008ec4                USBWakeUp_IRQHandler
                0x0000000008008ec4                DMA2_Channel3_IRQHandler
 *fill*         0x0000000008008ec6        0x2 
 .text.HAL_Init
                0x0000000008008ec8       0x2c ./Drivers/STM32F1xx_HAL_Driver/Src/stm32f1xx_hal.o
                0x0000000008008ec8                HAL_Init
 .text.HAL_InitTick
                0x0000000008008ef4       0x60 ./Drivers/STM32F1xx_HAL_Driver/Src/stm32f1xx_hal.o
                0x0000000008008ef4                HAL_InitTick
 .text.HAL_IncTick
                0x0000000008008f54       0x24 ./Drivers/STM32F1xx_HAL_Driver/Src/stm32f1xx_hal.o
                0x0000000008008f54                HAL_IncTick
 .text.HAL_GetTick
                0x0000000008008f78       0x14 ./Drivers/STM32F1xx_HAL_Driver/Src/stm32f1xx_hal.o
                0x0000000008008f78                HAL_GetTick
 .text.HAL_Delay
                0x0000000008008f8c       0x48 ./Drivers/STM32F1xx_HAL_Driver/Src/stm32f1xx_hal.o
                0x0000000008008f8c                HAL_Delay
 .text.__NVIC_SetPriorityGrouping
                0x0000000008008fd4       0x48 ./Drivers/STM32F1xx_HAL_Driver/Src/stm32f1xx_hal_cortex.o
 .text.__NVIC_GetPriorityGrouping
                0x000000000800901c       0x1c ./Drivers/STM32F1xx_HAL_Driver/Src/stm32f1xx_hal_cortex.o
 .text.__NVIC_EnableIRQ
                0x0000000008009038       0x38 ./Drivers/STM32F1xx_HAL_Driver/Src/stm32f1xx_hal_cortex.o
 .text.__NVIC_SetPriority
                0x0000000008009070       0x54 ./Drivers/STM32F1xx_HAL_Driver/Src/stm32f1xx_hal_cortex.o
 .text.NVIC_EncodePriority
                0x00000000080090c4       0x64 ./Drivers/STM32F1xx_HAL_Driver/Src/stm32f1xx_hal_cortex.o
 .text.SysTick_Config
                0x0000000008009128       0x44 ./Drivers/STM32F1xx_HAL_Driver/Src/stm32f1xx_hal_cortex.o
 .text.HAL_NVIC_SetPriorityGrouping
                0x000000000800916c       0x16 ./Drivers/STM32F1xx_HAL_Driver/Src/stm32f1xx_hal_cortex.o
                0x000000000800916c                HAL_NVIC_SetPriorityGrouping
 .text.HAL_NVIC_SetPriority
                0x0000000008009182       0x38 ./Drivers/STM32F1xx_HAL_Driver/Src/stm32f1xx_hal_cortex.o
                0x0000000008009182                HAL_NVIC_SetPriority
 .text.HAL_NVIC_EnableIRQ
                0x00000000080091ba       0x1c ./Drivers/STM32F1xx_HAL_Driver/Src/stm32f1xx_hal_cortex.o
                0x00000000080091ba                HAL_NVIC_EnableIRQ
 .text.HAL_SYSTICK_Config
                0x00000000080091d6       0x18 ./Drivers/STM32F1xx_HAL_Driver/Src/stm32f1xx_hal_cortex.o
                0x00000000080091d6                HAL_SYSTICK_Config
 *fill*         0x00000000080091ee        0x2 
 .text.HAL_SYSTICK_CLKSourceConfig
                0x00000000080091f0       0x38 ./Drivers/STM32F1xx_HAL_Driver/Src/stm32f1xx_hal_cortex.o
                0x00000000080091f0                HAL_SYSTICK_CLKSourceConfig
 .text.HAL_GPIO_Init
                0x0000000008009228      0x328 ./Drivers/STM32F1xx_HAL_Driver/Src/stm32f1xx_hal_gpio.o
                0x0000000008009228                HAL_GPIO_Init
 .text.HAL_GPIO_ReadPin
                0x0000000008009550       0x2e ./Drivers/STM32F1xx_HAL_Driver/Src/stm32f1xx_hal_gpio.o
                0x0000000008009550                HAL_GPIO_ReadPin
 .text.HAL_GPIO_WritePin
                0x000000000800957e       0x30 ./Drivers/STM32F1xx_HAL_Driver/Src/stm32f1xx_hal_gpio.o
                0x000000000800957e                HAL_GPIO_WritePin
 *fill*         0x00000000080095ae        0x2 
 .text.HAL_GPIO_EXTI_IRQHandler
                0x00000000080095b0       0x30 ./Drivers/STM32F1xx_HAL_Driver/Src/stm32f1xx_hal_gpio.o
                0x00000000080095b0                HAL_GPIO_EXTI_IRQHandler
 .text.HAL_RCC_OscConfig
                0x00000000080095e0      0x504 ./Drivers/STM32F1xx_HAL_Driver/Src/stm32f1xx_hal_rcc.o
                0x00000000080095e0                HAL_RCC_OscConfig
 .text.HAL_RCC_ClockConfig
                0x0000000008009ae4      0x1d4 ./Drivers/STM32F1xx_HAL_Driver/Src/stm32f1xx_hal_rcc.o
                0x0000000008009ae4                HAL_RCC_ClockConfig
 .text.HAL_RCC_GetSysClockFreq
                0x0000000008009cb8       0xbc ./Drivers/STM32F1xx_HAL_Driver/Src/stm32f1xx_hal_rcc.o
                0x0000000008009cb8                HAL_RCC_GetSysClockFreq
 .text.HAL_RCC_GetHCLKFreq
                0x0000000008009d74       0x14 ./Drivers/STM32F1xx_HAL_Driver/Src/stm32f1xx_hal_rcc.o
                0x0000000008009d74                HAL_RCC_GetHCLKFreq
 .text.HAL_RCC_GetPCLK1Freq
                0x0000000008009d88       0x28 ./Drivers/STM32F1xx_HAL_Driver/Src/stm32f1xx_hal_rcc.o
                0x0000000008009d88                HAL_RCC_GetPCLK1Freq
 .text.HAL_RCC_GetPCLK2Freq
                0x0000000008009db0       0x28 ./Drivers/STM32F1xx_HAL_Driver/Src/stm32f1xx_hal_rcc.o
                0x0000000008009db0                HAL_RCC_GetPCLK2Freq
 .text.RCC_Delay
                0x0000000008009dd8       0x3c ./Drivers/STM32F1xx_HAL_Driver/Src/stm32f1xx_hal_rcc.o
 .text.HAL_SPI_Init
                0x0000000008009e14      0x108 ./Drivers/STM32F1xx_HAL_Driver/Src/stm32f1xx_hal_spi.o
                0x0000000008009e14                HAL_SPI_Init
 .text.HAL_UART_Init
                0x0000000008009f1c       0x9a ./Drivers/STM32F1xx_HAL_Driver/Src/stm32f1xx_hal_uart.o
                0x0000000008009f1c                HAL_UART_Init
 .text.HAL_UART_Transmit
                0x0000000008009fb6      0x124 ./Drivers/STM32F1xx_HAL_Driver/Src/stm32f1xx_hal_uart.o
                0x0000000008009fb6                HAL_UART_Transmit
 .text.UART_WaitOnFlagUntilTimeout
                0x000000000800a0da       0x94 ./Drivers/STM32F1xx_HAL_Driver/Src/stm32f1xx_hal_uart.o
 *fill*         0x000000000800a16e        0x2 
 .text.UART_SetConfig
                0x000000000800a170      0x11c ./Drivers/STM32F1xx_HAL_Driver/Src/stm32f1xx_hal_uart.o
 .text.std      0x000000000800a28c       0x6c D:/software/STM32CubeIDE_1.13.2/STM32CubeIDE/plugins/com.st.stm32cube.ide.mcu.externaltools.gnu-tools-for-stm32.11.3.rel1.win32_1.1.1.202309131626/tools/bin/../lib/gcc/arm-none-eabi/11.3.1/../../../../arm-none-eabi/lib/thumb/v7-m/nofp\libc_nano.a(libc_a-findfp.o)
 .text.stdio_exit_handler
                0x000000000800a2f8       0x18 D:/software/STM32CubeIDE_1.13.2/STM32CubeIDE/plugins/com.st.stm32cube.ide.mcu.externaltools.gnu-tools-for-stm32.11.3.rel1.win32_1.1.1.202309131626/tools/bin/../lib/gcc/arm-none-eabi/11.3.1/../../../../arm-none-eabi/lib/thumb/v7-m/nofp\libc_nano.a(libc_a-findfp.o)
 .text.cleanup_stdio
                0x000000000800a310       0x40 D:/software/STM32CubeIDE_1.13.2/STM32CubeIDE/plugins/com.st.stm32cube.ide.mcu.externaltools.gnu-tools-for-stm32.11.3.rel1.win32_1.1.1.202309131626/tools/bin/../lib/gcc/arm-none-eabi/11.3.1/../../../../arm-none-eabi/lib/thumb/v7-m/nofp\libc_nano.a(libc_a-findfp.o)
 .text.global_stdio_init.part.0
                0x000000000800a350       0x3c D:/software/STM32CubeIDE_1.13.2/STM32CubeIDE/plugins/com.st.stm32cube.ide.mcu.externaltools.gnu-tools-for-stm32.11.3.rel1.win32_1.1.1.202309131626/tools/bin/../lib/gcc/arm-none-eabi/11.3.1/../../../../arm-none-eabi/lib/thumb/v7-m/nofp\libc_nano.a(libc_a-findfp.o)
 .text.__sfp_lock_acquire
                0x000000000800a38c        0xc D:/software/STM32CubeIDE_1.13.2/STM32CubeIDE/plugins/com.st.stm32cube.ide.mcu.externaltools.gnu-tools-for-stm32.11.3.rel1.win32_1.1.1.202309131626/tools/bin/../lib/gcc/arm-none-eabi/11.3.1/../../../../arm-none-eabi/lib/thumb/v7-m/nofp\libc_nano.a(libc_a-findfp.o)
                0x000000000800a38c                __sfp_lock_acquire
 .text.__sfp_lock_release
                0x000000000800a398        0xc D:/software/STM32CubeIDE_1.13.2/STM32CubeIDE/plugins/com.st.stm32cube.ide.mcu.externaltools.gnu-tools-for-stm32.11.3.rel1.win32_1.1.1.202309131626/tools/bin/../lib/gcc/arm-none-eabi/11.3.1/../../../../arm-none-eabi/lib/thumb/v7-m/nofp\libc_nano.a(libc_a-findfp.o)
                0x000000000800a398                __sfp_lock_release
 .text.__sinit  0x000000000800a3a4       0x30 D:/software/STM32CubeIDE_1.13.2/STM32CubeIDE/plugins/com.st.stm32cube.ide.mcu.externaltools.gnu-tools-for-stm32.11.3.rel1.win32_1.1.1.202309131626/tools/bin/../lib/gcc/arm-none-eabi/11.3.1/../../../../arm-none-eabi/lib/thumb/v7-m/nofp\libc_nano.a(libc_a-findfp.o)
                0x000000000800a3a4                __sinit
 .text._fwalk_sglue
                0x000000000800a3d4       0x3c D:/software/STM32CubeIDE_1.13.2/STM32CubeIDE/plugins/com.st.stm32cube.ide.mcu.externaltools.gnu-tools-for-stm32.11.3.rel1.win32_1.1.1.202309131626/tools/bin/../lib/gcc/arm-none-eabi/11.3.1/../../../../arm-none-eabi/lib/thumb/v7-m/nofp\libc_nano.a(libc_a-fwalk.o)
                0x000000000800a3d4                _fwalk_sglue
 .text.printf   0x000000000800a410       0x24 D:/software/STM32CubeIDE_1.13.2/STM32CubeIDE/plugins/com.st.stm32cube.ide.mcu.externaltools.gnu-tools-for-stm32.11.3.rel1.win32_1.1.1.202309131626/tools/bin/../lib/gcc/arm-none-eabi/11.3.1/../../../../arm-none-eabi/lib/thumb/v7-m/nofp\libc_nano.a(libc_a-printf.o)
                0x000000000800a410                iprintf
                0x000000000800a410                printf
 .text.sprintf  0x000000000800a434       0x40 D:/software/STM32CubeIDE_1.13.2/STM32CubeIDE/plugins/com.st.stm32cube.ide.mcu.externaltools.gnu-tools-for-stm32.11.3.rel1.win32_1.1.1.202309131626/tools/bin/../lib/gcc/arm-none-eabi/11.3.1/../../../../arm-none-eabi/lib/thumb/v7-m/nofp\libc_nano.a(libc_a-sprintf.o)
                0x000000000800a434                siprintf
                0x000000000800a434                sprintf
 .text.__sread  0x000000000800a474       0x22 D:/software/STM32CubeIDE_1.13.2/STM32CubeIDE/plugins/com.st.stm32cube.ide.mcu.externaltools.gnu-tools-for-stm32.11.3.rel1.win32_1.1.1.202309131626/tools/bin/../lib/gcc/arm-none-eabi/11.3.1/../../../../arm-none-eabi/lib/thumb/v7-m/nofp\libc_nano.a(libc_a-stdio.o)
                0x000000000800a474                __sread
 .text.__swrite
                0x000000000800a496       0x38 D:/software/STM32CubeIDE_1.13.2/STM32CubeIDE/plugins/com.st.stm32cube.ide.mcu.externaltools.gnu-tools-for-stm32.11.3.rel1.win32_1.1.1.202309131626/tools/bin/../lib/gcc/arm-none-eabi/11.3.1/../../../../arm-none-eabi/lib/thumb/v7-m/nofp\libc_nano.a(libc_a-stdio.o)
                0x000000000800a496                __swrite
 .text.__sseek  0x000000000800a4ce       0x24 D:/software/STM32CubeIDE_1.13.2/STM32CubeIDE/plugins/com.st.stm32cube.ide.mcu.externaltools.gnu-tools-for-stm32.11.3.rel1.win32_1.1.1.202309131626/tools/bin/../lib/gcc/arm-none-eabi/11.3.1/../../../../arm-none-eabi/lib/thumb/v7-m/nofp\libc_nano.a(libc_a-stdio.o)
                0x000000000800a4ce                __sseek
 .text.__sclose
                0x000000000800a4f2        0x8 D:/software/STM32CubeIDE_1.13.2/STM32CubeIDE/plugins/com.st.stm32cube.ide.mcu.externaltools.gnu-tools-for-stm32.11.3.rel1.win32_1.1.1.202309131626/tools/bin/../lib/gcc/arm-none-eabi/11.3.1/../../../../arm-none-eabi/lib/thumb/v7-m/nofp\libc_nano.a(libc_a-stdio.o)
                0x000000000800a4f2                __sclose
 .text.memset   0x000000000800a4fa       0x10 D:/software/STM32CubeIDE_1.13.2/STM32CubeIDE/plugins/com.st.stm32cube.ide.mcu.externaltools.gnu-tools-for-stm32.11.3.rel1.win32_1.1.1.202309131626/tools/bin/../lib/gcc/arm-none-eabi/11.3.1/../../../../arm-none-eabi/lib/thumb/v7-m/nofp\libc_nano.a(libc_a-memset.o)
                0x000000000800a4fa                memset
 *fill*         0x000000000800a50a        0x2 
 .text._close_r
                0x000000000800a50c       0x20 D:/software/STM32CubeIDE_1.13.2/STM32CubeIDE/plugins/com.st.stm32cube.ide.mcu.externaltools.gnu-tools-for-stm32.11.3.rel1.win32_1.1.1.202309131626/tools/bin/../lib/gcc/arm-none-eabi/11.3.1/../../../../arm-none-eabi/lib/thumb/v7-m/nofp\libc_nano.a(libc_a-closer.o)
                0x000000000800a50c                _close_r
 .text._lseek_r
                0x000000000800a52c       0x24 D:/software/STM32CubeIDE_1.13.2/STM32CubeIDE/plugins/com.st.stm32cube.ide.mcu.externaltools.gnu-tools-for-stm32.11.3.rel1.win32_1.1.1.202309131626/tools/bin/../lib/gcc/arm-none-eabi/11.3.1/../../../../arm-none-eabi/lib/thumb/v7-m/nofp\libc_nano.a(libc_a-lseekr.o)
                0x000000000800a52c                _lseek_r
 .text._read_r  0x000000000800a550       0x24 D:/software/STM32CubeIDE_1.13.2/STM32CubeIDE/plugins/com.st.stm32cube.ide.mcu.externaltools.gnu-tools-for-stm32.11.3.rel1.win32_1.1.1.202309131626/tools/bin/../lib/gcc/arm-none-eabi/11.3.1/../../../../arm-none-eabi/lib/thumb/v7-m/nofp\libc_nano.a(libc_a-readr.o)
                0x000000000800a550                _read_r
 .text._write_r
                0x000000000800a574       0x24 D:/software/STM32CubeIDE_1.13.2/STM32CubeIDE/plugins/com.st.stm32cube.ide.mcu.externaltools.gnu-tools-for-stm32.11.3.rel1.win32_1.1.1.202309131626/tools/bin/../lib/gcc/arm-none-eabi/11.3.1/../../../../arm-none-eabi/lib/thumb/v7-m/nofp\libc_nano.a(libc_a-writer.o)
                0x000000000800a574                _write_r
 .text.__errno  0x000000000800a598        0xc D:/software/STM32CubeIDE_1.13.2/STM32CubeIDE/plugins/com.st.stm32cube.ide.mcu.externaltools.gnu-tools-for-stm32.11.3.rel1.win32_1.1.1.202309131626/tools/bin/../lib/gcc/arm-none-eabi/11.3.1/../../../../arm-none-eabi/lib/thumb/v7-m/nofp\libc_nano.a(libc_a-errno.o)
                0x000000000800a598                __errno
 .text.__libc_init_array
                0x000000000800a5a4       0x48 D:/software/STM32CubeIDE_1.13.2/STM32CubeIDE/plugins/com.st.stm32cube.ide.mcu.externaltools.gnu-tools-for-stm32.11.3.rel1.win32_1.1.1.202309131626/tools/bin/../lib/gcc/arm-none-eabi/11.3.1/../../../../arm-none-eabi/lib/thumb/v7-m/nofp\libc_nano.a(libc_a-init.o)
                0x000000000800a5a4                __libc_init_array
 .text.__retarget_lock_init_recursive
                0x000000000800a5ec        0x2 D:/software/STM32CubeIDE_1.13.2/STM32CubeIDE/plugins/com.st.stm32cube.ide.mcu.externaltools.gnu-tools-for-stm32.11.3.rel1.win32_1.1.1.202309131626/tools/bin/../lib/gcc/arm-none-eabi/11.3.1/../../../../arm-none-eabi/lib/thumb/v7-m/nofp\libc_nano.a(libc_a-lock.o)
                0x000000000800a5ec                __retarget_lock_init_recursive
 .text.__retarget_lock_acquire_recursive
                0x000000000800a5ee        0x2 D:/software/STM32CubeIDE_1.13.2/STM32CubeIDE/plugins/com.st.stm32cube.ide.mcu.externaltools.gnu-tools-for-stm32.11.3.rel1.win32_1.1.1.202309131626/tools/bin/../lib/gcc/arm-none-eabi/11.3.1/../../../../arm-none-eabi/lib/thumb/v7-m/nofp\libc_nano.a(libc_a-lock.o)
                0x000000000800a5ee                __retarget_lock_acquire_recursive
 .text.__retarget_lock_release_recursive
                0x000000000800a5f0        0x2 D:/software/STM32CubeIDE_1.13.2/STM32CubeIDE/plugins/com.st.stm32cube.ide.mcu.externaltools.gnu-tools-for-stm32.11.3.rel1.win32_1.1.1.202309131626/tools/bin/../lib/gcc/arm-none-eabi/11.3.1/../../../../arm-none-eabi/lib/thumb/v7-m/nofp\libc_nano.a(libc_a-lock.o)
                0x000000000800a5f0                __retarget_lock_release_recursive
 *fill*         0x000000000800a5f2        0x2 
 .text._free_r  0x000000000800a5f4       0x90 D:/software/STM32CubeIDE_1.13.2/STM32CubeIDE/plugins/com.st.stm32cube.ide.mcu.externaltools.gnu-tools-for-stm32.11.3.rel1.win32_1.1.1.202309131626/tools/bin/../lib/gcc/arm-none-eabi/11.3.1/../../../../arm-none-eabi/lib/thumb/v7-m/nofp\libc_nano.a(libc_a-freer.o)
                0x000000000800a5f4                _free_r
 .text.sbrk_aligned
                0x000000000800a684       0x40 D:/software/STM32CubeIDE_1.13.2/STM32CubeIDE/plugins/com.st.stm32cube.ide.mcu.externaltools.gnu-tools-for-stm32.11.3.rel1.win32_1.1.1.202309131626/tools/bin/../lib/gcc/arm-none-eabi/11.3.1/../../../../arm-none-eabi/lib/thumb/v7-m/nofp\libc_nano.a(libc_a-mallocr.o)
 .text._malloc_r
                0x000000000800a6c4      0x100 D:/software/STM32CubeIDE_1.13.2/STM32CubeIDE/plugins/com.st.stm32cube.ide.mcu.externaltools.gnu-tools-for-stm32.11.3.rel1.win32_1.1.1.202309131626/tools/bin/../lib/gcc/arm-none-eabi/11.3.1/../../../../arm-none-eabi/lib/thumb/v7-m/nofp\libc_nano.a(libc_a-mallocr.o)
                0x000000000800a6c4                _malloc_r
 .text.__malloc_lock
                0x000000000800a7c4        0xc D:/software/STM32CubeIDE_1.13.2/STM32CubeIDE/plugins/com.st.stm32cube.ide.mcu.externaltools.gnu-tools-for-stm32.11.3.rel1.win32_1.1.1.202309131626/tools/bin/../lib/gcc/arm-none-eabi/11.3.1/../../../../arm-none-eabi/lib/thumb/v7-m/nofp\libc_nano.a(libc_a-mlock.o)
                0x000000000800a7c4                __malloc_lock
 .text.__malloc_unlock
                0x000000000800a7d0        0xc D:/software/STM32CubeIDE_1.13.2/STM32CubeIDE/plugins/com.st.stm32cube.ide.mcu.externaltools.gnu-tools-for-stm32.11.3.rel1.win32_1.1.1.202309131626/tools/bin/../lib/gcc/arm-none-eabi/11.3.1/../../../../arm-none-eabi/lib/thumb/v7-m/nofp\libc_nano.a(libc_a-mlock.o)
                0x000000000800a7d0                __malloc_unlock
 .text.__ssputs_r
                0x000000000800a7dc       0xb4 D:/software/STM32CubeIDE_1.13.2/STM32CubeIDE/plugins/com.st.stm32cube.ide.mcu.externaltools.gnu-tools-for-stm32.11.3.rel1.win32_1.1.1.202309131626/tools/bin/../lib/gcc/arm-none-eabi/11.3.1/../../../../arm-none-eabi/lib/thumb/v7-m/nofp\libc_nano.a(libc_a-nano-svfprintf.o)
                0x000000000800a7dc                __ssputs_r
 .text._svfprintf_r
                0x000000000800a890      0x1fc D:/software/STM32CubeIDE_1.13.2/STM32CubeIDE/plugins/com.st.stm32cube.ide.mcu.externaltools.gnu-tools-for-stm32.11.3.rel1.win32_1.1.1.202309131626/tools/bin/../lib/gcc/arm-none-eabi/11.3.1/../../../../arm-none-eabi/lib/thumb/v7-m/nofp\libc_nano.a(libc_a-nano-svfprintf.o)
                0x000000000800a890                _svfiprintf_r
                0x000000000800a890                _svfprintf_r
 .text.__sfputc_r
                0x000000000800aa8c       0x2a D:/software/STM32CubeIDE_1.13.2/STM32CubeIDE/plugins/com.st.stm32cube.ide.mcu.externaltools.gnu-tools-for-stm32.11.3.rel1.win32_1.1.1.202309131626/tools/bin/../lib/gcc/arm-none-eabi/11.3.1/../../../../arm-none-eabi/lib/thumb/v7-m/nofp\libc_nano.a(libc_a-nano-vfprintf.o)
 .text.__sfputs_r
                0x000000000800aab6       0x24 D:/software/STM32CubeIDE_1.13.2/STM32CubeIDE/plugins/com.st.stm32cube.ide.mcu.externaltools.gnu-tools-for-stm32.11.3.rel1.win32_1.1.1.202309131626/tools/bin/../lib/gcc/arm-none-eabi/11.3.1/../../../../arm-none-eabi/lib/thumb/v7-m/nofp\libc_nano.a(libc_a-nano-vfprintf.o)
                0x000000000800aab6                __sfputs_r
 *fill*         0x000000000800aada        0x2 
 .text._vfprintf_r
                0x000000000800aadc      0x234 D:/software/STM32CubeIDE_1.13.2/STM32CubeIDE/plugins/com.st.stm32cube.ide.mcu.externaltools.gnu-tools-for-stm32.11.3.rel1.win32_1.1.1.202309131626/tools/bin/../lib/gcc/arm-none-eabi/11.3.1/../../../../arm-none-eabi/lib/thumb/v7-m/nofp\libc_nano.a(libc_a-nano-vfprintf.o)
                0x000000000800aadc                _vfprintf_r
                0x000000000800aadc                _vfiprintf_r
 .text._printf_common
                0x000000000800ad10       0xe4 D:/software/STM32CubeIDE_1.13.2/STM32CubeIDE/plugins/com.st.stm32cube.ide.mcu.externaltools.gnu-tools-for-stm32.11.3.rel1.win32_1.1.1.202309131626/tools/bin/../lib/gcc/arm-none-eabi/11.3.1/../../../../arm-none-eabi/lib/thumb/v7-m/nofp\libc_nano.a(libc_a-nano-vfprintf_i.o)
                0x000000000800ad10                _printf_common
 .text._printf_i
                0x000000000800adf4      0x244 D:/software/STM32CubeIDE_1.13.2/STM32CubeIDE/plugins/com.st.stm32cube.ide.mcu.externaltools.gnu-tools-for-stm32.11.3.rel1.win32_1.1.1.202309131626/tools/bin/../lib/gcc/arm-none-eabi/11.3.1/../../../../arm-none-eabi/lib/thumb/v7-m/nofp\libc_nano.a(libc_a-nano-vfprintf_i.o)
                0x000000000800adf4                _printf_i
 .text.__sflush_r
                0x000000000800b038      0x104 D:/software/STM32CubeIDE_1.13.2/STM32CubeIDE/plugins/com.st.stm32cube.ide.mcu.externaltools.gnu-tools-for-stm32.11.3.rel1.win32_1.1.1.202309131626/tools/bin/../lib/gcc/arm-none-eabi/11.3.1/../../../../arm-none-eabi/lib/thumb/v7-m/nofp\libc_nano.a(libc_a-fflush.o)
                0x000000000800b038                __sflush_r
 .text._fflush_r
                0x000000000800b13c       0x50 D:/software/STM32CubeIDE_1.13.2/STM32CubeIDE/plugins/com.st.stm32cube.ide.mcu.externaltools.gnu-tools-for-stm32.11.3.rel1.win32_1.1.1.202309131626/tools/bin/../lib/gcc/arm-none-eabi/11.3.1/../../../../arm-none-eabi/lib/thumb/v7-m/nofp\libc_nano.a(libc_a-fflush.o)
                0x000000000800b13c                _fflush_r
 .text.__swbuf_r
                0x000000000800b18c       0x7a D:/software/STM32CubeIDE_1.13.2/STM32CubeIDE/plugins/com.st.stm32cube.ide.mcu.externaltools.gnu-tools-for-stm32.11.3.rel1.win32_1.1.1.202309131626/tools/bin/../lib/gcc/arm-none-eabi/11.3.1/../../../../arm-none-eabi/lib/thumb/v7-m/nofp\libc_nano.a(libc_a-wbuf.o)
                0x000000000800b18c                __swbuf_r
 *fill*         0x000000000800b206        0x2 
 .text.__swsetup_r
                0x000000000800b208       0xb0 D:/software/STM32CubeIDE_1.13.2/STM32CubeIDE/plugins/com.st.stm32cube.ide.mcu.externaltools.gnu-tools-for-stm32.11.3.rel1.win32_1.1.1.202309131626/tools/bin/../lib/gcc/arm-none-eabi/11.3.1/../../../../arm-none-eabi/lib/thumb/v7-m/nofp\libc_nano.a(libc_a-wsetup.o)
                0x000000000800b208                __swsetup_r
 .text.memmove  0x000000000800b2b8       0x34 D:/software/STM32CubeIDE_1.13.2/STM32CubeIDE/plugins/com.st.stm32cube.ide.mcu.externaltools.gnu-tools-for-stm32.11.3.rel1.win32_1.1.1.202309131626/tools/bin/../lib/gcc/arm-none-eabi/11.3.1/../../../../arm-none-eabi/lib/thumb/v7-m/nofp\libc_nano.a(libc_a-memmove.o)
                0x000000000800b2b8                memmove
 .text._sbrk_r  0x000000000800b2ec       0x20 D:/software/STM32CubeIDE_1.13.2/STM32CubeIDE/plugins/com.st.stm32cube.ide.mcu.externaltools.gnu-tools-for-stm32.11.3.rel1.win32_1.1.1.202309131626/tools/bin/../lib/gcc/arm-none-eabi/11.3.1/../../../../arm-none-eabi/lib/thumb/v7-m/nofp\libc_nano.a(libc_a-sbrkr.o)
                0x000000000800b2ec                _sbrk_r
 .text.memchr   0x000000000800b30c       0x1c D:/software/STM32CubeIDE_1.13.2/STM32CubeIDE/plugins/com.st.stm32cube.ide.mcu.externaltools.gnu-tools-for-stm32.11.3.rel1.win32_1.1.1.202309131626/tools/bin/../lib/gcc/arm-none-eabi/11.3.1/../../../../arm-none-eabi/lib/thumb/v7-m/nofp\libc_nano.a(libc_a-memchr-stub.o)
                0x000000000800b30c                memchr
 .text.memcpy   0x000000000800b328       0x1c D:/software/STM32CubeIDE_1.13.2/STM32CubeIDE/plugins/com.st.stm32cube.ide.mcu.externaltools.gnu-tools-for-stm32.11.3.rel1.win32_1.1.1.202309131626/tools/bin/../lib/gcc/arm-none-eabi/11.3.1/../../../../arm-none-eabi/lib/thumb/v7-m/nofp\libc_nano.a(libc_a-memcpy-stub.o)
                0x000000000800b328                memcpy
 .text._realloc_r
                0x000000000800b344       0x5e D:/software/STM32CubeIDE_1.13.2/STM32CubeIDE/plugins/com.st.stm32cube.ide.mcu.externaltools.gnu-tools-for-stm32.11.3.rel1.win32_1.1.1.202309131626/tools/bin/../lib/gcc/arm-none-eabi/11.3.1/../../../../arm-none-eabi/lib/thumb/v7-m/nofp\libc_nano.a(libc_a-reallocr.o)
                0x000000000800b344                _realloc_r
 .text.__swhatbuf_r
                0x000000000800b3a2       0x4a D:/software/STM32CubeIDE_1.13.2/STM32CubeIDE/plugins/com.st.stm32cube.ide.mcu.externaltools.gnu-tools-for-stm32.11.3.rel1.win32_1.1.1.202309131626/tools/bin/../lib/gcc/arm-none-eabi/11.3.1/../../../../arm-none-eabi/lib/thumb/v7-m/nofp\libc_nano.a(libc_a-makebuf.o)
                0x000000000800b3a2                __swhatbuf_r
 .text.__smakebuf_r
                0x000000000800b3ec       0x78 D:/software/STM32CubeIDE_1.13.2/STM32CubeIDE/plugins/com.st.stm32cube.ide.mcu.externaltools.gnu-tools-for-stm32.11.3.rel1.win32_1.1.1.202309131626/tools/bin/../lib/gcc/arm-none-eabi/11.3.1/../../../../arm-none-eabi/lib/thumb/v7-m/nofp\libc_nano.a(libc_a-makebuf.o)
                0x000000000800b3ec                __smakebuf_r
 .text._fstat_r
                0x000000000800b464       0x24 D:/software/STM32CubeIDE_1.13.2/STM32CubeIDE/plugins/com.st.stm32cube.ide.mcu.externaltools.gnu-tools-for-stm32.11.3.rel1.win32_1.1.1.202309131626/tools/bin/../lib/gcc/arm-none-eabi/11.3.1/../../../../arm-none-eabi/lib/thumb/v7-m/nofp\libc_nano.a(libc_a-fstatr.o)
                0x000000000800b464                _fstat_r
 .text._isatty_r
                0x000000000800b488       0x20 D:/software/STM32CubeIDE_1.13.2/STM32CubeIDE/plugins/com.st.stm32cube.ide.mcu.externaltools.gnu-tools-for-stm32.11.3.rel1.win32_1.1.1.202309131626/tools/bin/../lib/gcc/arm-none-eabi/11.3.1/../../../../arm-none-eabi/lib/thumb/v7-m/nofp\libc_nano.a(libc_a-isattyr.o)
                0x000000000800b488                _isatty_r
 .text._malloc_usable_size_r
                0x000000000800b4a8       0x10 D:/software/STM32CubeIDE_1.13.2/STM32CubeIDE/plugins/com.st.stm32cube.ide.mcu.externaltools.gnu-tools-for-stm32.11.3.rel1.win32_1.1.1.202309131626/tools/bin/../lib/gcc/arm-none-eabi/11.3.1/../../../../arm-none-eabi/lib/thumb/v7-m/nofp\libc_nano.a(libc_a-msizer.o)
                0x000000000800b4a8                _malloc_usable_size_r
 .text.sqrt     0x000000000800b4b8       0x48 D:/software/STM32CubeIDE_1.13.2/STM32CubeIDE/plugins/com.st.stm32cube.ide.mcu.externaltools.gnu-tools-for-stm32.11.3.rel1.win32_1.1.1.202309131626/tools/bin/../lib/gcc/arm-none-eabi/11.3.1/../../../../arm-none-eabi/lib/thumb/v7-m/nofp\libm.a(libm_a-w_sqrt.o)
                0x000000000800b4b8                sqrt
 .text.__ieee754_sqrt
                0x000000000800b500      0x1b0 D:/software/STM32CubeIDE_1.13.2/STM32CubeIDE/plugins/com.st.stm32cube.ide.mcu.externaltools.gnu-tools-for-stm32.11.3.rel1.win32_1.1.1.202309131626/tools/bin/../lib/gcc/arm-none-eabi/11.3.1/../../../../arm-none-eabi/lib/thumb/v7-m/nofp\libm.a(libm_a-e_sqrt.o)
                0x000000000800b500                __ieee754_sqrt
 *(.glue_7)
 .glue_7        0x000000000800b6b0        0x0 linker stubs
 *(.glue_7t)
 .glue_7t       0x000000000800b6b0        0x0 linker stubs
 *(.eh_frame)
 .eh_frame      0x000000000800b6b0        0x0 D:/software/STM32CubeIDE_1.13.2/STM32CubeIDE/plugins/com.st.stm32cube.ide.mcu.externaltools.gnu-tools-for-stm32.11.3.rel1.win32_1.1.1.202309131626/tools/bin/../lib/gcc/arm-none-eabi/11.3.1/thumb/v7-m/nofp/crtbegin.o
 *(.init)
 .init          0x000000000800b6b0        0x4 D:/software/STM32CubeIDE_1.13.2/STM32CubeIDE/plugins/com.st.stm32cube.ide.mcu.externaltools.gnu-tools-for-stm32.11.3.rel1.win32_1.1.1.202309131626/tools/bin/../lib/gcc/arm-none-eabi/11.3.1/thumb/v7-m/nofp/crti.o
                0x000000000800b6b0                _init
 .init          0x000000000800b6b4        0x8 D:/software/STM32CubeIDE_1.13.2/STM32CubeIDE/plugins/com.st.stm32cube.ide.mcu.externaltools.gnu-tools-for-stm32.11.3.rel1.win32_1.1.1.202309131626/tools/bin/../lib/gcc/arm-none-eabi/11.3.1/thumb/v7-m/nofp/crtn.o
 *(.fini)
 .fini          0x000000000800b6bc        0x4 D:/software/STM32CubeIDE_1.13.2/STM32CubeIDE/plugins/com.st.stm32cube.ide.mcu.externaltools.gnu-tools-for-stm32.11.3.rel1.win32_1.1.1.202309131626/tools/bin/../lib/gcc/arm-none-eabi/11.3.1/thumb/v7-m/nofp/crti.o
                0x000000000800b6bc                _fini
 .fini          0x000000000800b6c0        0x8 D:/software/STM32CubeIDE_1.13.2/STM32CubeIDE/plugins/com.st.stm32cube.ide.mcu.externaltools.gnu-tools-for-stm32.11.3.rel1.win32_1.1.1.202309131626/tools/bin/../lib/gcc/arm-none-eabi/11.3.1/thumb/v7-m/nofp/crtn.o
                0x000000000800b6c8                . = ALIGN (0x4)
                0x000000000800b6c8                _etext = .

.vfp11_veneer   0x000000000800b6c8        0x0
 .vfp11_veneer  0x000000000800b6c8        0x0 linker stubs

.v4_bx          0x000000000800b6c8        0x0
 .v4_bx         0x000000000800b6c8        0x0 linker stubs

.iplt           0x000000000800b6c8        0x0
 .iplt          0x000000000800b6c8        0x0 D:/software/STM32CubeIDE_1.13.2/STM32CubeIDE/plugins/com.st.stm32cube.ide.mcu.externaltools.gnu-tools-for-stm32.11.3.rel1.win32_1.1.1.202309131626/tools/bin/../lib/gcc/arm-none-eabi/11.3.1/thumb/v7-m/nofp/crtbegin.o

.rodata         0x000000000800b6c8    0x234a4
                0x000000000800b6c8                . = ALIGN (0x4)
 *(.rodata)
 .rodata        0x000000000800b6c8        0xc ./Core/Src/ft5206.o
 .rodata        0x000000000800b6d4       0x25 ./Core/Src/gt9147.o
 *fill*         0x000000000800b6f9        0x3 
 .rodata        0x000000000800b6fc        0xd ./Core/Src/lcd.o
 *fill*         0x000000000800b709        0x3 
 .rodata        0x000000000800b70c       0x91 ./Core/Src/main.o
 *fill*         0x000000000800b79d        0x3 
 .rodata        0x000000000800b7a0        0xc ./Core/Src/ott2001a.o
 .rodata        0x000000000800b7ac       0xd0 ./Core/Src/touch.o
 .rodata        0x000000000800b87c       0x10 ./Drivers/STM32F1xx_HAL_Driver/Src/stm32f1xx_hal_rcc.o
 *(.rodata*)
 .rodata.FT5206_TPX_TBL
                0x000000000800b88c        0xa ./Core/Src/ft5206.o
                0x000000000800b88c                FT5206_TPX_TBL
 *fill*         0x000000000800b896        0x2 
 .rodata.GT9147_CFG_TBL
                0x000000000800b898       0xb8 ./Core/Src/gt9147.o
                0x000000000800b898                GT9147_CFG_TBL
 .rodata.GT9147_TPX_TBL
                0x000000000800b950        0xa ./Core/Src/gt9147.o
                0x000000000800b950                GT9147_TPX_TBL
 *fill*         0x000000000800b95a        0x2 
 .rodata.asc2_1206
                0x000000000800b95c      0x474 ./Core/Src/lcd.o
                0x000000000800b95c                asc2_1206
 .rodata.asc2_1608
                0x000000000800bdd0      0x5f0 ./Core/Src/lcd.o
                0x000000000800bdd0                asc2_1608
 .rodata.asc2_2412
                0x000000000800c3c0      0xd5c ./Core/Src/lcd.o
                0x000000000800c3c0                asc2_2412
 .rodata.warning_img2
                0x000000000800d11c     0x57e4 ./Core/Src/lcd.o
                0x000000000800d11c                warning_img2
 .rodata.gImage_picture
                0x0000000008012900    0x1c208 ./Core/Src/main.o
                0x0000000008012900                gImage_picture
 .rodata.POINT_COLOR_TBL
                0x000000000802eb08        0xa ./Core/Src/main.o
                0x000000000802eb08                POINT_COLOR_TBL
 *fill*         0x000000000802eb12        0x2 
 .rodata.OTT_TPX_TBL
                0x000000000802eb14        0xa ./Core/Src/ott2001a.o
                0x000000000802eb14                OTT_TPX_TBL
 *fill*         0x000000000802eb1e        0x2 
 .rodata.AHBPrescTable
                0x000000000802eb20       0x10 ./Core/Src/system_stm32f1xx.o
                0x000000000802eb20                AHBPrescTable
 .rodata.APBPrescTable
                0x000000000802eb30        0x8 ./Core/Src/system_stm32f1xx.o
                0x000000000802eb30                APBPrescTable
 .rodata._svfprintf_r.str1.1
                0x000000000802eb38       0x11 D:/software/STM32CubeIDE_1.13.2/STM32CubeIDE/plugins/com.st.stm32cube.ide.mcu.externaltools.gnu-tools-for-stm32.11.3.rel1.win32_1.1.1.202309131626/tools/bin/../lib/gcc/arm-none-eabi/11.3.1/../../../../arm-none-eabi/lib/thumb/v7-m/nofp\libc_nano.a(libc_a-nano-svfprintf.o)
 .rodata._vfprintf_r.str1.1
                0x000000000802eb49       0x11 D:/software/STM32CubeIDE_1.13.2/STM32CubeIDE/plugins/com.st.stm32cube.ide.mcu.externaltools.gnu-tools-for-stm32.11.3.rel1.win32_1.1.1.202309131626/tools/bin/../lib/gcc/arm-none-eabi/11.3.1/../../../../arm-none-eabi/lib/thumb/v7-m/nofp\libc_nano.a(libc_a-nano-vfprintf.o)
 .rodata._printf_i.str1.1
                0x000000000802eb49       0x22 D:/software/STM32CubeIDE_1.13.2/STM32CubeIDE/plugins/com.st.stm32cube.ide.mcu.externaltools.gnu-tools-for-stm32.11.3.rel1.win32_1.1.1.202309131626/tools/bin/../lib/gcc/arm-none-eabi/11.3.1/../../../../arm-none-eabi/lib/thumb/v7-m/nofp\libc_nano.a(libc_a-nano-vfprintf_i.o)
                0x000000000802eb6c                . = ALIGN (0x4)
 *fill*         0x000000000802eb6b        0x1 

.rel.dyn        0x000000000802eb6c        0x0
 .rel.iplt      0x000000000802eb6c        0x0 D:/software/STM32CubeIDE_1.13.2/STM32CubeIDE/plugins/com.st.stm32cube.ide.mcu.externaltools.gnu-tools-for-stm32.11.3.rel1.win32_1.1.1.202309131626/tools/bin/../lib/gcc/arm-none-eabi/11.3.1/thumb/v7-m/nofp/crtbegin.o

.ARM.extab      0x000000000802eb6c        0x0
                0x000000000802eb6c                . = ALIGN (0x4)
 *(.ARM.extab* .gnu.linkonce.armextab.*)
                0x000000000802eb6c                . = ALIGN (0x4)

.ARM            0x000000000802eb6c        0x0
                0x000000000802eb6c                . = ALIGN (0x4)
                0x000000000802eb6c                __exidx_start = .
 *(.ARM.exidx*)
                0x000000000802eb6c                __exidx_end = .
                0x000000000802eb6c                . = ALIGN (0x4)

.preinit_array  0x000000000802eb6c        0x0
                0x000000000802eb6c                . = ALIGN (0x4)
                0x000000000802eb6c                PROVIDE (__preinit_array_start = .)
 *(.preinit_array*)
                0x000000000802eb6c                PROVIDE (__preinit_array_end = .)
                0x000000000802eb6c                . = ALIGN (0x4)

.init_array     0x000000000802eb6c        0x4
                0x000000000802eb6c                . = ALIGN (0x4)
                0x000000000802eb6c                PROVIDE (__init_array_start = .)
 *(SORT_BY_NAME(.init_array.*))
 *(.init_array*)
 .init_array    0x000000000802eb6c        0x4 D:/software/STM32CubeIDE_1.13.2/STM32CubeIDE/plugins/com.st.stm32cube.ide.mcu.externaltools.gnu-tools-for-stm32.11.3.rel1.win32_1.1.1.202309131626/tools/bin/../lib/gcc/arm-none-eabi/11.3.1/thumb/v7-m/nofp/crtbegin.o
                0x000000000802eb70                PROVIDE (__init_array_end = .)
                0x000000000802eb70                . = ALIGN (0x4)

.fini_array     0x000000000802eb70        0x4
                0x000000000802eb70                . = ALIGN (0x4)
                [!provide]                        PROVIDE (__fini_array_start = .)
 *(SORT_BY_NAME(.fini_array.*))
 *(.fini_array*)
 .fini_array    0x000000000802eb70        0x4 D:/software/STM32CubeIDE_1.13.2/STM32CubeIDE/plugins/com.st.stm32cube.ide.mcu.externaltools.gnu-tools-for-stm32.11.3.rel1.win32_1.1.1.202309131626/tools/bin/../lib/gcc/arm-none-eabi/11.3.1/thumb/v7-m/nofp/crtbegin.o
                [!provide]                        PROVIDE (__fini_array_end = .)
                0x000000000802eb74                . = ALIGN (0x4)
                0x000000000802eb74                _sidata = LOADADDR (.data)

.data           0x0000000020000000       0xb8 load address 0x000000000802eb74
                0x0000000020000000                . = ALIGN (0x4)
                0x0000000020000000                _sdata = .
 *(.data)
 *(.data*)
 .data.key_up.0
                0x0000000020000000        0x1 ./Core/Src/key.o
 *fill*         0x0000000020000001        0x1 
 .data.BACK_COLOR
                0x0000000020000002        0x2 ./Core/Src/lcd.o
                0x0000000020000002                BACK_COLOR
 .data.SystemCoreClock
                0x0000000020000004        0x4 ./Core/Src/system_stm32f1xx.o
                0x0000000020000004                SystemCoreClock
 .data.tp_dev   0x0000000020000008       0x34 ./Core/Src/touch.o
                0x0000000020000008                tp_dev
 .data.CMD_RDX  0x000000002000003c        0x1 ./Core/Src/touch.o
                0x000000002000003c                CMD_RDX
 .data.CMD_RDY  0x000000002000003d        0x1 ./Core/Src/touch.o
                0x000000002000003d                CMD_RDY
 *fill*         0x000000002000003e        0x2 
 .data.uwTickPrio
                0x0000000020000040        0x4 ./Drivers/STM32F1xx_HAL_Driver/Src/stm32f1xx_hal.o
                0x0000000020000040                uwTickPrio
 .data.uwTickFreq
                0x0000000020000044        0x1 ./Drivers/STM32F1xx_HAL_Driver/Src/stm32f1xx_hal.o
                0x0000000020000044                uwTickFreq
 *fill*         0x0000000020000045        0x3 
 .data.__sglue  0x0000000020000048        0xc D:/software/STM32CubeIDE_1.13.2/STM32CubeIDE/plugins/com.st.stm32cube.ide.mcu.externaltools.gnu-tools-for-stm32.11.3.rel1.win32_1.1.1.202309131626/tools/bin/../lib/gcc/arm-none-eabi/11.3.1/../../../../arm-none-eabi/lib/thumb/v7-m/nofp\libc_nano.a(libc_a-findfp.o)
                0x0000000020000048                __sglue
 .data._impure_data
                0x0000000020000054       0x4c D:/software/STM32CubeIDE_1.13.2/STM32CubeIDE/plugins/com.st.stm32cube.ide.mcu.externaltools.gnu-tools-for-stm32.11.3.rel1.win32_1.1.1.202309131626/tools/bin/../lib/gcc/arm-none-eabi/11.3.1/../../../../arm-none-eabi/lib/thumb/v7-m/nofp\libc_nano.a(libc_a-impure.o)
                0x0000000020000054                _impure_data
 .data._impure_ptr
                0x00000000200000a0        0x4 D:/software/STM32CubeIDE_1.13.2/STM32CubeIDE/plugins/com.st.stm32cube.ide.mcu.externaltools.gnu-tools-for-stm32.11.3.rel1.win32_1.1.1.202309131626/tools/bin/../lib/gcc/arm-none-eabi/11.3.1/../../../../arm-none-eabi/lib/thumb/v7-m/nofp\libc_nano.a(libc_a-impure.o)
                0x00000000200000a0                _impure_ptr
 *fill*         0x00000000200000a4        0x4 
 .data.one      0x00000000200000a8        0x8 D:/software/STM32CubeIDE_1.13.2/STM32CubeIDE/plugins/com.st.stm32cube.ide.mcu.externaltools.gnu-tools-for-stm32.11.3.rel1.win32_1.1.1.202309131626/tools/bin/../lib/gcc/arm-none-eabi/11.3.1/../../../../arm-none-eabi/lib/thumb/v7-m/nofp\libm.a(libm_a-e_sqrt.o)
 .data.tiny     0x00000000200000b0        0x8 D:/software/STM32CubeIDE_1.13.2/STM32CubeIDE/plugins/com.st.stm32cube.ide.mcu.externaltools.gnu-tools-for-stm32.11.3.rel1.win32_1.1.1.202309131626/tools/bin/../lib/gcc/arm-none-eabi/11.3.1/../../../../arm-none-eabi/lib/thumb/v7-m/nofp\libm.a(libm_a-e_sqrt.o)
 *(.RamFunc)
 *(.RamFunc*)
                0x00000000200000b8                . = ALIGN (0x4)
                0x00000000200000b8                _edata = .

.igot.plt       0x00000000200000b8        0x0 load address 0x000000000802ec2c
 .igot.plt      0x00000000200000b8        0x0 D:/software/STM32CubeIDE_1.13.2/STM32CubeIDE/plugins/com.st.stm32cube.ide.mcu.externaltools.gnu-tools-for-stm32.11.3.rel1.win32_1.1.1.202309131626/tools/bin/../lib/gcc/arm-none-eabi/11.3.1/thumb/v7-m/nofp/crtbegin.o
                0x00000000200000b8                . = ALIGN (0x4)

.bss            0x00000000200000b8      0x56c load address 0x000000000802ec2c
                0x00000000200000b8                _sbss = .
                0x00000000200000b8                __bss_start__ = _sbss
 *(.bss)
 .bss           0x00000000200000b8       0x1c D:/software/STM32CubeIDE_1.13.2/STM32CubeIDE/plugins/com.st.stm32cube.ide.mcu.externaltools.gnu-tools-for-stm32.11.3.rel1.win32_1.1.1.202309131626/tools/bin/../lib/gcc/arm-none-eabi/11.3.1/thumb/v7-m/nofp/crtbegin.o
 *(.bss*)
 .bss.fac_us    0x00000000200000d4        0x4 ./Core/Src/delay.o
 .bss.t.0       0x00000000200000d8        0x1 ./Core/Src/ft5206.o
 .bss.t.0       0x00000000200000d9        0x1 ./Core/Src/gt9147.o
 .bss.POINT_COLOR
                0x00000000200000da        0x2 ./Core/Src/lcd.o
                0x00000000200000da                POINT_COLOR
 .bss.lcddev    0x00000000200000dc        0xe ./Core/Src/lcd.o
                0x00000000200000dc                lcddev
 *fill*         0x00000000200000ea        0x2 
 .bss.DATA_TO_SEND
                0x00000000200000ec      0x320 ./Core/Src/main.o
                0x00000000200000ec                DATA_TO_SEND
 .bss.state_num
                0x000000002000040c        0x4 ./Core/Src/main.o
                0x000000002000040c                state_num
 .bss.STATE     0x0000000020000410       0x1e ./Core/Src/main.o
                0x0000000020000410                STATE
 *fill*         0x000000002000042e        0x2 
 .bss.huart1    0x0000000020000430       0x44 ./Core/Src/main.o
                0x0000000020000430                huart1
 .bss.hspi1     0x0000000020000474       0x58 ./Core/Src/main.o
                0x0000000020000474                hspi1
 .bss.t.0       0x00000000200004cc        0x1 ./Core/Src/ott2001a.o
 *fill*         0x00000000200004cd        0x3 
 .bss.__sbrk_heap_end
                0x00000000200004d0        0x4 ./Core/Src/sysmem.o
 .bss.uwTick    0x00000000200004d4        0x4 ./Drivers/STM32F1xx_HAL_Driver/Src/stm32f1xx_hal.o
                0x00000000200004d4                uwTick
 .bss.__sf      0x00000000200004d8      0x138 D:/software/STM32CubeIDE_1.13.2/STM32CubeIDE/plugins/com.st.stm32cube.ide.mcu.externaltools.gnu-tools-for-stm32.11.3.rel1.win32_1.1.1.202309131626/tools/bin/../lib/gcc/arm-none-eabi/11.3.1/../../../../arm-none-eabi/lib/thumb/v7-m/nofp\libc_nano.a(libc_a-findfp.o)
                0x00000000200004d8                __sf
 .bss.__stdio_exit_handler
                0x0000000020000610        0x4 D:/software/STM32CubeIDE_1.13.2/STM32CubeIDE/plugins/com.st.stm32cube.ide.mcu.externaltools.gnu-tools-for-stm32.11.3.rel1.win32_1.1.1.202309131626/tools/bin/../lib/gcc/arm-none-eabi/11.3.1/../../../../arm-none-eabi/lib/thumb/v7-m/nofp\libc_nano.a(libc_a-findfp.o)
                0x0000000020000610                __stdio_exit_handler
 .bss.errno     0x0000000020000614        0x4 D:/software/STM32CubeIDE_1.13.2/STM32CubeIDE/plugins/com.st.stm32cube.ide.mcu.externaltools.gnu-tools-for-stm32.11.3.rel1.win32_1.1.1.202309131626/tools/bin/../lib/gcc/arm-none-eabi/11.3.1/../../../../arm-none-eabi/lib/thumb/v7-m/nofp\libc_nano.a(libc_a-reent.o)
                0x0000000020000614                errno
 .bss.__lock___malloc_recursive_mutex
                0x0000000020000618        0x1 D:/software/STM32CubeIDE_1.13.2/STM32CubeIDE/plugins/com.st.stm32cube.ide.mcu.externaltools.gnu-tools-for-stm32.11.3.rel1.win32_1.1.1.202309131626/tools/bin/../lib/gcc/arm-none-eabi/11.3.1/../../../../arm-none-eabi/lib/thumb/v7-m/nofp\libc_nano.a(libc_a-lock.o)
                0x0000000020000618                __lock___malloc_recursive_mutex
 .bss.__lock___sfp_recursive_mutex
                0x0000000020000619        0x1 D:/software/STM32CubeIDE_1.13.2/STM32CubeIDE/plugins/com.st.stm32cube.ide.mcu.externaltools.gnu-tools-for-stm32.11.3.rel1.win32_1.1.1.202309131626/tools/bin/../lib/gcc/arm-none-eabi/11.3.1/../../../../arm-none-eabi/lib/thumb/v7-m/nofp\libc_nano.a(libc_a-lock.o)
                0x0000000020000619                __lock___sfp_recursive_mutex
 *fill*         0x000000002000061a        0x2 
 .bss.__malloc_free_list
                0x000000002000061c        0x4 D:/software/STM32CubeIDE_1.13.2/STM32CubeIDE/plugins/com.st.stm32cube.ide.mcu.externaltools.gnu-tools-for-stm32.11.3.rel1.win32_1.1.1.202309131626/tools/bin/../lib/gcc/arm-none-eabi/11.3.1/../../../../arm-none-eabi/lib/thumb/v7-m/nofp\libc_nano.a(libc_a-mallocr.o)
                0x000000002000061c                __malloc_free_list
 .bss.__malloc_sbrk_start
                0x0000000020000620        0x4 D:/software/STM32CubeIDE_1.13.2/STM32CubeIDE/plugins/com.st.stm32cube.ide.mcu.externaltools.gnu-tools-for-stm32.11.3.rel1.win32_1.1.1.202309131626/tools/bin/../lib/gcc/arm-none-eabi/11.3.1/../../../../arm-none-eabi/lib/thumb/v7-m/nofp\libc_nano.a(libc_a-mallocr.o)
                0x0000000020000620                __malloc_sbrk_start
 *(COMMON)
                0x0000000020000624                . = ALIGN (0x4)
                0x0000000020000624                _ebss = .
                0x0000000020000624                __bss_end__ = _ebss

._user_heap_stack
                0x0000000020000624      0x604 load address 0x000000000802ec2c
                0x0000000020000628                . = ALIGN (0x8)
 *fill*         0x0000000020000624        0x4 
                [!provide]                        PROVIDE (end = .)
                0x0000000020000628                PROVIDE (_end = .)
                0x0000000020000828                . = (. + _Min_Heap_Size)
 *fill*         0x0000000020000628      0x200 
                0x0000000020000c28                . = (. + _Min_Stack_Size)
 *fill*         0x0000000020000828      0x400 
                0x0000000020000c28                . = ALIGN (0x8)

/DISCARD/
 libc.a(*)
 libm.a(*)
 libgcc.a(*)

.ARM.attributes
                0x0000000000000000       0x29
 *(.ARM.attributes)
 .ARM.attributes
                0x0000000000000000       0x1d D:/software/STM32CubeIDE_1.13.2/STM32CubeIDE/plugins/com.st.stm32cube.ide.mcu.externaltools.gnu-tools-for-stm32.11.3.rel1.win32_1.1.1.202309131626/tools/bin/../lib/gcc/arm-none-eabi/11.3.1/thumb/v7-m/nofp/crti.o
 .ARM.attributes
                0x000000000000001d       0x2d D:/software/STM32CubeIDE_1.13.2/STM32CubeIDE/plugins/com.st.stm32cube.ide.mcu.externaltools.gnu-tools-for-stm32.11.3.rel1.win32_1.1.1.202309131626/tools/bin/../lib/gcc/arm-none-eabi/11.3.1/thumb/v7-m/nofp/crtbegin.o
 .ARM.attributes
                0x000000000000004a       0x2d ./Core/Src/24cxx.o
 .ARM.attributes
                0x0000000000000077       0x2d ./Core/Src/ctiic.o
 .ARM.attributes
                0x00000000000000a4       0x2d ./Core/Src/delay.o
 .ARM.attributes
                0x00000000000000d1       0x2d ./Core/Src/ft5206.o
 .ARM.attributes
                0x00000000000000fe       0x2d ./Core/Src/gt9147.o
 .ARM.attributes
                0x000000000000012b       0x2d ./Core/Src/key.o
 .ARM.attributes
                0x0000000000000158       0x2d ./Core/Src/lcd.o
 .ARM.attributes
                0x0000000000000185       0x2d ./Core/Src/led.o
 .ARM.attributes
                0x00000000000001b2       0x2d ./Core/Src/main.o
 .ARM.attributes
                0x00000000000001df       0x2d ./Core/Src/myiic.o
 .ARM.attributes
                0x000000000000020c       0x2d ./Core/Src/ott2001a.o
 .ARM.attributes
                0x0000000000000239       0x2d ./Core/Src/stm32f1xx_hal_msp.o
 .ARM.attributes
                0x0000000000000266       0x2d ./Core/Src/stm32f1xx_it.o
 .ARM.attributes
                0x0000000000000293       0x2d ./Core/Src/sys.o
 .ARM.attributes
                0x00000000000002c0       0x2d ./Core/Src/syscalls.o
 .ARM.attributes
                0x00000000000002ed       0x2d ./Core/Src/sysmem.o
 .ARM.attributes
                0x000000000000031a       0x2d ./Core/Src/system_stm32f1xx.o
 .ARM.attributes
                0x0000000000000347       0x2d ./Core/Src/touch.o
 .ARM.attributes
                0x0000000000000374       0x21 ./Core/Startup/startup_stm32f103rctx.o
 .ARM.attributes
                0x0000000000000395       0x2d ./Drivers/STM32F1xx_HAL_Driver/Src/stm32f1xx_hal.o
 .ARM.attributes
                0x00000000000003c2       0x2d ./Drivers/STM32F1xx_HAL_Driver/Src/stm32f1xx_hal_cortex.o
 .ARM.attributes
                0x00000000000003ef       0x2d ./Drivers/STM32F1xx_HAL_Driver/Src/stm32f1xx_hal_gpio.o
 .ARM.attributes
                0x000000000000041c       0x2d ./Drivers/STM32F1xx_HAL_Driver/Src/stm32f1xx_hal_rcc.o
 .ARM.attributes
                0x0000000000000449       0x2d ./Drivers/STM32F1xx_HAL_Driver/Src/stm32f1xx_hal_spi.o
 .ARM.attributes
                0x0000000000000476       0x2d ./Drivers/STM32F1xx_HAL_Driver/Src/stm32f1xx_hal_uart.o
 .ARM.attributes
                0x00000000000004a3       0x2d D:/software/STM32CubeIDE_1.13.2/STM32CubeIDE/plugins/com.st.stm32cube.ide.mcu.externaltools.gnu-tools-for-stm32.11.3.rel1.win32_1.1.1.202309131626/tools/bin/../lib/gcc/arm-none-eabi/11.3.1/../../../../arm-none-eabi/lib/thumb/v7-m/nofp\libc_nano.a(libc_a-findfp.o)
 .ARM.attributes
                0x00000000000004d0       0x2d D:/software/STM32CubeIDE_1.13.2/STM32CubeIDE/plugins/com.st.stm32cube.ide.mcu.externaltools.gnu-tools-for-stm32.11.3.rel1.win32_1.1.1.202309131626/tools/bin/../lib/gcc/arm-none-eabi/11.3.1/../../../../arm-none-eabi/lib/thumb/v7-m/nofp\libc_nano.a(libc_a-fwalk.o)
 .ARM.attributes
                0x00000000000004fd       0x2d D:/software/STM32CubeIDE_1.13.2/STM32CubeIDE/plugins/com.st.stm32cube.ide.mcu.externaltools.gnu-tools-for-stm32.11.3.rel1.win32_1.1.1.202309131626/tools/bin/../lib/gcc/arm-none-eabi/11.3.1/../../../../arm-none-eabi/lib/thumb/v7-m/nofp\libc_nano.a(libc_a-printf.o)
 .ARM.attributes
                0x000000000000052a       0x2d D:/software/STM32CubeIDE_1.13.2/STM32CubeIDE/plugins/com.st.stm32cube.ide.mcu.externaltools.gnu-tools-for-stm32.11.3.rel1.win32_1.1.1.202309131626/tools/bin/../lib/gcc/arm-none-eabi/11.3.1/../../../../arm-none-eabi/lib/thumb/v7-m/nofp\libc_nano.a(libc_a-sprintf.o)
 .ARM.attributes
                0x0000000000000557       0x2d D:/software/STM32CubeIDE_1.13.2/STM32CubeIDE/plugins/com.st.stm32cube.ide.mcu.externaltools.gnu-tools-for-stm32.11.3.rel1.win32_1.1.1.202309131626/tools/bin/../lib/gcc/arm-none-eabi/11.3.1/../../../../arm-none-eabi/lib/thumb/v7-m/nofp\libc_nano.a(libc_a-stdio.o)
 .ARM.attributes
                0x0000000000000584       0x2d D:/software/STM32CubeIDE_1.13.2/STM32CubeIDE/plugins/com.st.stm32cube.ide.mcu.externaltools.gnu-tools-for-stm32.11.3.rel1.win32_1.1.1.202309131626/tools/bin/../lib/gcc/arm-none-eabi/11.3.1/../../../../arm-none-eabi/lib/thumb/v7-m/nofp\libc_nano.a(libc_a-memset.o)
 .ARM.attributes
                0x00000000000005b1       0x2d D:/software/STM32CubeIDE_1.13.2/STM32CubeIDE/plugins/com.st.stm32cube.ide.mcu.externaltools.gnu-tools-for-stm32.11.3.rel1.win32_1.1.1.202309131626/tools/bin/../lib/gcc/arm-none-eabi/11.3.1/../../../../arm-none-eabi/lib/thumb/v7-m/nofp\libc_nano.a(libc_a-closer.o)
 .ARM.attributes
                0x00000000000005de       0x2d D:/software/STM32CubeIDE_1.13.2/STM32CubeIDE/plugins/com.st.stm32cube.ide.mcu.externaltools.gnu-tools-for-stm32.11.3.rel1.win32_1.1.1.202309131626/tools/bin/../lib/gcc/arm-none-eabi/11.3.1/../../../../arm-none-eabi/lib/thumb/v7-m/nofp\libc_nano.a(libc_a-reent.o)
 .ARM.attributes
                0x000000000000060b       0x2d D:/software/STM32CubeIDE_1.13.2/STM32CubeIDE/plugins/com.st.stm32cube.ide.mcu.externaltools.gnu-tools-for-stm32.11.3.rel1.win32_1.1.1.202309131626/tools/bin/../lib/gcc/arm-none-eabi/11.3.1/../../../../arm-none-eabi/lib/thumb/v7-m/nofp\libc_nano.a(libc_a-impure.o)
 .ARM.attributes
                0x0000000000000638       0x2d D:/software/STM32CubeIDE_1.13.2/STM32CubeIDE/plugins/com.st.stm32cube.ide.mcu.externaltools.gnu-tools-for-stm32.11.3.rel1.win32_1.1.1.202309131626/tools/bin/../lib/gcc/arm-none-eabi/11.3.1/../../../../arm-none-eabi/lib/thumb/v7-m/nofp\libc_nano.a(libc_a-lseekr.o)
 .ARM.attributes
                0x0000000000000665       0x2d D:/software/STM32CubeIDE_1.13.2/STM32CubeIDE/plugins/com.st.stm32cube.ide.mcu.externaltools.gnu-tools-for-stm32.11.3.rel1.win32_1.1.1.202309131626/tools/bin/../lib/gcc/arm-none-eabi/11.3.1/../../../../arm-none-eabi/lib/thumb/v7-m/nofp\libc_nano.a(libc_a-readr.o)
 .ARM.attributes
                0x0000000000000692       0x2d D:/software/STM32CubeIDE_1.13.2/STM32CubeIDE/plugins/com.st.stm32cube.ide.mcu.externaltools.gnu-tools-for-stm32.11.3.rel1.win32_1.1.1.202309131626/tools/bin/../lib/gcc/arm-none-eabi/11.3.1/../../../../arm-none-eabi/lib/thumb/v7-m/nofp\libc_nano.a(libc_a-writer.o)
 .ARM.attributes
                0x00000000000006bf       0x2d D:/software/STM32CubeIDE_1.13.2/STM32CubeIDE/plugins/com.st.stm32cube.ide.mcu.externaltools.gnu-tools-for-stm32.11.3.rel1.win32_1.1.1.202309131626/tools/bin/../lib/gcc/arm-none-eabi/11.3.1/../../../../arm-none-eabi/lib/thumb/v7-m/nofp\libc_nano.a(libc_a-errno.o)
 .ARM.attributes
                0x00000000000006ec       0x2d D:/software/STM32CubeIDE_1.13.2/STM32CubeIDE/plugins/com.st.stm32cube.ide.mcu.externaltools.gnu-tools-for-stm32.11.3.rel1.win32_1.1.1.202309131626/tools/bin/../lib/gcc/arm-none-eabi/11.3.1/../../../../arm-none-eabi/lib/thumb/v7-m/nofp\libc_nano.a(libc_a-init.o)
 .ARM.attributes
                0x0000000000000719       0x2d D:/software/STM32CubeIDE_1.13.2/STM32CubeIDE/plugins/com.st.stm32cube.ide.mcu.externaltools.gnu-tools-for-stm32.11.3.rel1.win32_1.1.1.202309131626/tools/bin/../lib/gcc/arm-none-eabi/11.3.1/../../../../arm-none-eabi/lib/thumb/v7-m/nofp\libc_nano.a(libc_a-lock.o)
 .ARM.attributes
                0x0000000000000746       0x1b D:/software/STM32CubeIDE_1.13.2/STM32CubeIDE/plugins/com.st.stm32cube.ide.mcu.externaltools.gnu-tools-for-stm32.11.3.rel1.win32_1.1.1.202309131626/tools/bin/../lib/gcc/arm-none-eabi/11.3.1/../../../../arm-none-eabi/lib/thumb/v7-m/nofp\libc_nano.a(libc_a-strcmp.o)
 .ARM.attributes
                0x0000000000000761       0x17 D:/software/STM32CubeIDE_1.13.2/STM32CubeIDE/plugins/com.st.stm32cube.ide.mcu.externaltools.gnu-tools-for-stm32.11.3.rel1.win32_1.1.1.202309131626/tools/bin/../lib/gcc/arm-none-eabi/11.3.1/../../../../arm-none-eabi/lib/thumb/v7-m/nofp\libc_nano.a(libc_a-strlen.o)
 .ARM.attributes
                0x0000000000000778       0x2d D:/software/STM32CubeIDE_1.13.2/STM32CubeIDE/plugins/com.st.stm32cube.ide.mcu.externaltools.gnu-tools-for-stm32.11.3.rel1.win32_1.1.1.202309131626/tools/bin/../lib/gcc/arm-none-eabi/11.3.1/../../../../arm-none-eabi/lib/thumb/v7-m/nofp\libc_nano.a(libc_a-freer.o)
 .ARM.attributes
                0x00000000000007a5       0x2d D:/software/STM32CubeIDE_1.13.2/STM32CubeIDE/plugins/com.st.stm32cube.ide.mcu.externaltools.gnu-tools-for-stm32.11.3.rel1.win32_1.1.1.202309131626/tools/bin/../lib/gcc/arm-none-eabi/11.3.1/../../../../arm-none-eabi/lib/thumb/v7-m/nofp\libc_nano.a(libc_a-mallocr.o)
 .ARM.attributes
                0x00000000000007d2       0x2d D:/software/STM32CubeIDE_1.13.2/STM32CubeIDE/plugins/com.st.stm32cube.ide.mcu.externaltools.gnu-tools-for-stm32.11.3.rel1.win32_1.1.1.202309131626/tools/bin/../lib/gcc/arm-none-eabi/11.3.1/../../../../arm-none-eabi/lib/thumb/v7-m/nofp\libc_nano.a(libc_a-mlock.o)
 .ARM.attributes
                0x00000000000007ff       0x2d D:/software/STM32CubeIDE_1.13.2/STM32CubeIDE/plugins/com.st.stm32cube.ide.mcu.externaltools.gnu-tools-for-stm32.11.3.rel1.win32_1.1.1.202309131626/tools/bin/../lib/gcc/arm-none-eabi/11.3.1/../../../../arm-none-eabi/lib/thumb/v7-m/nofp\libc_nano.a(libc_a-nano-svfprintf.o)
 .ARM.attributes
                0x000000000000082c       0x2d D:/software/STM32CubeIDE_1.13.2/STM32CubeIDE/plugins/com.st.stm32cube.ide.mcu.externaltools.gnu-tools-for-stm32.11.3.rel1.win32_1.1.1.202309131626/tools/bin/../lib/gcc/arm-none-eabi/11.3.1/../../../../arm-none-eabi/lib/thumb/v7-m/nofp\libc_nano.a(libc_a-nano-vfprintf.o)
 .ARM.attributes
                0x0000000000000859       0x2d D:/software/STM32CubeIDE_1.13.2/STM32CubeIDE/plugins/com.st.stm32cube.ide.mcu.externaltools.gnu-tools-for-stm32.11.3.rel1.win32_1.1.1.202309131626/tools/bin/../lib/gcc/arm-none-eabi/11.3.1/../../../../arm-none-eabi/lib/thumb/v7-m/nofp\libc_nano.a(libc_a-nano-vfprintf_i.o)
 .ARM.attributes
                0x0000000000000886       0x2d D:/software/STM32CubeIDE_1.13.2/STM32CubeIDE/plugins/com.st.stm32cube.ide.mcu.externaltools.gnu-tools-for-stm32.11.3.rel1.win32_1.1.1.202309131626/tools/bin/../lib/gcc/arm-none-eabi/11.3.1/../../../../arm-none-eabi/lib/thumb/v7-m/nofp\libc_nano.a(libc_a-fflush.o)
 .ARM.attributes
                0x00000000000008b3       0x2d D:/software/STM32CubeIDE_1.13.2/STM32CubeIDE/plugins/com.st.stm32cube.ide.mcu.externaltools.gnu-tools-for-stm32.11.3.rel1.win32_1.1.1.202309131626/tools/bin/../lib/gcc/arm-none-eabi/11.3.1/../../../../arm-none-eabi/lib/thumb/v7-m/nofp\libc_nano.a(libc_a-wbuf.o)
 .ARM.attributes
                0x00000000000008e0       0x2d D:/software/STM32CubeIDE_1.13.2/STM32CubeIDE/plugins/com.st.stm32cube.ide.mcu.externaltools.gnu-tools-for-stm32.11.3.rel1.win32_1.1.1.202309131626/tools/bin/../lib/gcc/arm-none-eabi/11.3.1/../../../../arm-none-eabi/lib/thumb/v7-m/nofp\libc_nano.a(libc_a-wsetup.o)
 .ARM.attributes
                0x000000000000090d       0x2d D:/software/STM32CubeIDE_1.13.2/STM32CubeIDE/plugins/com.st.stm32cube.ide.mcu.externaltools.gnu-tools-for-stm32.11.3.rel1.win32_1.1.1.202309131626/tools/bin/../lib/gcc/arm-none-eabi/11.3.1/../../../../arm-none-eabi/lib/thumb/v7-m/nofp\libc_nano.a(libc_a-memmove.o)
 .ARM.attributes
                0x000000000000093a       0x2d D:/software/STM32CubeIDE_1.13.2/STM32CubeIDE/plugins/com.st.stm32cube.ide.mcu.externaltools.gnu-tools-for-stm32.11.3.rel1.win32_1.1.1.202309131626/tools/bin/../lib/gcc/arm-none-eabi/11.3.1/../../../../arm-none-eabi/lib/thumb/v7-m/nofp\libc_nano.a(libc_a-sbrkr.o)
 .ARM.attributes
                0x0000000000000967       0x2d D:/software/STM32CubeIDE_1.13.2/STM32CubeIDE/plugins/com.st.stm32cube.ide.mcu.externaltools.gnu-tools-for-stm32.11.3.rel1.win32_1.1.1.202309131626/tools/bin/../lib/gcc/arm-none-eabi/11.3.1/../../../../arm-none-eabi/lib/thumb/v7-m/nofp\libc_nano.a(libc_a-memchr-stub.o)
 .ARM.attributes
                0x0000000000000994       0x2d D:/software/STM32CubeIDE_1.13.2/STM32CubeIDE/plugins/com.st.stm32cube.ide.mcu.externaltools.gnu-tools-for-stm32.11.3.rel1.win32_1.1.1.202309131626/tools/bin/../lib/gcc/arm-none-eabi/11.3.1/../../../../arm-none-eabi/lib/thumb/v7-m/nofp\libc_nano.a(libc_a-memcpy-stub.o)
 .ARM.attributes
                0x00000000000009c1       0x2d D:/software/STM32CubeIDE_1.13.2/STM32CubeIDE/plugins/com.st.stm32cube.ide.mcu.externaltools.gnu-tools-for-stm32.11.3.rel1.win32_1.1.1.202309131626/tools/bin/../lib/gcc/arm-none-eabi/11.3.1/../../../../arm-none-eabi/lib/thumb/v7-m/nofp\libc_nano.a(libc_a-reallocr.o)
 .ARM.attributes
                0x00000000000009ee       0x2d D:/software/STM32CubeIDE_1.13.2/STM32CubeIDE/plugins/com.st.stm32cube.ide.mcu.externaltools.gnu-tools-for-stm32.11.3.rel1.win32_1.1.1.202309131626/tools/bin/../lib/gcc/arm-none-eabi/11.3.1/../../../../arm-none-eabi/lib/thumb/v7-m/nofp\libc_nano.a(libc_a-makebuf.o)
 .ARM.attributes
                0x0000000000000a1b       0x2d D:/software/STM32CubeIDE_1.13.2/STM32CubeIDE/plugins/com.st.stm32cube.ide.mcu.externaltools.gnu-tools-for-stm32.11.3.rel1.win32_1.1.1.202309131626/tools/bin/../lib/gcc/arm-none-eabi/11.3.1/../../../../arm-none-eabi/lib/thumb/v7-m/nofp\libc_nano.a(libc_a-fstatr.o)
 .ARM.attributes
                0x0000000000000a48       0x2d D:/software/STM32CubeIDE_1.13.2/STM32CubeIDE/plugins/com.st.stm32cube.ide.mcu.externaltools.gnu-tools-for-stm32.11.3.rel1.win32_1.1.1.202309131626/tools/bin/../lib/gcc/arm-none-eabi/11.3.1/../../../../arm-none-eabi/lib/thumb/v7-m/nofp\libc_nano.a(libc_a-isattyr.o)
 .ARM.attributes
                0x0000000000000a75       0x2d D:/software/STM32CubeIDE_1.13.2/STM32CubeIDE/plugins/com.st.stm32cube.ide.mcu.externaltools.gnu-tools-for-stm32.11.3.rel1.win32_1.1.1.202309131626/tools/bin/../lib/gcc/arm-none-eabi/11.3.1/../../../../arm-none-eabi/lib/thumb/v7-m/nofp\libc_nano.a(libc_a-msizer.o)
 .ARM.attributes
                0x0000000000000aa2       0x2d D:/software/STM32CubeIDE_1.13.2/STM32CubeIDE/plugins/com.st.stm32cube.ide.mcu.externaltools.gnu-tools-for-stm32.11.3.rel1.win32_1.1.1.202309131626/tools/bin/../lib/gcc/arm-none-eabi/11.3.1/../../../../arm-none-eabi/lib/thumb/v7-m/nofp\libm.a(libm_a-w_sqrt.o)
 .ARM.attributes