17:17:47 **** Incremental Build of configuration Debug for project demo_for_lab ****
make -j8 all 
arm-none-eabi-gcc "../Core/Src/main.c" -mcpu=cortex-m3 -std=gnu11 -g3 -DDEBUG -DUSE_HAL_DRIVER -DSTM32F103xE -c -I../Core/Inc -I../Drivers/STM32F1xx_HAL_Driver/Inc -I../Drivers/STM32F1xx_HAL_Driver/Inc/Legacy -I../Drivers/CMSIS/Device/ST/STM32F1xx/Include -I../Drivers/CMSIS/Include -O0 -ffunction-sections -fdata-sections -Wall -fstack-usage -MMD -MP -MF"Core/Src/main.d" -MT"Core/Src/main.o" --specs=nano.specs -mfloat-abi=soft -mthumb -o "Core/Src/main.o"
arm-none-eabi-gcc -o "demo_for_lab.elf" @"objects.list"   -mcpu=cortex-m3 -T"D:\wangqing\embedded_system\demo_for_lab\STM32F103RCTX_FLASH.ld" --specs=nosys.specs -Wl,-Map="demo_for_lab.map" -Wl,--gc-sections -static --specs=nano.specs -mfloat-abi=soft -mthumb -Wl,--start-group -lc -lm -Wl,--end-group
Finished building target: demo_for_lab.elf
 
arm-none-eabi-size   demo_for_lab.elf 
arm-none-eabi-objdump -h -S  demo_for_lab.elf  > "demo_for_lab.list"
arm-none-eabi-objcopy  -O binary  demo_for_lab.elf  "demo_for_lab.bin"
   text	   data	    bss	    dec	    hex	filename
   4884	     20	   1572	   6476	   194c	demo_for_lab.elf
Finished building: default.size.stdout
 
Finished building: demo_for_lab.list
 
Finished building: demo_for_lab.bin
 

17:17:48 Build Finished. 0 errors, 0 warnings. (took 1s.532ms)

