Archive member included to satisfy reference by file (symbol)

D:/software/STM32CubeIDE_1.13.2/STM32CubeIDE/plugins/com.st.stm32cube.ide.mcu.externaltools.gnu-tools-for-stm32.11.3.rel1.win32_1.1.1.202309131626/tools/bin/../lib/gcc/arm-none-eabi/11.3.1/thumb/v7-m/nofp\libgcc.a(_arm_muldf3.o)
                              CMakeFiles/Lab12.elf.dir/Core/Src/lcd.c.obj (__aeabi_dmul)
D:/software/STM32CubeIDE_1.13.2/STM32CubeIDE/plugins/com.st.stm32cube.ide.mcu.externaltools.gnu-tools-for-stm32.11.3.rel1.win32_1.1.1.202309131626/tools/bin/../lib/gcc/arm-none-eabi/11.3.1/thumb/v7-m/nofp\libgcc.a(_arm_addsubdf3.o)
                              CMakeFiles/Lab12.elf.dir/Core/Src/lcd.c.obj (__aeabi_i2d)
D:/software/STM32CubeIDE_1.13.2/STM32CubeIDE/plugins/com.st.stm32cube.ide.mcu.externaltools.gnu-tools-for-stm32.11.3.rel1.win32_1.1.1.202309131626/tools/bin/../lib/gcc/arm-none-eabi/11.3.1/thumb/v7-m/nofp\libgcc.a(_arm_fixunsdfsi.o)
                              CMakeFiles/Lab12.elf.dir/Core/Src/lcd.c.obj (__aeabi_d2uiz)
D:/software/STM32CubeIDE_1.13.2/STM32CubeIDE/plugins/com.st.stm32cube.ide.mcu.externaltools.gnu-tools-for-stm32.11.3.rel1.win32_1.1.1.202309131626/tools/bin/../lib/gcc/arm-none-eabi/11.3.1/../../../../arm-none-eabi/lib/thumb/v7-m/nofp\libg.a(libc_a-exit.o)
                              D:/software/STM32CubeIDE_1.13.2/STM32CubeIDE/plugins/com.st.stm32cube.ide.mcu.externaltools.gnu-tools-for-stm32.11.3.rel1.win32_1.1.1.202309131626/tools/bin/../lib/gcc/arm-none-eabi/11.3.1/../../../../arm-none-eabi/lib/thumb/v7-m/nofp/crt0.o (exit)
D:/software/STM32CubeIDE_1.13.2/STM32CubeIDE/plugins/com.st.stm32cube.ide.mcu.externaltools.gnu-tools-for-stm32.11.3.rel1.win32_1.1.1.202309131626/tools/bin/../lib/gcc/arm-none-eabi/11.3.1/../../../../arm-none-eabi/lib/thumb/v7-m/nofp\libg.a(libc_a-findfp.o)
                              D:/software/STM32CubeIDE_1.13.2/STM32CubeIDE/plugins/com.st.stm32cube.ide.mcu.externaltools.gnu-tools-for-stm32.11.3.rel1.win32_1.1.1.202309131626/tools/bin/../lib/gcc/arm-none-eabi/11.3.1/../../../../arm-none-eabi/lib/thumb/v7-m/nofp\libg.a(libc_a-exit.o) (__stdio_exit_handler)
D:/software/STM32CubeIDE_1.13.2/STM32CubeIDE/plugins/com.st.stm32cube.ide.mcu.externaltools.gnu-tools-for-stm32.11.3.rel1.win32_1.1.1.202309131626/tools/bin/../lib/gcc/arm-none-eabi/11.3.1/../../../../arm-none-eabi/lib/thumb/v7-m/nofp\libg.a(libc_a-fwalk.o)
                              D:/software/STM32CubeIDE_1.13.2/STM32CubeIDE/plugins/com.st.stm32cube.ide.mcu.externaltools.gnu-tools-for-stm32.11.3.rel1.win32_1.1.1.202309131626/tools/bin/../lib/gcc/arm-none-eabi/11.3.1/../../../../arm-none-eabi/lib/thumb/v7-m/nofp\libg.a(libc_a-findfp.o) (_fwalk_sglue)
D:/software/STM32CubeIDE_1.13.2/STM32CubeIDE/plugins/com.st.stm32cube.ide.mcu.externaltools.gnu-tools-for-stm32.11.3.rel1.win32_1.1.1.202309131626/tools/bin/../lib/gcc/arm-none-eabi/11.3.1/../../../../arm-none-eabi/lib/thumb/v7-m/nofp\libg.a(libc_a-stdio.o)
                              D:/software/STM32CubeIDE_1.13.2/STM32CubeIDE/plugins/com.st.stm32cube.ide.mcu.externaltools.gnu-tools-for-stm32.11.3.rel1.win32_1.1.1.202309131626/tools/bin/../lib/gcc/arm-none-eabi/11.3.1/../../../../arm-none-eabi/lib/thumb/v7-m/nofp\libg.a(libc_a-findfp.o) (__sread)
D:/software/STM32CubeIDE_1.13.2/STM32CubeIDE/plugins/com.st.stm32cube.ide.mcu.externaltools.gnu-tools-for-stm32.11.3.rel1.win32_1.1.1.202309131626/tools/bin/../lib/gcc/arm-none-eabi/11.3.1/../../../../arm-none-eabi/lib/thumb/v7-m/nofp\libg.a(libc_a-memset.o)
                              D:/software/STM32CubeIDE_1.13.2/STM32CubeIDE/plugins/com.st.stm32cube.ide.mcu.externaltools.gnu-tools-for-stm32.11.3.rel1.win32_1.1.1.202309131626/tools/bin/../lib/gcc/arm-none-eabi/11.3.1/../../../../arm-none-eabi/lib/thumb/v7-m/nofp/crt0.o (memset)
D:/software/STM32CubeIDE_1.13.2/STM32CubeIDE/plugins/com.st.stm32cube.ide.mcu.externaltools.gnu-tools-for-stm32.11.3.rel1.win32_1.1.1.202309131626/tools/bin/../lib/gcc/arm-none-eabi/11.3.1/../../../../arm-none-eabi/lib/thumb/v7-m/nofp\libg.a(libc_a-closer.o)
                              D:/software/STM32CubeIDE_1.13.2/STM32CubeIDE/plugins/com.st.stm32cube.ide.mcu.externaltools.gnu-tools-for-stm32.11.3.rel1.win32_1.1.1.202309131626/tools/bin/../lib/gcc/arm-none-eabi/11.3.1/../../../../arm-none-eabi/lib/thumb/v7-m/nofp\libg.a(libc_a-stdio.o) (_close_r)
D:/software/STM32CubeIDE_1.13.2/STM32CubeIDE/plugins/com.st.stm32cube.ide.mcu.externaltools.gnu-tools-for-stm32.11.3.rel1.win32_1.1.1.202309131626/tools/bin/../lib/gcc/arm-none-eabi/11.3.1/../../../../arm-none-eabi/lib/thumb/v7-m/nofp\libg.a(libc_a-reent.o)
                              D:/software/STM32CubeIDE_1.13.2/STM32CubeIDE/plugins/com.st.stm32cube.ide.mcu.externaltools.gnu-tools-for-stm32.11.3.rel1.win32_1.1.1.202309131626/tools/bin/../lib/gcc/arm-none-eabi/11.3.1/../../../../arm-none-eabi/lib/thumb/v7-m/nofp\libg.a(libc_a-closer.o) (errno)
[...]
Memory Configuration

Name             Origin             Length             Attributes
RAM              0x0000000020000000 0x000000000000c000 xrw
FLASH            0x0000000008000000 0x0000000000040000 xr
*default*        0x0000000000000000 0xffffffffffffffff

Linker script and memory map

LOAD D:/software/STM32CubeIDE_1.13.2/STM32CubeIDE/plugins/com.st.stm32cube.ide.mcu.externaltools.gnu-tools-for-stm32.11.3.rel1.win32_1.1.1.202309131626/tools/bin/../lib/gcc/arm-none-eabi/11.3.1/thumb/v7-m/nofp/crti.o
LOAD D:/software/STM32CubeIDE_1.13.2/STM32CubeIDE/plugins/com.st.stm32cube.ide.mcu.externaltools.gnu-tools-for-stm32.11.3.rel1.win32_1.1.1.202309131626/tools/bin/../lib/gcc/arm-none-eabi/11.3.1/thumb/v7-m/nofp/crtbegin.o
LOAD D:/software/STM32CubeIDE_1.13.2/STM32CubeIDE/plugins/com.st.stm32cube.ide.mcu.externaltools.gnu-tools-for-stm32.11.3.rel1.win32_1.1.1.202309131626/tools/bin/../lib/gcc/arm-none-eabi/11.3.1/../../../../arm-none-eabi/lib/thumb/v7-m/nofp/crt0.o
LOAD CMakeFiles/Lab12.elf.dir/Core/Src/24cxx.c.obj
LOAD CMakeFiles/Lab12.elf.dir/Core/Src/gpio.c.obj
LOAD CMakeFiles/Lab12.elf.dir/Core/Src/lcd.c.obj
LOAD CMakeFiles/Lab12.elf.dir/Core/Src/main.c.obj
LOAD CMakeFiles/Lab12.elf.dir/Core/Src/myiic.c.obj
LOAD CMakeFiles/Lab12.elf.dir/Core/Src/stm32f1xx_hal_msp.c.obj
LOAD CMakeFiles/Lab12.elf.dir/Core/Src/stm32f1xx_it.c.obj
LOAD CMakeFiles/Lab12.elf.dir/Core/Src/syscalls.c.obj
LOAD CMakeFiles/Lab12.elf.dir/Core/Src/sysmem.c.obj
LOAD CMakeFiles/Lab12.elf.dir/Core/Src/system_stm32f1xx.c.obj
LOAD CMakeFiles/Lab12.elf.dir/Core/Src/usart.c.obj
LOAD CMakeFiles/Lab12.elf.dir/Core/Startup/startup_stm32f103rctx.s.obj
LOAD CMakeFiles/Lab12.elf.dir/Drivers/STM32F1xx_HAL_Driver/Src/stm32f1xx_hal.c.obj
LOAD CMakeFiles/Lab12.elf.dir/Drivers/STM32F1xx_HAL_Driver/Src/stm32f1xx_hal_cortex.c.obj
LOAD CMakeFiles/Lab12.elf.dir/Drivers/STM32F1xx_HAL_Driver/Src/stm32f1xx_hal_dma.c.obj
LOAD CMakeFiles/Lab12.elf.dir/Drivers/STM32F1xx_HAL_Driver/Src/stm32f1xx_hal_exti.c.obj
LOAD CMakeFiles/Lab12.elf.dir/Drivers/STM32F1xx_HAL_Driver/Src/stm32f1xx_hal_flash.c.obj
LOAD CMakeFiles/Lab12.elf.dir/Drivers/STM32F1xx_HAL_Driver/Src/stm32f1xx_hal_flash_ex.c.obj
LOAD CMakeFiles/Lab12.elf.dir/Drivers/STM32F1xx_HAL_Driver/Src/stm32f1xx_hal_gpio.c.obj
LOAD CMakeFiles/Lab12.elf.dir/Drivers/STM32F1xx_HAL_Driver/Src/stm32f1xx_hal_gpio_ex.c.obj
LOAD CMakeFiles/Lab12.elf.dir/Drivers/STM32F1xx_HAL_Driver/Src/stm32f1xx_hal_pwr.c.obj
LOAD CMakeFiles/Lab12.elf.dir/Drivers/STM32F1xx_HAL_Driver/Src/stm32f1xx_hal_rcc.c.obj
LOAD CMakeFiles/Lab12.elf.dir/Drivers/STM32F1xx_HAL_Driver/Src/stm32f1xx_hal_rcc_ex.c.obj
LOAD CMakeFiles/Lab12.elf.dir/Drivers/STM32F1xx_HAL_Driver/Src/stm32f1xx_hal_tim.c.obj
LOAD CMakeFiles/Lab12.elf.dir/Drivers/STM32F1xx_HAL_Driver/Src/stm32f1xx_hal_tim_ex.c.obj
LOAD CMakeFiles/Lab12.elf.dir/Drivers/STM32F1xx_HAL_Driver/Src/stm32f1xx_hal_uart.c.obj
START GROUP
LOAD D:/software/STM32CubeIDE_1.13.2/STM32CubeIDE/plugins/com.st.stm32cube.ide.mcu.externaltools.gnu-tools-for-stm32.11.3.rel1.win32_1.1.1.202309131626/tools/bin/../lib/gcc/arm-none-eabi/11.3.1/thumb/v7-m/nofp\libgcc.a
LOAD D:/software/STM32CubeIDE_1.13.2/STM32CubeIDE/plugins/com.st.stm32cube.ide.mcu.externaltools.gnu-tools-for-stm32.11.3.rel1.win32_1.1.1.202309131626/tools/bin/../lib/gcc/arm-none-eabi/11.3.1/../../../../arm-none-eabi/lib/thumb/v7-m/nofp\libg.a
LOAD D:/software/STM32CubeIDE_1.13.2/STM32CubeIDE/plugins/com.st.stm32cube.ide.mcu.externaltools.gnu-tools-for-stm32.11.3.rel1.win32_1.1.1.202309131626/tools/bin/../lib/gcc/arm-none-eabi/11.3.1/../../../../arm-none-eabi/lib/thumb/v7-m/nofp\libc.a
END GROUP
LOAD D:/software/STM32CubeIDE_1.13.2/STM32CubeIDE/plugins/com.st.stm32cube.ide.mcu.externaltools.gnu-tools-for-stm32.11.3.rel1.win32_1.1.1.202309131626/tools/bin/../lib/gcc/arm-none-eabi/11.3.1/thumb/v7-m/nofp/crtend.o
LOAD D:/software/STM32CubeIDE_1.13.2/STM32CubeIDE/plugins/com.st.stm32cube.ide.mcu.externaltools.gnu-tools-for-stm32.11.3.rel1.win32_1.1.1.202309131626/tools/bin/../lib/gcc/arm-none-eabi/11.3.1/thumb/v7-m/nofp/crtn.o
                0x000000002000c000                _estack = (ORIGIN (RAM) + LENGTH (RAM))
                0x0000000000000200                _Min_Heap_Size = 0x200
                0x0000000000000400                _Min_Stack_Size = 0x400

.isr_vector     0x0000000008000000      0x1e4
                0x0000000008000000                . = ALIGN (0x4)
 *(.isr_vector)
 .isr_vector    0x0000000008000000      0x1e4 CMakeFiles/Lab12.elf.dir/Core/Startup/startup_stm32f103rctx.s.obj
                0x0000000008000000                g_pfnVectors
                0x00000000080001e4                . = ALIGN (0x4)

.text           0x00000000080001e8     0x6ce4
                0x00000000080001e8                . = ALIGN (0x4)
 *(.text)
 .text          0x00000000080001e8       0x40 D:/software/STM32CubeIDE_1.13.2/STM32CubeIDE/plugins/com.st.stm32cube.ide.mcu.externaltools.gnu-tools-for-stm32.11.3.rel1.win32_1.1.1.202309131626/tools/bin/../lib/gcc/arm-none-eabi/11.3.1/thumb/v7-m/nofp/crtbegin.o
 .text          0x0000000008000228      0x254 D:/software/STM32CubeIDE_1.13.2/STM32CubeIDE/plugins/com.st.stm32cube.ide.mcu.externaltools.gnu-tools-for-stm32.11.3.rel1.win32_1.1.1.202309131626/tools/bin/../lib/gcc/arm-none-eabi/11.3.1/thumb/v7-m/nofp\libgcc.a(_arm_muldf3.o)
                0x0000000008000228                __muldf3
                0x0000000008000228                __aeabi_dmul
 .text          0x000000000800047c      0x378 D:/software/STM32CubeIDE_1.13.2/STM32CubeIDE/plugins/com.st.stm32cube.ide.mcu.externaltools.gnu-tools-for-stm32.11.3.rel1.win32_1.1.1.202309131626/tools/bin/../lib/gcc/arm-none-eabi/11.3.1/thumb/v7-m/nofp\libgcc.a(_arm_addsubdf3.o)
                0x000000000800047c                __aeabi_drsub
                0x0000000008000484                __aeabi_dsub
                0x0000000008000484                __subdf3
                0x0000000008000488                __aeabi_dadd
                0x0000000008000488                __adddf3
                0x0000000008000700                __floatunsidf
                0x0000000008000700                __aeabi_ui2d
                0x0000000008000720                __floatsidf
                0x0000000008000720                __aeabi_i2d
                0x0000000008000744                __aeabi_f2d
                0x0000000008000744                __extendsfdf2
                0x0000000008000788                __floatundidf
                0x0000000008000788                __aeabi_ul2d
                0x0000000008000798                __floatdidf
                0x0000000008000798                __aeabi_l2d
 .text          0x00000000080007f4       0x40 D:/software/STM32CubeIDE_1.13.2/STM32CubeIDE/plugins/com.st.stm32cube.ide.mcu.externaltools.gnu-tools-for-stm32.11.3.rel1.win32_1.1.1.202309131626/tools/bin/../lib/gcc/arm-none-eabi/11.3.1/thumb/v7-m/nofp\libgcc.a(_arm_fixunsdfsi.o)
                0x00000000080007f4                __aeabi_d2uiz
                0x00000000080007f4                __fixunsdfsi
 .text          0x0000000008000834       0x10 D:/software/STM32CubeIDE_1.13.2/STM32CubeIDE/plugins/com.st.stm32cube.ide.mcu.externaltools.gnu-tools-for-stm32.11.3.rel1.win32_1.1.1.202309131626/tools/bin/../lib/gcc/arm-none-eabi/11.3.1/../../../../arm-none-eabi/lib/thumb/v7-m/nofp\libg.a(libc_a-strlen.o)
                0x0000000008000834                strlen
 *(.text*)
 .text.AT24CXX_Init
                0x0000000008000844        0x8 CMakeFiles/Lab12.elf.dir/Core/Src/24cxx.c.obj
                0x0000000008000844                AT24CXX_Init
 .text.AT24CXX_ReadOneByte
                0x000000000800084c       0x44 CMakeFiles/Lab12.elf.dir/Core/Src/24cxx.c.obj
                0x000000000800084c                AT24CXX_ReadOneByte
 .text.AT24CXX_WriteOneByte
                0x0000000008000890       0x3e CMakeFiles/Lab12.elf.dir/Core/Src/24cxx.c.obj
                0x0000000008000890                AT24CXX_WriteOneByte
 .text.AT24CXX_Check
                0x00000000080008ce       0x2a CMakeFiles/Lab12.elf.dir/Core/Src/24cxx.c.obj
                0x00000000080008ce                AT24CXX_Check
 .text.AT24CXX_Read
                0x00000000080008f8       0x20 CMakeFiles/Lab12.elf.dir/Core/Src/24cxx.c.obj
                0x00000000080008f8                AT24CXX_Read
 .text.AT24CXX_Write
                0x0000000008000918       0x22 CMakeFiles/Lab12.elf.dir/Core/Src/24cxx.c.obj
                0x0000000008000918                AT24CXX_Write
 *fill*         0x000000000800093a        0x2 
 .text.MX_GPIO_Init
                0x000000000800093c      0x10c CMakeFiles/Lab12.elf.dir/Core/Src/gpio.c.obj
                0x000000000800093c                MX_GPIO_Init
 .text.delay_us
                0x0000000008000a48        0x2 CMakeFiles/Lab12.elf.dir/Core/Src/lcd.c.obj
                0x0000000008000a48                delay_us
 *fill*         0x0000000008000a4a        0x2 
 .text.LCD_WR_REG
                0x0000000008000a4c       0x24 CMakeFiles/Lab12.elf.dir/Core/Src/lcd.c.obj
                0x0000000008000a4c                LCD_WR_REG
 .text.LCD_WR_DATAX
                0x0000000008000a70       0x24 CMakeFiles/Lab12.elf.dir/Core/Src/lcd.c.obj
                0x0000000008000a70                LCD_WR_DATAX
 .text.LCD_RD_DATA
                0x0000000008000a94       0x68 CMakeFiles/Lab12.elf.dir/Core/Src/lcd.c.obj
                0x0000000008000a94                LCD_RD_DATA
 .text.LCD_WriteReg
                0x0000000008000afc       0x2c CMakeFiles/Lab12.elf.dir/Core/Src/lcd.c.obj
                0x0000000008000afc                LCD_WriteReg
 .text.LCD_ReadReg
                0x0000000008000b28        0xc CMakeFiles/Lab12.elf.dir/Core/Src/lcd.c.obj
                0x0000000008000b28                LCD_ReadReg
 .text.LCD_WriteRAM_Prepare
                0x0000000008000b34       0x10 CMakeFiles/Lab12.elf.dir/Core/Src/lcd.c.obj
                0x0000000008000b34                LCD_WriteRAM_Prepare
 .text.LCD_SetCursor
                0x0000000008000b44      0x33c CMakeFiles/Lab12.elf.dir/Core/Src/lcd.c.obj
                0x0000000008000b44                LCD_SetCursor
 .text.LCD_Scan_Dir
                0x0000000008000e80      0x344 CMakeFiles/Lab12.elf.dir/Core/Src/lcd.c.obj
                0x0000000008000e80                LCD_Scan_Dir
 .text.LCD_Fast_DrawPoint
                0x00000000080011c4      0x33c CMakeFiles/Lab12.elf.dir/Core/Src/lcd.c.obj
                0x00000000080011c4                LCD_Fast_DrawPoint
 .text.LCD_SSD_BackLightSet
                0x0000000008001500       0xa0 CMakeFiles/Lab12.elf.dir/Core/Src/lcd.c.obj
                0x0000000008001500                LCD_SSD_BackLightSet
 .text.LCD_Display_Dir
                0x00000000080015a0      0x18c CMakeFiles/Lab12.elf.dir/Core/Src/lcd.c.obj
                0x00000000080015a0                LCD_Display_Dir
 .text.LCD_Clear
                0x000000000800172c       0x88 CMakeFiles/Lab12.elf.dir/Core/Src/lcd.c.obj
                0x000000000800172c                LCD_Clear
 .text.LCD_Init
                0x00000000080017b4     0x3974 CMakeFiles/Lab12.elf.dir/Core/Src/lcd.c.obj
                0x00000000080017b4                LCD_Init
 .text.LCD_Fill
                0x0000000008005128       0xb8 CMakeFiles/Lab12.elf.dir/Core/Src/lcd.c.obj
                0x0000000008005128                LCD_Fill
 .text.LCD_ShowChar
                0x00000000080051e0       0xf8 CMakeFiles/Lab12.elf.dir/Core/Src/lcd.c.obj
                0x00000000080051e0                LCD_ShowChar
 .text.LCD_ShowString
                0x00000000080052d8       0x5a CMakeFiles/Lab12.elf.dir/Core/Src/lcd.c.obj
                0x00000000080052d8                LCD_ShowString
 .text.Error_Handler
                0x0000000008005332        0x4 CMakeFiles/Lab12.elf.dir/Core/Src/main.c.obj
                0x0000000008005332                Error_Handler
 .text.SystemClock_Config
                0x0000000008005336       0x64 CMakeFiles/Lab12.elf.dir/Core/Src/main.c.obj
                0x0000000008005336                SystemClock_Config
 *fill*         0x000000000800539a        0x2 
 .text.main     0x000000000800539c      0x250 CMakeFiles/Lab12.elf.dir/Core/Src/main.c.obj
                0x000000000800539c                main
 .text.IIC_Init
                0x00000000080055ec       0x24 CMakeFiles/Lab12.elf.dir/Core/Src/myiic.c.obj
                0x00000000080055ec                IIC_Init
 .text.IIC_Start
                0x0000000008005610       0x58 CMakeFiles/Lab12.elf.dir/Core/Src/myiic.c.obj
                0x0000000008005610                IIC_Start
 .text.IIC_Stop
                0x0000000008005668       0x58 CMakeFiles/Lab12.elf.dir/Core/Src/myiic.c.obj
                0x0000000008005668                IIC_Stop
 .text.IIC_Wait_Ack
                0x00000000080056c0       0x74 CMakeFiles/Lab12.elf.dir/Core/Src/myiic.c.obj
                0x00000000080056c0                IIC_Wait_Ack
 .text.IIC_Ack  0x0000000008005734       0x58 CMakeFiles/Lab12.elf.dir/Core/Src/myiic.c.obj
                0x0000000008005734                IIC_Ack
 .text.IIC_NAck
                0x000000000800578c       0x58 CMakeFiles/Lab12.elf.dir/Core/Src/myiic.c.obj
                0x000000000800578c                IIC_NAck
 .text.IIC_Send_Byte
                0x00000000080057e4       0x70 CMakeFiles/Lab12.elf.dir/Core/Src/myiic.c.obj
                0x00000000080057e4                IIC_Send_Byte
 .text.IIC_Read_Byte
                0x0000000008005854       0x78 CMakeFiles/Lab12.elf.dir/Core/Src/myiic.c.obj
                0x0000000008005854                IIC_Read_Byte
 .text.HAL_MspInit
                0x00000000080058cc       0x4c CMakeFiles/Lab12.elf.dir/Core/Src/stm32f1xx_hal_msp.c.obj
                0x00000000080058cc                HAL_MspInit
 .text.NMI_Handler
                0x0000000008005918        0x2 CMakeFiles/Lab12.elf.dir/Core/Src/stm32f1xx_it.c.obj
                0x0000000008005918                NMI_Handler
 .text.HardFault_Handler
                0x000000000800591a        0x2 CMakeFiles/Lab12.elf.dir/Core/Src/stm32f1xx_it.c.obj
                0x000000000800591a                HardFault_Handler
 .text.MemManage_Handler
                0x000000000800591c        0x2 CMakeFiles/Lab12.elf.dir/Core/Src/stm32f1xx_it.c.obj
                0x000000000800591c                MemManage_Handler
 .text.BusFault_Handler
                0x000000000800591e        0x2 CMakeFiles/Lab12.elf.dir/Core/Src/stm32f1xx_it.c.obj
                0x000000000800591e                BusFault_Handler
 .text.UsageFault_Handler
                0x0000000008005920        0x2 CMakeFiles/Lab12.elf.dir/Core/Src/stm32f1xx_it.c.obj
                0x0000000008005920                UsageFault_Handler
 .text.SVC_Handler
                0x0000000008005922        0x2 CMakeFiles/Lab12.elf.dir/Core/Src/stm32f1xx_it.c.obj
                0x0000000008005922                SVC_Handler
 .text.DebugMon_Handler
                0x0000000008005924        0x2 CMakeFiles/Lab12.elf.dir/Core/Src/stm32f1xx_it.c.obj
                0x0000000008005924                DebugMon_Handler
 .text.PendSV_Handler
                0x0000000008005926        0x2 CMakeFiles/Lab12.elf.dir/Core/Src/stm32f1xx_it.c.obj
                0x0000000008005926                PendSV_Handler
 .text.SysTick_Handler
                0x0000000008005928        0x8 CMakeFiles/Lab12.elf.dir/Core/Src/stm32f1xx_it.c.obj
                0x0000000008005928                SysTick_Handler
 .text.USART1_IRQHandler
                0x0000000008005930       0x20 CMakeFiles/Lab12.elf.dir/Core/Src/stm32f1xx_it.c.obj
                0x0000000008005930                USART1_IRQHandler
 .text.HAL_UART_RxCpltCallback
                0x0000000008005950       0x4c CMakeFiles/Lab12.elf.dir/Core/Src/stm32f1xx_it.c.obj
                0x0000000008005950                HAL_UART_RxCpltCallback
 .text.SystemInit
                0x000000000800599c        0x2 CMakeFiles/Lab12.elf.dir/Core/Src/system_stm32f1xx.c.obj
                0x000000000800599c                SystemInit
 *fill*         0x000000000800599e        0x2 
 .text.MX_USART1_UART_Init
                0x00000000080059a0       0x34 CMakeFiles/Lab12.elf.dir/Core/Src/usart.c.obj
                0x00000000080059a0                MX_USART1_UART_Init
 .text.HAL_UART_MspInit
                0x00000000080059d4       0x88 CMakeFiles/Lab12.elf.dir/Core/Src/usart.c.obj
                0x00000000080059d4                HAL_UART_MspInit
 .text.Reset_Handler
                0x0000000008005a5c       0x48 CMakeFiles/Lab12.elf.dir/Core/Startup/startup_stm32f103rctx.s.obj
                0x0000000008005a5c                Reset_Handler
 .text.Default_Handler
                0x0000000008005aa4        0x2 CMakeFiles/Lab12.elf.dir/Core/Startup/startup_stm32f103rctx.s.obj
                0x0000000008005aa4                RTC_Alarm_IRQHandler
                0x0000000008005aa4                EXTI2_IRQHandler
                0x0000000008005aa4                TIM8_TRG_COM_IRQHandler
                0x0000000008005aa4                TIM8_CC_IRQHandler
                0x0000000008005aa4                TIM1_CC_IRQHandler
                0x0000000008005aa4                TIM6_IRQHandler
                0x0000000008005aa4                PVD_IRQHandler
                0x0000000008005aa4                SDIO_IRQHandler
                0x0000000008005aa4                EXTI3_IRQHandler
                0x0000000008005aa4                EXTI0_IRQHandler
                0x0000000008005aa4                I2C2_EV_IRQHandler
                0x0000000008005aa4                ADC1_2_IRQHandler
                0x0000000008005aa4                SPI1_IRQHandler
                0x0000000008005aa4                TAMPER_IRQHandler
                0x0000000008005aa4                TIM8_UP_IRQHandler
                0x0000000008005aa4                DMA2_Channel2_IRQHandler
                0x0000000008005aa4                DMA1_Channel4_IRQHandler
                0x0000000008005aa4                USART3_IRQHandler
                0x0000000008005aa4                RTC_IRQHandler
                0x0000000008005aa4                DMA1_Channel7_IRQHandler
                0x0000000008005aa4                CAN1_RX1_IRQHandler
                0x0000000008005aa4                UART5_IRQHandler
                0x0000000008005aa4                ADC3_IRQHandler
                0x0000000008005aa4                TIM4_IRQHandler
                0x0000000008005aa4                DMA2_Channel1_IRQHandler
                0x0000000008005aa4                I2C1_EV_IRQHandler
                0x0000000008005aa4                DMA1_Channel6_IRQHandler
                0x0000000008005aa4                UART4_IRQHandler
                0x0000000008005aa4                TIM3_IRQHandler
                0x0000000008005aa4                RCC_IRQHandler
                0x0000000008005aa4                TIM1_TRG_COM_IRQHandler
                0x0000000008005aa4                DMA1_Channel1_IRQHandler
                0x0000000008005aa4                Default_Handler
                0x0000000008005aa4                EXTI15_10_IRQHandler
                0x0000000008005aa4                TIM7_IRQHandler
                0x0000000008005aa4                TIM5_IRQHandler
                0x0000000008005aa4                EXTI9_5_IRQHandler
                0x0000000008005aa4                SPI2_IRQHandler
                0x0000000008005aa4                DMA1_Channel5_IRQHandler
                0x0000000008005aa4                EXTI4_IRQHandler
                0x0000000008005aa4                USB_LP_CAN1_RX0_IRQHandler
                0x0000000008005aa4                USB_HP_CAN1_TX_IRQHandler
                0x0000000008005aa4                DMA1_Channel3_IRQHandler
                0x0000000008005aa4                FSMC_IRQHandler
                0x0000000008005aa4                TIM1_UP_IRQHandler
                0x0000000008005aa4                WWDG_IRQHandler
                0x0000000008005aa4                TIM2_IRQHandler
                0x0000000008005aa4                TIM1_BRK_IRQHandler
                0x0000000008005aa4                EXTI1_IRQHandler
                0x0000000008005aa4                DMA2_Channel4_5_IRQHandler
                0x0000000008005aa4                USART2_IRQHandler
                0x0000000008005aa4                I2C2_ER_IRQHandler
                0x0000000008005aa4                DMA1_Channel2_IRQHandler
                0x0000000008005aa4                TIM8_BRK_IRQHandler
                0x0000000008005aa4                CAN1_SCE_IRQHandler
                0x0000000008005aa4                FLASH_IRQHandler
                0x0000000008005aa4                SPI3_IRQHandler
                0x0000000008005aa4                I2C1_ER_IRQHandler
                0x0000000008005aa4                USBWakeUp_IRQHandler
                0x0000000008005aa4                DMA2_Channel3_IRQHandler
 *fill*         0x0000000008005aa6        0x2 
 .text.HAL_InitTick
                0x0000000008005aa8       0x4c CMakeFiles/Lab12.elf.dir/Drivers/STM32F1xx_HAL_Driver/Src/stm32f1xx_hal.c.obj
                0x0000000008005aa8                HAL_InitTick
 .text.HAL_Init
                0x0000000008005af4       0x24 CMakeFiles/Lab12.elf.dir/Drivers/STM32F1xx_HAL_Driver/Src/stm32f1xx_hal.c.obj
                0x0000000008005af4                HAL_Init
 .text.HAL_IncTick
                0x0000000008005b18       0x18 CMakeFiles/Lab12.elf.dir/Drivers/STM32F1xx_HAL_Driver/Src/stm32f1xx_hal.c.obj
                0x0000000008005b18                HAL_IncTick
 .text.HAL_GetTick
                0x0000000008005b30        0xc CMakeFiles/Lab12.elf.dir/Drivers/STM32F1xx_HAL_Driver/Src/stm32f1xx_hal.c.obj
                0x0000000008005b30                HAL_GetTick
 .text.HAL_Delay
                0x0000000008005b3c       0x28 CMakeFiles/Lab12.elf.dir/Drivers/STM32F1xx_HAL_Driver/Src/stm32f1xx_hal.c.obj
                0x0000000008005b3c                HAL_Delay
 .text.HAL_NVIC_SetPriorityGrouping
                0x0000000008005b64       0x24 CMakeFiles/Lab12.elf.dir/Drivers/STM32F1xx_HAL_Driver/Src/stm32f1xx_hal_cortex.c.obj
                0x0000000008005b64                HAL_NVIC_SetPriorityGrouping
 .text.HAL_NVIC_SetPriority
                0x0000000008005b88       0x70 CMakeFiles/Lab12.elf.dir/Drivers/STM32F1xx_HAL_Driver/Src/stm32f1xx_hal_cortex.c.obj
                0x0000000008005b88                HAL_NVIC_SetPriority
 .text.HAL_NVIC_EnableIRQ
                0x0000000008005bf8       0x1c CMakeFiles/Lab12.elf.dir/Drivers/STM32F1xx_HAL_Driver/Src/stm32f1xx_hal_cortex.c.obj
                0x0000000008005bf8                HAL_NVIC_EnableIRQ
 .text.HAL_SYSTICK_Config
                0x0000000008005c14       0x28 CMakeFiles/Lab12.elf.dir/Drivers/STM32F1xx_HAL_Driver/Src/stm32f1xx_hal_cortex.c.obj
                0x0000000008005c14                HAL_SYSTICK_Config
 .text.HAL_DMA_Abort
                0x0000000008005c3c       0x46 CMakeFiles/Lab12.elf.dir/Drivers/STM32F1xx_HAL_Driver/Src/stm32f1xx_hal_dma.c.obj
                0x0000000008005c3c                HAL_DMA_Abort
 *fill*         0x0000000008005c82        0x2 
 .text.HAL_DMA_Abort_IT
                0x0000000008005c84      0x16c CMakeFiles/Lab12.elf.dir/Drivers/STM32F1xx_HAL_Driver/Src/stm32f1xx_hal_dma.c.obj
                0x0000000008005c84                HAL_DMA_Abort_IT
 .text.HAL_GPIO_Init
                0x0000000008005df0      0x240 CMakeFiles/Lab12.elf.dir/Drivers/STM32F1xx_HAL_Driver/Src/stm32f1xx_hal_gpio.c.obj
                0x0000000008005df0                HAL_GPIO_Init
 .text.HAL_GPIO_ReadPin
                0x0000000008006030        0xe CMakeFiles/Lab12.elf.dir/Drivers/STM32F1xx_HAL_Driver/Src/stm32f1xx_hal_gpio.c.obj
                0x0000000008006030                HAL_GPIO_ReadPin
 .text.HAL_GPIO_WritePin
                0x000000000800603e        0xc CMakeFiles/Lab12.elf.dir/Drivers/STM32F1xx_HAL_Driver/Src/stm32f1xx_hal_gpio.c.obj
                0x000000000800603e                HAL_GPIO_WritePin
 .text.HAL_GPIO_TogglePin
                0x000000000800604a       0x12 CMakeFiles/Lab12.elf.dir/Drivers/STM32F1xx_HAL_Driver/Src/stm32f1xx_hal_gpio.c.obj
                0x000000000800604a                HAL_GPIO_TogglePin
 .text.RCC_Delay
                0x000000000800605c       0x2c CMakeFiles/Lab12.elf.dir/Drivers/STM32F1xx_HAL_Driver/Src/stm32f1xx_hal_rcc.c.obj
 .text.HAL_RCC_OscConfig
                0x0000000008006088      0x410 CMakeFiles/Lab12.elf.dir/Drivers/STM32F1xx_HAL_Driver/Src/stm32f1xx_hal_rcc.c.obj
                0x0000000008006088                HAL_RCC_OscConfig
 .text.HAL_RCC_GetSysClockFreq
                0x0000000008006498       0x54 CMakeFiles/Lab12.elf.dir/Drivers/STM32F1xx_HAL_Driver/Src/stm32f1xx_hal_rcc.c.obj
                0x0000000008006498                HAL_RCC_GetSysClockFreq
 .text.HAL_RCC_ClockConfig
                0x00000000080064ec      0x16c CMakeFiles/Lab12.elf.dir/Drivers/STM32F1xx_HAL_Driver/Src/stm32f1xx_hal_rcc.c.obj
                0x00000000080064ec                HAL_RCC_ClockConfig
 .text.HAL_RCC_GetHCLKFreq
                0x0000000008006658        0xc CMakeFiles/Lab12.elf.dir/Drivers/STM32F1xx_HAL_Driver/Src/stm32f1xx_hal_rcc.c.obj
                0x0000000008006658                HAL_RCC_GetHCLKFreq
 .text.HAL_RCC_GetPCLK1Freq
                0x0000000008006664       0x20 CMakeFiles/Lab12.elf.dir/Drivers/STM32F1xx_HAL_Driver/Src/stm32f1xx_hal_rcc.c.obj
                0x0000000008006664                HAL_RCC_GetPCLK1Freq
 .text.HAL_RCC_GetPCLK2Freq
                0x0000000008006684       0x20 CMakeFiles/Lab12.elf.dir/Drivers/STM32F1xx_HAL_Driver/Src/stm32f1xx_hal_rcc.c.obj
                0x0000000008006684                HAL_RCC_GetPCLK2Freq
 .text.UART_EndRxTransfer
                0x00000000080066a4       0x5c CMakeFiles/Lab12.elf.dir/Drivers/STM32F1xx_HAL_Driver/Src/stm32f1xx_hal_uart.c.obj
 .text.UART_Transmit_IT
                0x0000000008006700       0x60 CMakeFiles/Lab12.elf.dir/Drivers/STM32F1xx_HAL_Driver/Src/stm32f1xx_hal_uart.c.obj
 .text.UART_SetConfig
                0x0000000008006760       0x94 CMakeFiles/Lab12.elf.dir/Drivers/STM32F1xx_HAL_Driver/Src/stm32f1xx_hal_uart.c.obj
 .text.UART_WaitOnFlagUntilTimeout
                0x00000000080067f4       0x84 CMakeFiles/Lab12.elf.dir/Drivers/STM32F1xx_HAL_Driver/Src/stm32f1xx_hal_uart.c.obj
 .text.HAL_UART_Init
                0x0000000008006878       0x60 CMakeFiles/Lab12.elf.dir/Drivers/STM32F1xx_HAL_Driver/Src/stm32f1xx_hal_uart.c.obj
                0x0000000008006878                HAL_UART_Init
 .text.HAL_UART_Transmit
                0x00000000080068d8       0xbe CMakeFiles/Lab12.elf.dir/Drivers/STM32F1xx_HAL_Driver/Src/stm32f1xx_hal_uart.c.obj
                0x00000000080068d8                HAL_UART_Transmit
 .text.HAL_UART_TxCpltCallback
                0x0000000008006996        0x2 CMakeFiles/Lab12.elf.dir/Drivers/STM32F1xx_HAL_Driver/Src/stm32f1xx_hal_uart.c.obj
                0x0000000008006996                HAL_UART_TxCpltCallback
 .text.UART_EndTransmit_IT
                0x0000000008006998       0x1a CMakeFiles/Lab12.elf.dir/Drivers/STM32F1xx_HAL_Driver/Src/stm32f1xx_hal_uart.c.obj
 .text.HAL_UART_ErrorCallback
                0x00000000080069b2        0x2 CMakeFiles/Lab12.elf.dir/Drivers/STM32F1xx_HAL_Driver/Src/stm32f1xx_hal_uart.c.obj
                0x00000000080069b2                HAL_UART_ErrorCallback
 .text.UART_DMAAbortOnError
                0x00000000080069b4       0x10 CMakeFiles/Lab12.elf.dir/Drivers/STM32F1xx_HAL_Driver/Src/stm32f1xx_hal_uart.c.obj
 .text.HAL_UARTEx_RxEventCallback
                0x00000000080069c4        0x2 CMakeFiles/Lab12.elf.dir/Drivers/STM32F1xx_HAL_Driver/Src/stm32f1xx_hal_uart.c.obj
                0x00000000080069c4                HAL_UARTEx_RxEventCallback
 .text.UART_Receive_IT
                0x00000000080069c6       0xe6 CMakeFiles/Lab12.elf.dir/Drivers/STM32F1xx_HAL_Driver/Src/stm32f1xx_hal_uart.c.obj
 .text.HAL_UART_IRQHandler
                0x0000000008006aac      0x288 CMakeFiles/Lab12.elf.dir/Drivers/STM32F1xx_HAL_Driver/Src/stm32f1xx_hal_uart.c.obj
                0x0000000008006aac                HAL_UART_IRQHandler
 .text.UART_Start_Receive_IT
                0x0000000008006d34       0x36 CMakeFiles/Lab12.elf.dir/Drivers/STM32F1xx_HAL_Driver/Src/stm32f1xx_hal_uart.c.obj
                0x0000000008006d34                UART_Start_Receive_IT
 .text.HAL_UART_Receive_IT
                0x0000000008006d6a       0x26 CMakeFiles/Lab12.elf.dir/Drivers/STM32F1xx_HAL_Driver/Src/stm32f1xx_hal_uart.c.obj
                0x0000000008006d6a                HAL_UART_Receive_IT
 .text.memset   0x0000000008006d90       0x10 D:/software/STM32CubeIDE_1.13.2/STM32CubeIDE/plugins/com.st.stm32cube.ide.mcu.externaltools.gnu-tools-for-stm32.11.3.rel1.win32_1.1.1.202309131626/tools/bin/../lib/gcc/arm-none-eabi/11.3.1/../../../../arm-none-eabi/lib/thumb/v7-m/nofp\libg.a(libc_a-memset.o)
                0x0000000008006d90                memset
 .text.__libc_init_array
                0x0000000008006da0       0x48 D:/software/STM32CubeIDE_1.13.2/STM32CubeIDE/plugins/com.st.stm32cube.ide.mcu.externaltools.gnu-tools-for-stm32.11.3.rel1.win32_1.1.1.202309131626/tools/bin/../lib/gcc/arm-none-eabi/11.3.1/../../../../arm-none-eabi/lib/thumb/v7-m/nofp\libg.a(libc_a-init.o)
                0x0000000008006da0                __libc_init_array
 .text.__retarget_lock_acquire_recursive
                0x0000000008006de8        0x2 D:/software/STM32CubeIDE_1.13.2/STM32CubeIDE/plugins/com.st.stm32cube.ide.mcu.externaltools.gnu-tools-for-stm32.11.3.rel1.win32_1.1.1.202309131626/tools/bin/../lib/gcc/arm-none-eabi/11.3.1/../../../../arm-none-eabi/lib/thumb/v7-m/nofp\libg.a(libc_a-lock.o)
                0x0000000008006de8                __retarget_lock_acquire_recursive
 .text.__retarget_lock_release_recursive
                0x0000000008006dea        0x2 D:/software/STM32CubeIDE_1.13.2/STM32CubeIDE/plugins/com.st.stm32cube.ide.mcu.externaltools.gnu-tools-for-stm32.11.3.rel1.win32_1.1.1.202309131626/tools/bin/../lib/gcc/arm-none-eabi/11.3.1/../../../../arm-none-eabi/lib/thumb/v7-m/nofp\libg.a(libc_a-lock.o)
                0x0000000008006dea                __retarget_lock_release_recursive
 .text.startup.register_fini
                0x0000000008006dec       0x14 D:/software/STM32CubeIDE_1.13.2/STM32CubeIDE/plugins/com.st.stm32cube.ide.mcu.externaltools.gnu-tools-for-stm32.11.3.rel1.win32_1.1.1.202309131626/tools/bin/../lib/gcc/arm-none-eabi/11.3.1/../../../../arm-none-eabi/lib/thumb/v7-m/nofp\libg.a(libc_a-__call_atexit.o)
 .text.atexit   0x0000000008006e00        0xc D:/software/STM32CubeIDE_1.13.2/STM32CubeIDE/plugins/com.st.stm32cube.ide.mcu.externaltools.gnu-tools-for-stm32.11.3.rel1.win32_1.1.1.202309131626/tools/bin/../lib/gcc/arm-none-eabi/11.3.1/../../../../arm-none-eabi/lib/thumb/v7-m/nofp\libg.a(libc_a-atexit.o)
                0x0000000008006e00                atexit
 .text.__libc_fini_array
                0x0000000008006e0c       0x28 D:/software/STM32CubeIDE_1.13.2/STM32CubeIDE/plugins/com.st.stm32cube.ide.mcu.externaltools.gnu-tools-for-stm32.11.3.rel1.win32_1.1.1.202309131626/tools/bin/../lib/gcc/arm-none-eabi/11.3.1/../../../../arm-none-eabi/lib/thumb/v7-m/nofp\libg.a(libc_a-fini.o)
                0x0000000008006e0c                __libc_fini_array
 .text.__register_exitproc
                0x0000000008006e34       0x80 D:/software/STM32CubeIDE_1.13.2/STM32CubeIDE/plugins/com.st.stm32cube.ide.mcu.externaltools.gnu-tools-for-stm32.11.3.rel1.win32_1.1.1.202309131626/tools/bin/../lib/gcc/arm-none-eabi/11.3.1/../../../../arm-none-eabi/lib/thumb/v7-m/nofp\libg.a(libc_a-__atexit.o)
                0x0000000008006e34                __register_exitproc
 *(.glue_7)
 .glue_7        0x0000000008006eb4        0x0 linker stubs
 *(.glue_7t)
 .glue_7t       0x0000000008006eb4        0x0 linker stubs
 *(.eh_frame)
 .eh_frame      0x0000000008006eb4        0x0 D:/software/STM32CubeIDE_1.13.2/STM32CubeIDE/plugins/com.st.stm32cube.ide.mcu.externaltools.gnu-tools-for-stm32.11.3.rel1.win32_1.1.1.202309131626/tools/bin/../lib/gcc/arm-none-eabi/11.3.1/thumb/v7-m/nofp/crtbegin.o
 *(.init)
 .init          0x0000000008006eb4        0x4 D:/software/STM32CubeIDE_1.13.2/STM32CubeIDE/plugins/com.st.stm32cube.ide.mcu.externaltools.gnu-tools-for-stm32.11.3.rel1.win32_1.1.1.202309131626/tools/bin/../lib/gcc/arm-none-eabi/11.3.1/thumb/v7-m/nofp/crti.o
                0x0000000008006eb4                _init
 .init          0x0000000008006eb8        0x8 D:/software/STM32CubeIDE_1.13.2/STM32CubeIDE/plugins/com.st.stm32cube.ide.mcu.externaltools.gnu-tools-for-stm32.11.3.rel1.win32_1.1.1.202309131626/tools/bin/../lib/gcc/arm-none-eabi/11.3.1/thumb/v7-m/nofp/crtn.o
 *(.fini)
 .fini          0x0000000008006ec0        0x4 D:/software/STM32CubeIDE_1.13.2/STM32CubeIDE/plugins/com.st.stm32cube.ide.mcu.externaltools.gnu-tools-for-stm32.11.3.rel1.win32_1.1.1.202309131626/tools/bin/../lib/gcc/arm-none-eabi/11.3.1/thumb/v7-m/nofp/crti.o
                0x0000000008006ec0                _fini
 .fini          0x0000000008006ec4        0x8 D:/software/STM32CubeIDE_1.13.2/STM32CubeIDE/plugins/com.st.stm32cube.ide.mcu.externaltools.gnu-tools-for-stm32.11.3.rel1.win32_1.1.1.202309131626/tools/bin/../lib/gcc/arm-none-eabi/11.3.1/thumb/v7-m/nofp/crtn.o
                0x0000000008006ecc                . = ALIGN (0x4)
                0x0000000008006ecc                _etext = .

.vfp11_veneer   0x0000000008006ecc        0x0
 .vfp11_veneer  0x0000000008006ecc        0x0 linker stubs

.v4_bx          0x0000000008006ecc        0x0
 .v4_bx         0x0000000008006ecc        0x0 linker stubs

.iplt           0x0000000008006ecc        0x0
 .iplt          0x0000000008006ecc        0x0 D:/software/STM32CubeIDE_1.13.2/STM32CubeIDE/plugins/com.st.stm32cube.ide.mcu.externaltools.gnu-tools-for-stm32.11.3.rel1.win32_1.1.1.202309131626/tools/bin/../lib/gcc/arm-none-eabi/11.3.1/thumb/v7-m/nofp/crtbegin.o

.rodata         0x0000000008006ecc     0x18c4
                0x0000000008006ecc                . = ALIGN (0x4)
 *(.rodata)
 *(.rodata*)
 .rodata.asc2_1206
                0x0000000008006ecc      0x474 CMakeFiles/Lab12.elf.dir/Core/Src/lcd.c.obj
                0x0000000008006ecc                asc2_1206
 .rodata.asc2_1608
                0x0000000008007340      0x5f0 CMakeFiles/Lab12.elf.dir/Core/Src/lcd.c.obj
                0x0000000008007340                asc2_1608
 .rodata.asc2_2412
                0x0000000008007930      0xd5c CMakeFiles/Lab12.elf.dir/Core/Src/lcd.c.obj
                0x0000000008007930                asc2_2412
 .rodata.main.str1.4
                0x000000000800868c       0xd7 CMakeFiles/Lab12.elf.dir/Core/Src/main.c.obj
 *fill*         0x0000000008008763        0x1 
 .rodata.AHBPrescTable
                0x0000000008008764       0x10 CMakeFiles/Lab12.elf.dir/Core/Src/system_stm32f1xx.c.obj
                0x0000000008008764                AHBPrescTable
 .rodata.APBPrescTable
                0x0000000008008774        0x8 CMakeFiles/Lab12.elf.dir/Core/Src/system_stm32f1xx.c.obj
                0x0000000008008774                APBPrescTable
 .rodata.aPLLMULFactorTable.1
                0x000000000800877c       0x10 CMakeFiles/Lab12.elf.dir/Drivers/STM32F1xx_HAL_Driver/Src/stm32f1xx_hal_rcc.c.obj
 .rodata.aPredivFactorTable.0
                0x000000000800878c        0x2 CMakeFiles/Lab12.elf.dir/Drivers/STM32F1xx_HAL_Driver/Src/stm32f1xx_hal_rcc.c.obj
                0x0000000008008790                . = ALIGN (0x4)
 *fill*         0x000000000800878e        0x2 

.rel.dyn        0x0000000008008790        0x0
 .rel.iplt      0x0000000008008790        0x0 D:/software/STM32CubeIDE_1.13.2/STM32CubeIDE/plugins/com.st.stm32cube.ide.mcu.externaltools.gnu-tools-for-stm32.11.3.rel1.win32_1.1.1.202309131626/tools/bin/../lib/gcc/arm-none-eabi/11.3.1/thumb/v7-m/nofp/crtbegin.o

.ARM.extab      0x0000000008008790        0x0
                0x0000000008008790                . = ALIGN (0x4)
 *(.ARM.extab* .gnu.linkonce.armextab.*)
                0x0000000008008790                . = ALIGN (0x4)

.ARM            0x0000000008008790        0x0
                0x0000000008008790                . = ALIGN (0x4)
                0x0000000008008790                __exidx_start = .
 *(.ARM.exidx*)
                0x0000000008008790                __exidx_end = .
                0x0000000008008790                . = ALIGN (0x4)

.preinit_array  0x0000000008008790        0x0
                0x0000000008008790                . = ALIGN (0x4)
                0x0000000008008790                PROVIDE (__preinit_array_start = .)
 *(.preinit_array*)
                0x0000000008008790                PROVIDE (__preinit_array_end = .)
                0x0000000008008790                . = ALIGN (0x4)

.init_array     0x0000000008008790        0x8
                0x0000000008008790                . = ALIGN (0x4)
                0x0000000008008790                PROVIDE (__init_array_start = .)
 *(SORT_BY_NAME(.init_array.*))
 .init_array.00000
                0x0000000008008790        0x4 D:/software/STM32CubeIDE_1.13.2/STM32CubeIDE/plugins/com.st.stm32cube.ide.mcu.externaltools.gnu-tools-for-stm32.11.3.rel1.win32_1.1.1.202309131626/tools/bin/../lib/gcc/arm-none-eabi/11.3.1/../../../../arm-none-eabi/lib/thumb/v7-m/nofp\libg.a(libc_a-__call_atexit.o)
 *(.init_array*)
 .init_array    0x0000000008008794        0x4 D:/software/STM32CubeIDE_1.13.2/STM32CubeIDE/plugins/com.st.stm32cube.ide.mcu.externaltools.gnu-tools-for-stm32.11.3.rel1.win32_1.1.1.202309131626/tools/bin/../lib/gcc/arm-none-eabi/11.3.1/thumb/v7-m/nofp/crtbegin.o
                0x0000000008008798                PROVIDE (__init_array_end = .)
                0x0000000008008798                . = ALIGN (0x4)

.fini_array     0x0000000008008798        0x4
                0x0000000008008798                . = ALIGN (0x4)
                0x0000000008008798                PROVIDE (__fini_array_start = .)
 *(SORT_BY_NAME(.fini_array.*))
 *(.fini_array*)
 .fini_array    0x0000000008008798        0x4 D:/software/STM32CubeIDE_1.13.2/STM32CubeIDE/plugins/com.st.stm32cube.ide.mcu.externaltools.gnu-tools-for-stm32.11.3.rel1.win32_1.1.1.202309131626/tools/bin/../lib/gcc/arm-none-eabi/11.3.1/thumb/v7-m/nofp/crtbegin.o
                0x000000000800879c                PROVIDE (__fini_array_end = .)
                0x000000000800879c                . = ALIGN (0x4)
                0x000000000800879c                _sidata = LOADADDR (.data)

.data           0x0000000020000000       0x14 load address 0x000000000800879c
                0x0000000020000000                . = ALIGN (0x4)
                0x0000000020000000                _sdata = .
 *(.data)
 *(.data*)
 .data.BACK_COLOR
                0x0000000020000000        0x2 CMakeFiles/Lab12.elf.dir/Core/Src/lcd.c.obj
                0x0000000020000000                BACK_COLOR
 *fill*         0x0000000020000002        0x2 
 .data.SystemCoreClock
                0x0000000020000004        0x4 CMakeFiles/Lab12.elf.dir/Core/Src/system_stm32f1xx.c.obj
                0x0000000020000004                SystemCoreClock
 .data.uwTickFreq
                0x0000000020000008        0x1 CMakeFiles/Lab12.elf.dir/Drivers/STM32F1xx_HAL_Driver/Src/stm32f1xx_hal.c.obj
                0x0000000020000008                uwTickFreq
 *fill*         0x0000000020000009        0x3 
 .data.uwTickPrio
                0x000000002000000c        0x4 CMakeFiles/Lab12.elf.dir/Drivers/STM32F1xx_HAL_Driver/Src/stm32f1xx_hal.c.obj
                0x000000002000000c                uwTickPrio
 .data.__atexit_recursive_mutex
                0x0000000020000010        0x4 D:/software/STM32CubeIDE_1.13.2/STM32CubeIDE/plugins/com.st.stm32cube.ide.mcu.externaltools.gnu-tools-for-stm32.11.3.rel1.win32_1.1.1.202309131626/tools/bin/../lib/gcc/arm-none-eabi/11.3.1/../../../../arm-none-eabi/lib/thumb/v7-m/nofp\libg.a(libc_a-__call_atexit.o)
                0x0000000020000010                __atexit_recursive_mutex
 *(.RamFunc)
 *(.RamFunc*)
                0x0000000020000014                . = ALIGN (0x4)
                0x0000000020000014                _edata = .

.igot.plt       0x0000000020000014        0x0 load address 0x00000000080087b0
 .igot.plt      0x0000000020000014        0x0 D:/software/STM32CubeIDE_1.13.2/STM32CubeIDE/plugins/com.st.stm32cube.ide.mcu.externaltools.gnu-tools-for-stm32.11.3.rel1.win32_1.1.1.202309131626/tools/bin/../lib/gcc/arm-none-eabi/11.3.1/thumb/v7-m/nofp/crtbegin.o
                0x0000000020000014                . = ALIGN (0x4)

.bss            0x0000000020000014      0x62c load address 0x00000000080087b0
                0x0000000020000014                _sbss = .
                0x0000000020000014                __bss_start__ = _sbss
 *(.bss)
 .bss           0x0000000020000014       0x1c D:/software/STM32CubeIDE_1.13.2/STM32CubeIDE/plugins/com.st.stm32cube.ide.mcu.externaltools.gnu-tools-for-stm32.11.3.rel1.win32_1.1.1.202309131626/tools/bin/../lib/gcc/arm-none-eabi/11.3.1/thumb/v7-m/nofp/crtbegin.o
 *(.bss*)
 .bss.POINT_COLOR
                0x0000000020000030        0x2 CMakeFiles/Lab12.elf.dir/Core/Src/lcd.c.obj
                0x0000000020000030                POINT_COLOR
 *fill*         0x0000000020000032        0x2 
 .bss.lcddev    0x0000000020000034        0xe CMakeFiles/Lab12.elf.dir/Core/Src/lcd.c.obj
                0x0000000020000034                lcddev
 *fill*         0x0000000020000042        0x2 
 .bss.rxBuffer  0x0000000020000044       0x14 CMakeFiles/Lab12.elf.dir/Core/Src/stm32f1xx_it.c.obj
                0x0000000020000044                rxBuffer
 .bss.uLength   0x0000000020000058        0x4 CMakeFiles/Lab12.elf.dir/Core/Src/stm32f1xx_it.c.obj
                0x0000000020000058                uLength
 .bss.uRx_Data  0x000000002000005c      0x400 CMakeFiles/Lab12.elf.dir/Core/Src/stm32f1xx_it.c.obj
                0x000000002000005c                uRx_Data
 .bss.huart1    0x000000002000045c       0x48 CMakeFiles/Lab12.elf.dir/Core/Src/usart.c.obj
                0x000000002000045c                huart1
 .bss.uwTick    0x00000000200004a4        0x4 CMakeFiles/Lab12.elf.dir/Drivers/STM32F1xx_HAL_Driver/Src/stm32f1xx_hal.c.obj
                0x00000000200004a4                uwTick
 .bss.__lock___atexit_recursive_mutex
                0x00000000200004a8        0x1 D:/software/STM32CubeIDE_1.13.2/STM32CubeIDE/plugins/com.st.stm32cube.ide.mcu.externaltools.gnu-tools-for-stm32.11.3.rel1.win32_1.1.1.202309131626/tools/bin/../lib/gcc/arm-none-eabi/11.3.1/../../../../arm-none-eabi/lib/thumb/v7-m/nofp\libg.a(libc_a-lock.o)
                0x00000000200004a8                __lock___atexit_recursive_mutex
 *fill*         0x00000000200004a9        0x3 
 .bss.__atexit  0x00000000200004ac        0x4 D:/software/STM32CubeIDE_1.13.2/STM32CubeIDE/plugins/com.st.stm32cube.ide.mcu.externaltools.gnu-tools-for-stm32.11.3.rel1.win32_1.1.1.202309131626/tools/bin/../lib/gcc/arm-none-eabi/11.3.1/../../../../arm-none-eabi/lib/thumb/v7-m/nofp\libg.a(libc_a-__call_atexit.o)
                0x00000000200004ac                __atexit
 .bss.__atexit0
                0x00000000200004b0      0x190 D:/software/STM32CubeIDE_1.13.2/STM32CubeIDE/plugins/com.st.stm32cube.ide.mcu.externaltools.gnu-tools-for-stm32.11.3.rel1.win32_1.1.1.202309131626/tools/bin/../lib/gcc/arm-none-eabi/11.3.1/../../../../arm-none-eabi/lib/thumb/v7-m/nofp\libg.a(libc_a-__atexit.o)
                0x00000000200004b0                __atexit0
 *(COMMON)
                0x0000000020000640                . = ALIGN (0x4)
                0x0000000020000640                _ebss = .
                0x0000000020000640                __bss_end__ = _ebss

._user_heap_stack
                0x0000000020000640      0x600 load address 0x00000000080087b0
                0x0000000020000640                . = ALIGN (0x8)
                [!provide]                        PROVIDE (end = .)
                0x0000000020000640                PROVIDE (_end = .)
                0x0000000020000840                . = (. + _Min_Heap_Size)
 *fill*         0x0000000020000640      0x200 
                0x0000000020000c40                . = (. + _Min_Stack_Size)
 *fill*         0x0000000020000840      0x400 
                0x0000000020000c40                . = ALIGN (0x8)

/DISCARD/
 libc.a(*)
 libm.a(*)
 libgcc.a(*)

.ARM.attributes
                0x0000000000000000       0x29
 *(.ARM.attributes)
 .ARM.attributes
                0x0000000000000000       0x1d D:/software/STM32CubeIDE_1.13.2/STM32CubeIDE/plugins/com.st.stm32cube.ide.mcu.externaltools.gnu-tools-for-stm32.11.3.rel1.win32_1.1.1.202309131626/tools/bin/../lib/gcc/arm-none-eabi/11.3.1/thumb/v7-m/nofp/crti.o
 .ARM.attributes
                0x000000000000001d       0x2d D:/software/STM32CubeIDE_1.13.2/STM32CubeIDE/plugins/com.st.stm32cube.ide.mcu.externaltools.gnu-tools-for-stm32.11.3.rel1.win32_1.1.1.202309131626/tools/bin/../lib/gcc/arm-none-eabi/11.3.1/thumb/v7-m/nofp/crtbegin.o
 .ARM.attributes
                0x000000000000004a       0x2d CMakeFiles/Lab12.elf.dir/Core/Src/24cxx.c.obj
 .ARM.attributes
                0x0000000000000077       0x2d CMakeFiles/Lab12.elf.dir/Core/Src/gpio.c.obj
 .ARM.attributes
                0x00000000000000a4       0x2d CMakeFiles/Lab12.elf.dir/Core/Src/lcd.c.obj
 .ARM.attributes
                0x00000000000000d1       0x2d CMakeFiles/Lab12.elf.dir/Core/Src/main.c.obj
 .ARM.attributes
                0x00000000000000fe       0x2d CMakeFiles/Lab12.elf.dir/Core/Src/myiic.c.obj
 .ARM.attributes
                0x000000000000012b       0x2d CMakeFiles/Lab12.elf.dir/Core/Src/stm32f1xx_hal_msp.c.obj
 .ARM.attributes
                0x0000000000000158       0x2d CMakeFiles/Lab12.elf.dir/Core/Src/stm32f1xx_it.c.obj
 .ARM.attributes
                0x0000000000000185       0x2d CMakeFiles/Lab12.elf.dir/Core/Src/system_stm32f1xx.c.obj
 .ARM.attributes
                0x00000000000001b2       0x2d CMakeFiles/Lab12.elf.dir/Core/Src/usart.c.obj
 .ARM.attributes
                0x00000000000001df       0x21 CMakeFiles/Lab12.elf.dir/Core/Startup/startup_stm32f103rctx.s.obj
 .ARM.attributes
                0x0000000000000200       0x2d CMakeFiles/Lab12.elf.dir/Drivers/STM32F1xx_HAL_Driver/Src/stm32f1xx_hal.c.obj
 .ARM.attributes
                0x000000000000022d       0x2d CMakeFiles/Lab12.elf.dir/Drivers/STM32F1xx_HAL_Driver/Src/stm32f1xx_hal_cortex.c.obj
 .ARM.attributes
                0x000000000000025a       0x2d CMakeFiles/Lab12.elf.dir/Drivers/STM32F1xx_HAL_Driver/Src/stm32f1xx_hal_dma.c.obj
 .ARM.attributes
                0x0000000000000287       0x2d CMakeFiles/Lab12.elf.dir/Drivers/STM32F1xx_HAL_Driver/Src/stm32f1xx_hal_gpio.c.obj
 .ARM.attributes
                0x00000000000002b4       0x2d CMakeFiles/Lab12.elf.dir/Drivers/STM32F1xx_HAL_Driver/Src/stm32f1xx_hal_rcc.c.obj
 .ARM.attributes
                0x00000000000002e1       0x2d CMakeFiles/Lab12.elf.dir/Drivers/STM32F1xx_HAL_Driver/Src/stm32f1xx_hal_uart.c.obj
 .ARM.attributes
                0x000000000000030e       0x1d D:/software/STM32CubeIDE_1.13.2/STM32CubeIDE/plugins/com.st.stm32cube.ide.mcu.externaltools.gnu-tools-for-stm32.11.3.rel1.win32_1.1.1.202309131626/tools/bin/../lib/gcc/arm-none-eabi/11.3.1/thumb/v7-m/nofp\libgcc.a(_arm_muldf3.o)
 .ARM.attributes
                0x000000000000032b       0x1d D:/software/STM32CubeIDE_1.13.2/STM32CubeIDE/plugins/com.st.stm32cube.ide.mcu.externaltools.gnu-tools-for-stm32.11.3.rel1.win32_1.1.1.202309131626/tools/bin/../lib/gcc/arm-none-eabi/11.3.1/thumb/v7-m/nofp\libgcc.a(_arm_addsubdf3.o)
 .ARM.attributes
                0x0000000000000348       0x1d D:/software/STM32CubeIDE_1.13.2/STM32CubeIDE/plugins/com.st.stm32cube.ide.mcu.externaltools.gnu-tools-for-stm32.11.3.rel1.win32_1.1.1.202309131626/tools/bin/../lib/gcc/arm-none-eabi/11.3.1/thumb/v7-m/nofp\libgcc.a(_arm_fixunsdfsi.o)
 .ARM.attributes
                0x0000000000000365       0x2d D:/software/STM32CubeIDE_1.13.2/STM32CubeIDE/plugins/com.st.stm32cube.ide.mcu.externaltools.gnu-tools-for-stm32.11.3.rel1.win32_1.1.1.202309131626/tools/bin/../lib/gcc/arm-none-eabi/11.3.1/../../../../arm-none-eabi/lib/thumb/v7-m/nofp\libg.a(libc_a-memset.o)
 .ARM.attributes
                0x0000000000000392       0x2d D:/software/STM32CubeIDE_1.13.2/STM32CubeIDE/plugins/com.st.stm32cube.ide.mcu.externaltools.gnu-tools-for-stm32.11.3.rel1.win32_1.1.1.202309131626/tools/bin/../lib/gcc/arm-none-eabi/11.3.1/../../../../arm-none-eabi/lib/thumb/v7-m/nofp\libg.a(libc_a-init.o)
 .ARM.attributes
                0x00000000000003bf       0x2d D:/software/STM32CubeIDE_1.13.2/STM32CubeIDE/plugins/com.st.stm32cube.ide.mcu.externaltools.gnu-tools-for-stm32.11.3.rel1.win32_1.1.1.202309131626/tools/bin/../lib/gcc/arm-none-eabi/11.3.1/../../../../arm-none-eabi/lib/thumb/v7-m/nofp\libg.a(libc_a-lock.o)
 .ARM.attributes
                0x00000000000003ec       0x17 D:/software/STM32CubeIDE_1.13.2/STM32CubeIDE/plugins/com.st.stm32cube.ide.mcu.externaltools.gnu-tools-for-stm32.11.3.rel1.win32_1.1.1.202309131626/tools/bin/../lib/gcc/arm-none-eabi/11.3.1/../../../../arm-none-eabi/lib/thumb/v7-m/nofp\libg.a(libc_a-strlen.o)
 .ARM.attributes
                0x0000000000000403       0x2d D:/software/STM32CubeIDE_1.13.2/STM32CubeIDE/plugins/com.st.stm32cube.ide.mcu.externaltools.gnu-tools-for-stm32.11.3.rel1.win32_1.1.1.202309131626/tools/bin/../lib/gcc/arm-none-eabi/11.3.1/../../../../arm-none-eabi/lib/thumb/v7-m/nofp\libg.a(libc_a-__call_atexit.o)
 .ARM.attributes
                0x0000000000000430       0x2d D:/software/STM32CubeIDE_1.13.2/STM32CubeIDE/plugins/com.st.stm32cube.ide.mcu.externaltools.gnu-tools-for-stm32.11.3.rel1.win32_1.1.1.202309131626/tools/bin/../lib/gcc/arm-none-eabi/11.3.1/../../../../arm-none-eabi/lib/thumb/v7-m/nofp\libg.a(libc_a-atexit.o)
 .ARM.attributes
                0x000000000000045d       0x2d D:/software/STM32CubeIDE_1.13.2/STM32CubeIDE/plugins/com.st.stm32cube.ide.mcu.externaltools.gnu-tools-for-stm32.11.3.rel1.win32_1.1.1.202309131626/tools/bin/../lib/gcc/arm-none-eabi/11.3.1/../../../../arm-none-eabi/lib/thumb/v7-m/nofp\libg.a(libc_a-fini.o)
 .ARM.attributes
                0x000000000000048a       0x2d D:/software/STM32CubeIDE_1.13.2/STM32CubeIDE/plugins/com.st.stm32cube.ide.mcu.externaltools.gnu-tools-for-stm32.11.3.rel1.win32_1.1.1.202309131626/tools/bin/../lib/gcc/arm-none-eabi/11.3.1/../../../../arm-none-eabi/lib/thumb/v7-m/nofp\libg.a(libc_a-__atexit.o)
 .ARM.attributes
                0x00000000000004b7       0x1d D:/software/STM32CubeIDE_1.13.2/STM32CubeIDE/plugins/com.st.stm32cube.ide.mcu.externaltools.gnu-tools-for-stm32.11.3.rel1.win32_1.1.1.202309131626/tools/bin/../lib/gcc/arm-none-eabi/11.3.1/thumb/v7-m/nofp/crtn.o
OUTPUT(Lab12.elf elf32-littlearm)
LOAD linker stubs
LOAD D:/software/STM32CubeIDE_1.13.2/STM32CubeIDE/plugins/com.st.stm32cube.ide.mcu.externaltools.gnu-tools-for-stm32.11.3.rel1.win32_1.1.1.202309131626/tools/bin/../lib/gcc/arm-none-eabi/11.3.1/../../../../arm-none-eabi/lib/thumb/v7-m/nofp\libc.a
LOAD D:/software/STM32CubeIDE_1.13.2/STM32CubeIDE/plugins/com.st.stm32cube.ide.mcu.externaltools.gnu-tools-for-stm32.11.3.rel1.win32_1.1.1.202309131626/tools/bin/../lib/gcc/arm-none-eabi/11.3.1/../../../../arm-none-eabi/lib/thumb/v7-m/nofp\libm.a
LOAD D:/software/STM32CubeIDE_1.13.2/STM32CubeIDE/plugins/com.st.stm32cube.ide.mcu.externaltools.gnu-tools-for-stm32.11.3.rel1.win32_1.1.1.202309131626/tools/bin/../lib/gcc/arm-none-eabi/11.3.1/thumb/v7-m/nofp\libgcc.a

.comment        0x0000000000000000       0x43
 .comment       0x0000000000000000       0x43 D:/software/STM32CubeIDE_1.13.2/STM32CubeIDE/plugins/com.st.stm32cube.ide.mcu.externaltools.gnu-tools-for-stm32.11.3.rel1.win32_1.1.1.202309131626/tools/bin/../lib/gcc/arm-none-eabi/11.3.1/thumb/v7-m/nofp/crtbegin.o
                                         0x44 (size before relaxing)
 .comment       0x0000000000000043       0x44 CMakeFiles/Lab12.elf.dir/Core/Src/24cxx.c.obj
 .comment       0x0000000000000043       0x44 CMakeFiles/Lab12.elf.dir/Core/Src/gpio.c.obj
 .comment       0x0000000000000043       0x44 CMakeFiles/Lab12.elf.dir/Core/Src/lcd.c.obj
 .comment       0x0000000000000043       0x44 CMakeFiles/Lab12.elf.dir/Core/Src/main.c.obj
 .comment       0x0000000000000043       0x44 CMakeFiles/Lab12.elf.dir/Core/Src/myiic.c.obj
 .comment       0x0000000000000043       0x44 CMakeFiles/Lab12.elf.dir/Core/Src/stm32f1xx_hal_msp.c.obj
 .comment       0x0000000000000043       0x44 CMakeFiles/Lab12.elf.dir/Core/Src/stm32f1xx_it.c.obj
 .comment       0x0000000000000043       0x44 CMakeFiles/Lab12.elf.dir/Core/Src/system_stm32f1xx.c.obj
 .comment       0x0000000000000043       0x44 CMakeFiles/Lab12.elf.dir/Core/Src/usart.c.obj
 .comment       0x0000000000000043       0x44 CMakeFiles/Lab12.elf.dir/Drivers/STM32F1xx_HAL_Driver/Src/stm32f1xx_hal.c.obj
 .comment       0x0000000000000043       0x44 CMakeFiles/Lab12.elf.dir/Drivers/STM32F1xx_HAL_Driver/Src/stm32f1xx_hal_cortex.c.obj
 .comment       0x0000000000000043       0x44 CMakeFiles/Lab12.elf.dir/Drivers/STM32F1xx_HAL_Driver/Src/stm32f1xx_hal_dma.c.obj
 .comment       0x0000000000000043       0x44 CMakeFiles/Lab12.elf.dir/Drivers/STM32F1xx_HAL_Driver/Src/stm32f1xx_hal_gpio.c.obj
 .comment       0x0000000000000043       0x44 CMakeFiles/Lab12.elf.dir/Drivers/STM32F1xx_HAL_Driver/Src/stm32f1xx_hal_rcc.c.obj
 .comment       0x0000000000000043       0x44 CMakeFiles/Lab12.elf.dir/Drivers/STM32F1xx_HAL_Driver/Src/stm32f1xx_hal_uart.c.obj
 .comment       0x0000000000000043       0x44 D:/software/STM32CubeIDE_1.13.2/STM32CubeIDE/plugins/com.st.stm32cube.ide.mcu.externaltools.gnu-tools-for-stm32.11.3.rel1.win32_1.1.1.202309131626/tools/bin/../lib/gcc/arm-none-eabi/11.3.1/../../../../arm-none-eabi/lib/thumb/v7-m/nofp\libg.a(libc_a-memset.o)
 .comment       0x0000000000000043       0x44 D:/software/STM32CubeIDE_1.13.2/STM32CubeIDE/plugins/com.st.stm32cube.ide.mcu.externaltools.gnu-tools-for-stm32.11.3.rel1.win32_1.1.1.202309131626/tools/bin/../lib/gcc/arm-none-eabi/11.3.1/../../../../arm-none-eabi/lib/thumb/v7-m/nofp\libg.a(libc_a-init.o)
 .comment       0x0000000000000043       0x44 D:/software/STM32CubeIDE_1.13.2/STM32CubeIDE/plugins/com.st.stm32cube.ide.mcu.externaltools.gnu-tools-for-stm32.11.3.rel1.win32_1.1.1.202309131626/tools/bin/../lib/gcc/arm-none-eabi/11.3.1/../../../../arm-none-eabi/lib/thumb/v7-m/nofp\libg.a(libc_a-lock.o)
 .comment       0x0000000000000043       0x44 D:/software/STM32CubeIDE_1.13.2/STM32CubeIDE/plugins/com.st.stm32cube.ide.mcu.externaltools.gnu-tools-for-stm32.11.3.rel1.win32_1.1.1.202309131626/tools/bin/../lib/gcc/arm-none-eabi/11.3.1/../../../../arm-none-eabi/lib/thumb/v7-m/nofp\libg.a(libc_a-__call_atexit.o)
 .comment       0x0000000000000043       0x44 D:/software/STM32CubeIDE_1.13.2/STM32CubeIDE/plugins/com.st.stm32cube.ide.mcu.externaltools.gnu-tools-for-stm32.11.3.rel1.win32_1.1.1.202309131626/tools/bin/../lib/gcc/arm-none-eabi/11.3.1/../../../../arm-none-eabi/lib/thumb/v7-m/nofp\libg.a(libc_a-atexit.o)
 .comment       0x0000000000000043       0x44 D:/software/STM32CubeIDE_1.13.2/STM32CubeIDE/plugins/com.st.stm32cube.ide.mcu.externaltools.gnu-tools-for-stm32.11.3.rel1.win32_1.1.1.202309131626/tools/bin/../lib/gcc/arm-none-eabi/11.3.1/../../../../arm-none-eabi/lib/thumb/v7-m/nofp\libg.a(libc_a-fini.o)
 .comment       0x0000000000000043       0x44 D:/software/STM32CubeIDE_1.13.2/STM32CubeIDE/plugins/com.st.stm32cube.ide.mcu.externaltools.gnu-tools-for-stm32.11.3.rel1.win32_1.1.1.202309131626/tools/bin/../lib/gcc/arm-none-eabi/11.3.1/../../../../arm-none-eabi/lib/thumb/v7-m/nofp\libg.a(libc_a-__atexit.o)

.debug_info     0x0000000000000000    0x160d0
 .debug_info    0x0000000000000000      0x4ef CMakeFiles/Lab12.elf.dir/Core/Src/24cxx.c.obj
 .debug_info    0x00000000000004ef      0x3b5 CMakeFiles/Lab12.elf.dir/Core/Src/gpio.c.obj
 .debug_info    0x00000000000008a4     0xb2a8 CMakeFiles/Lab12.elf.dir/Core/Src/lcd.c.obj
 .debug_info    0x000000000000bb4c      0xf01 CMakeFiles/Lab12.elf.dir/Core/Src/main.c.obj
 .debug_info    0x000000000000ca4d      0x7fb CMakeFiles/Lab12.elf.dir/Core/Src/myiic.c.obj
 .debug_info    0x000000000000d248      0x221 CMakeFiles/Lab12.elf.dir/Core/Src/stm32f1xx_hal_msp.c.obj
 .debug_info    0x000000000000d469      0x73d CMakeFiles/Lab12.elf.dir/Core/Src/stm32f1xx_it.c.obj
 .debug_info    0x000000000000dba6      0x22d CMakeFiles/Lab12.elf.dir/Core/Src/system_stm32f1xx.c.obj
 .debug_info    0x000000000000ddd3      0xa53 CMakeFiles/Lab12.elf.dir/Core/Src/usart.c.obj
 .debug_info    0x000000000000e826       0x23 CMakeFiles/Lab12.elf.dir/Core/Startup/startup_stm32f103rctx.s.obj
 .debug_info    0x000000000000e849      0x808 CMakeFiles/Lab12.elf.dir/Drivers/STM32F1xx_HAL_Driver/Src/stm32f1xx_hal.c.obj
 .debug_info    0x000000000000f051      0xd2b CMakeFiles/Lab12.elf.dir/Drivers/STM32F1xx_HAL_Driver/Src/stm32f1xx_hal_cortex.c.obj
 .debug_info    0x000000000000fd7c      0x7da CMakeFiles/Lab12.elf.dir/Drivers/STM32F1xx_HAL_Driver/Src/stm32f1xx_hal_dma.c.obj
 .debug_info    0x0000000000010556      0x604 CMakeFiles/Lab12.elf.dir/Drivers/STM32F1xx_HAL_Driver/Src/stm32f1xx_hal_gpio.c.obj
 .debug_info    0x0000000000010b5a      0x9c7 CMakeFiles/Lab12.elf.dir/Drivers/STM32F1xx_HAL_Driver/Src/stm32f1xx_hal_rcc.c.obj
 .debug_info    0x0000000000011521     0x404c CMakeFiles/Lab12.elf.dir/Drivers/STM32F1xx_HAL_Driver/Src/stm32f1xx_hal_uart.c.obj
 .debug_info    0x000000000001556d       0xe0 D:/software/STM32CubeIDE_1.13.2/STM32CubeIDE/plugins/com.st.stm32cube.ide.mcu.externaltools.gnu-tools-for-stm32.11.3.rel1.win32_1.1.1.202309131626/tools/bin/../lib/gcc/arm-none-eabi/11.3.1/../../../../arm-none-eabi/lib/thumb/v7-m/nofp\libg.a(libc_a-memset.o)
 .debug_info    0x000000000001564d      0x10b D:/software/STM32CubeIDE_1.13.2/STM32CubeIDE/plugins/com.st.stm32cube.ide.mcu.externaltools.gnu-tools-for-stm32.11.3.rel1.win32_1.1.1.202309131626/tools/bin/../lib/gcc/arm-none-eabi/11.3.1/../../../../arm-none-eabi/lib/thumb/v7-m/nofp\libg.a(libc_a-init.o)
 .debug_info    0x0000000000015758      0x20a D:/software/STM32CubeIDE_1.13.2/STM32CubeIDE/plugins/com.st.stm32cube.ide.mcu.externaltools.gnu-tools-for-stm32.11.3.rel1.win32_1.1.1.202309131626/tools/bin/../lib/gcc/arm-none-eabi/11.3.1/../../../../arm-none-eabi/lib/thumb/v7-m/nofp\libg.a(libc_a-lock.o)
 .debug_info    0x0000000000015962       0x24 D:/software/STM32CubeIDE_1.13.2/STM32CubeIDE/plugins/com.st.stm32cube.ide.mcu.externaltools.gnu-tools-for-stm32.11.3.rel1.win32_1.1.1.202309131626/tools/bin/../lib/gcc/arm-none-eabi/11.3.1/../../../../arm-none-eabi/lib/thumb/v7-m/nofp\libg.a(libc_a-strlen.o)
 .debug_info    0x0000000000015986      0x2dc D:/software/STM32CubeIDE_1.13.2/STM32CubeIDE/plugins/com.st.stm32cube.ide.mcu.externaltools.gnu-tools-for-stm32.11.3.rel1.win32_1.1.1.202309131626/tools/bin/../lib/gcc/arm-none-eabi/11.3.1/../../../../arm-none-eabi/lib/thumb/v7-m/nofp\libg.a(libc_a-__call_atexit.o)
 .debug_info    0x0000000000015c62      0x118 D:/software/STM32CubeIDE_1.13.2/STM32CubeIDE/plugins/com.st.stm32cube.ide.mcu.externaltools.gnu-tools-for-stm32.11.3.rel1.win32_1.1.1.202309131626/tools/bin/../lib/gcc/arm-none-eabi/11.3.1/../../../../arm-none-eabi/lib/thumb/v7-m/nofp\libg.a(libc_a-atexit.o)
 .debug_info    0x0000000000015d7a       0xf7 D:/software/STM32CubeIDE_1.13.2/STM32CubeIDE/plugins/com.st.stm32cube.ide.mcu.externaltools.gnu-tools-for-stm32.11.3.rel1.win32_1.1.1.202309131626/tools/bin/../lib/gcc/arm-none-eabi/11.3.1/../../../../arm-none-eabi/lib/thumb/v7-m/nofp\libg.a(libc_a-fini.o)
 .debug_info    0x0000000000015e71      0x25f D:/software/STM32CubeIDE_1.13.2/STM32CubeIDE/plugins/com.st.stm32cube.ide.mcu.externaltools.gnu-tools-for-stm32.11.3.rel1.win32_1.1.1.202309131626/tools/bin/../lib/gcc/arm-none-eabi/11.3.1/../../../../arm-none-eabi/lib/thumb/v7-m/nofp\libg.a(libc_a-__atexit.o)

.debug_abbrev   0x0000000000000000     0x27f6
 .debug_abbrev  0x0000000000000000      0x183 CMakeFiles/Lab12.elf.dir/Core/Src/24cxx.c.obj
 .debug_abbrev  0x0000000000000183      0x151 CMakeFiles/Lab12.elf.dir/Core/Src/gpio.c.obj
 .debug_abbrev  0x00000000000002d4      0x2f3 CMakeFiles/Lab12.elf.dir/Core/Src/lcd.c.obj
 .debug_abbrev  0x00000000000005c7      0x2c8 CMakeFiles/Lab12.elf.dir/Core/Src/main.c.obj
 .debug_abbrev  0x000000000000088f      0x1c7 CMakeFiles/Lab12.elf.dir/Core/Src/myiic.c.obj
 .debug_abbrev  0x0000000000000a56      0x112 CMakeFiles/Lab12.elf.dir/Core/Src/stm32f1xx_hal_msp.c.obj
 .debug_abbrev  0x0000000000000b68      0x1f8 CMakeFiles/Lab12.elf.dir/Core/Src/stm32f1xx_it.c.obj
 .debug_abbrev  0x0000000000000d60      0x143 CMakeFiles/Lab12.elf.dir/Core/Src/system_stm32f1xx.c.obj
 .debug_abbrev  0x0000000000000ea3      0x223 CMakeFiles/Lab12.elf.dir/Core/Src/usart.c.obj
 .debug_abbrev  0x00000000000010c6       0x12 CMakeFiles/Lab12.elf.dir/Core/Startup/startup_stm32f103rctx.s.obj
 .debug_abbrev  0x00000000000010d8      0x22d CMakeFiles/Lab12.elf.dir/Drivers/STM32F1xx_HAL_Driver/Src/stm32f1xx_hal.c.obj
 .debug_abbrev  0x0000000000001305      0x348 CMakeFiles/Lab12.elf.dir/Drivers/STM32F1xx_HAL_Driver/Src/stm32f1xx_hal_cortex.c.obj
 .debug_abbrev  0x000000000000164d      0x244 CMakeFiles/Lab12.elf.dir/Drivers/STM32F1xx_HAL_Driver/Src/stm32f1xx_hal_dma.c.obj
 .debug_abbrev  0x0000000000001891      0x1f7 CMakeFiles/Lab12.elf.dir/Drivers/STM32F1xx_HAL_Driver/Src/stm32f1xx_hal_gpio.c.obj
 .debug_abbrev  0x0000000000001a88      0x2a0 CMakeFiles/Lab12.elf.dir/Drivers/STM32F1xx_HAL_Driver/Src/stm32f1xx_hal_rcc.c.obj
 .debug_abbrev  0x0000000000001d28      0x31c CMakeFiles/Lab12.elf.dir/Drivers/STM32F1xx_HAL_Driver/Src/stm32f1xx_hal_uart.c.obj
 .debug_abbrev  0x0000000000002044       0x9e D:/software/STM32CubeIDE_1.13.2/STM32CubeIDE/plugins/com.st.stm32cube.ide.mcu.externaltools.gnu-tools-for-stm32.11.3.rel1.win32_1.1.1.202309131626/tools/bin/../lib/gcc/arm-none-eabi/11.3.1/../../../../arm-none-eabi/lib/thumb/v7-m/nofp\libg.a(libc_a-memset.o)
 .debug_abbrev  0x00000000000020e2       0xc9 D:/software/STM32CubeIDE_1.13.2/STM32CubeIDE/plugins/com.st.stm32cube.ide.mcu.externaltools.gnu-tools-for-stm32.11.3.rel1.win32_1.1.1.202309131626/tools/bin/../lib/gcc/arm-none-eabi/11.3.1/../../../../arm-none-eabi/lib/thumb/v7-m/nofp\libg.a(libc_a-init.o)
 .debug_abbrev  0x00000000000021ab      0x115 D:/software/STM32CubeIDE_1.13.2/STM32CubeIDE/plugins/com.st.stm32cube.ide.mcu.externaltools.gnu-tools-for-stm32.11.3.rel1.win32_1.1.1.202309131626/tools/bin/../lib/gcc/arm-none-eabi/11.3.1/../../../../arm-none-eabi/lib/thumb/v7-m/nofp\libg.a(libc_a-lock.o)
 .debug_abbrev  0x00000000000022c0       0x14 D:/software/STM32CubeIDE_1.13.2/STM32CubeIDE/plugins/com.st.stm32cube.ide.mcu.externaltools.gnu-tools-for-stm32.11.3.rel1.win32_1.1.1.202309131626/tools/bin/../lib/gcc/arm-none-eabi/11.3.1/../../../../arm-none-eabi/lib/thumb/v7-m/nofp\libg.a(libc_a-strlen.o)
 .debug_abbrev  0x00000000000022d4      0x20c D:/software/STM32CubeIDE_1.13.2/STM32CubeIDE/plugins/com.st.stm32cube.ide.mcu.externaltools.gnu-tools-for-stm32.11.3.rel1.win32_1.1.1.202309131626/tools/bin/../lib/gcc/arm-none-eabi/11.3.1/../../../../arm-none-eabi/lib/thumb/v7-m/nofp\libg.a(libc_a-__call_atexit.o)
 .debug_abbrev  0x00000000000024e0       0xc1 D:/software/STM32CubeIDE_1.13.2/STM32CubeIDE/plugins/com.st.stm32cube.ide.mcu.externaltools.gnu-tools-for-stm32.11.3.rel1.win32_1.1.1.202309131626/tools/bin/../lib/gcc/arm-none-eabi/11.3.1/../../../../arm-none-eabi/lib/thumb/v7-m/nofp\libg.a(libc_a-atexit.o)
 .debug_abbrev  0x00000000000025a1       0xcc D:/software/STM32CubeIDE_1.13.2/STM32CubeIDE/plugins/com.st.stm32cube.ide.mcu.externaltools.gnu-tools-for-stm32.11.3.rel1.win32_1.1.1.202309131626/tools/bin/../lib/gcc/arm-none-eabi/11.3.1/../../../../arm-none-eabi/lib/thumb/v7-m/nofp\libg.a(libc_a-fini.o)
 .debug_abbrev  0x000000000000266d      0x189 D:/software/STM32CubeIDE_1.13.2/STM32CubeIDE/plugins/com.st.stm32cube.ide.mcu.externaltools.gnu-tools-for-stm32.11.3.rel1.win32_1.1.1.202309131626/tools/bin/../lib/gcc/arm-none-eabi/11.3.1/../../../../arm-none-eabi/lib/thumb/v7-m/nofp\libg.a(libc_a-__atexit.o)

.debug_loclists
                0x0000000000000000     0x540e
 .debug_loclists
                0x0000000000000000      0x20e CMakeFiles/Lab12.elf.dir/Core/Src/24cxx.c.obj
 .debug_loclists
                0x000000000000020e     0x1129 CMakeFiles/Lab12.elf.dir/Core/Src/lcd.c.obj
 .debug_loclists
                0x0000000000001337       0x44 CMakeFiles/Lab12.elf.dir/Core/Src/main.c.obj
 .debug_loclists
                0x000000000000137b       0xc8 CMakeFiles/Lab12.elf.dir/Core/Src/myiic.c.obj
 .debug_loclists
                0x0000000000001443       0x17 CMakeFiles/Lab12.elf.dir/Core/Src/stm32f1xx_hal_msp.c.obj
 .debug_loclists
                0x000000000000145a       0x34 CMakeFiles/Lab12.elf.dir/Core/Src/stm32f1xx_it.c.obj
 .debug_loclists
                0x000000000000148e       0xa5 CMakeFiles/Lab12.elf.dir/Core/Src/system_stm32f1xx.c.obj
 .debug_loclists
                0x0000000000001533       0x5d CMakeFiles/Lab12.elf.dir/Core/Src/usart.c.obj
 .debug_loclists
                0x0000000000001590       0xc9 CMakeFiles/Lab12.elf.dir/Drivers/STM32F1xx_HAL_Driver/Src/stm32f1xx_hal.c.obj
 .debug_loclists
                0x0000000000001659      0x4c4 CMakeFiles/Lab12.elf.dir/Drivers/STM32F1xx_HAL_Driver/Src/stm32f1xx_hal_cortex.c.obj
 .debug_loclists
                0x0000000000001b1d      0x4d4 CMakeFiles/Lab12.elf.dir/Drivers/STM32F1xx_HAL_Driver/Src/stm32f1xx_hal_dma.c.obj
 .debug_loclists
                0x0000000000001ff1      0x2ee CMakeFiles/Lab12.elf.dir/Drivers/STM32F1xx_HAL_Driver/Src/stm32f1xx_hal_gpio.c.obj
 .debug_loclists
                0x00000000000022df      0x3f8 CMakeFiles/Lab12.elf.dir/Drivers/STM32F1xx_HAL_Driver/Src/stm32f1xx_hal_rcc.c.obj
 .debug_loclists
                0x00000000000026d7     0x2ab6 CMakeFiles/Lab12.elf.dir/Drivers/STM32F1xx_HAL_Driver/Src/stm32f1xx_hal_uart.c.obj
 .debug_loclists
                0x000000000000518d       0x3b D:/software/STM32CubeIDE_1.13.2/STM32CubeIDE/plugins/com.st.stm32cube.ide.mcu.externaltools.gnu-tools-for-stm32.11.3.rel1.win32_1.1.1.202309131626/tools/bin/../lib/gcc/arm-none-eabi/11.3.1/../../../../arm-none-eabi/lib/thumb/v7-m/nofp\libg.a(libc_a-memset.o)
 .debug_loclists
                0x00000000000051c8       0x34 D:/software/STM32CubeIDE_1.13.2/STM32CubeIDE/plugins/com.st.stm32cube.ide.mcu.externaltools.gnu-tools-for-stm32.11.3.rel1.win32_1.1.1.202309131626/tools/bin/../lib/gcc/arm-none-eabi/11.3.1/../../../../arm-none-eabi/lib/thumb/v7-m/nofp\libg.a(libc_a-init.o)
 .debug_loclists
                0x00000000000051fc       0x23 D:/software/STM32CubeIDE_1.13.2/STM32CubeIDE/plugins/com.st.stm32cube.ide.mcu.externaltools.gnu-tools-for-stm32.11.3.rel1.win32_1.1.1.202309131626/tools/bin/../lib/gcc/arm-none-eabi/11.3.1/../../../../arm-none-eabi/lib/thumb/v7-m/nofp\libg.a(libc_a-lock.o)
 .debug_loclists
                0x000000000000521f       0xfc D:/software/STM32CubeIDE_1.13.2/STM32CubeIDE/plugins/com.st.stm32cube.ide.mcu.externaltools.gnu-tools-for-stm32.11.3.rel1.win32_1.1.1.202309131626/tools/bin/../lib/gcc/arm-none-eabi/11.3.1/../../../../arm-none-eabi/lib/thumb/v7-m/nofp\libg.a(libc_a-__call_atexit.o)
 .debug_loclists
                0x000000000000531b       0x2a D:/software/STM32CubeIDE_1.13.2/STM32CubeIDE/plugins/com.st.stm32cube.ide.mcu.externaltools.gnu-tools-for-stm32.11.3.rel1.win32_1.1.1.202309131626/tools/bin/../lib/gcc/arm-none-eabi/11.3.1/../../../../arm-none-eabi/lib/thumb/v7-m/nofp\libg.a(libc_a-atexit.o)
 .debug_loclists
                0x0000000000005345       0x3b D:/software/STM32CubeIDE_1.13.2/STM32CubeIDE/plugins/com.st.stm32cube.ide.mcu.externaltools.gnu-tools-for-stm32.11.3.rel1.win32_1.1.1.202309131626/tools/bin/../lib/gcc/arm-none-eabi/11.3.1/../../../../arm-none-eabi/lib/thumb/v7-m/nofp\libg.a(libc_a-fini.o)
 .debug_loclists
                0x0000000000005380       0x8e D:/software/STM32CubeIDE_1.13.2/STM32CubeIDE/plugins/com.st.stm32cube.ide.mcu.externaltools.gnu-tools-for-stm32.11.3.rel1.win32_1.1.1.202309131626/tools/bin/../lib/gcc/arm-none-eabi/11.3.1/../../../../arm-none-eabi/lib/thumb/v7-m/nofp\libg.a(libc_a-__atexit.o)

.debug_aranges  0x0000000000000000      0x918
 .debug_aranges
                0x0000000000000000       0x58 CMakeFiles/Lab12.elf.dir/Core/Src/24cxx.c.obj
 .debug_aranges
                0x0000000000000058       0x20 CMakeFiles/Lab12.elf.dir/Core/Src/gpio.c.obj
 .debug_aranges
                0x0000000000000078      0x118 CMakeFiles/Lab12.elf.dir/Core/Src/lcd.c.obj
 .debug_aranges
                0x0000000000000190       0x30 CMakeFiles/Lab12.elf.dir/Core/Src/main.c.obj
 .debug_aranges
                0x00000000000001c0       0x58 CMakeFiles/Lab12.elf.dir/Core/Src/myiic.c.obj
 .debug_aranges
                0x0000000000000218       0x20 CMakeFiles/Lab12.elf.dir/Core/Src/stm32f1xx_hal_msp.c.obj
 .debug_aranges
                0x0000000000000238       0x70 CMakeFiles/Lab12.elf.dir/Core/Src/stm32f1xx_it.c.obj
 .debug_aranges
                0x00000000000002a8       0x28 CMakeFiles/Lab12.elf.dir/Core/Src/system_stm32f1xx.c.obj
 .debug_aranges
                0x00000000000002d0       0x30 CMakeFiles/Lab12.elf.dir/Core/Src/usart.c.obj
 .debug_aranges
                0x0000000000000300       0x28 CMakeFiles/Lab12.elf.dir/Core/Startup/startup_stm32f103rctx.s.obj
 .debug_aranges
                0x0000000000000328       0xe0 CMakeFiles/Lab12.elf.dir/Drivers/STM32F1xx_HAL_Driver/Src/stm32f1xx_hal.c.obj
 .debug_aranges
                0x0000000000000408       0x90 CMakeFiles/Lab12.elf.dir/Drivers/STM32F1xx_HAL_Driver/Src/stm32f1xx_hal_cortex.c.obj
 .debug_aranges
                0x0000000000000498       0x80 CMakeFiles/Lab12.elf.dir/Drivers/STM32F1xx_HAL_Driver/Src/stm32f1xx_hal_dma.c.obj
 .debug_aranges
                0x0000000000000518       0x58 CMakeFiles/Lab12.elf.dir/Drivers/STM32F1xx_HAL_Driver/Src/stm32f1xx_hal_gpio.c.obj
 .debug_aranges
                0x0000000000000570       0x90 CMakeFiles/Lab12.elf.dir/Drivers/STM32F1xx_HAL_Driver/Src/stm32f1xx_hal_rcc.c.obj
 .debug_aranges
                0x0000000000000600      0x208 CMakeFiles/Lab12.elf.dir/Drivers/STM32F1xx_HAL_Driver/Src/stm32f1xx_hal_uart.c.obj
 .debug_aranges
                0x0000000000000808       0x20 D:/software/STM32CubeIDE_1.13.2/STM32CubeIDE/plugins/com.st.stm32cube.ide.mcu.externaltools.gnu-tools-for-stm32.11.3.rel1.win32_1.1.1.202309131626/tools/bin/../lib/gcc/arm-none-eabi/11.3.1/../../../../arm-none-eabi/lib/thumb/v7-m/nofp\libg.a(libc_a-memset.o)
 .debug_aranges
                0x0000000000000828       0x20 D:/software/STM32CubeIDE_1.13.2/STM32CubeIDE/plugins/com.st.stm32cube.ide.mcu.externaltools.gnu-tools-for-stm32.11.3.rel1.win32_1.1.1.202309131626/tools/bin/../lib/gcc/arm-none-eabi/11.3.1/../../../../arm-none-eabi/lib/thumb/v7-m/nofp\libg.a(libc_a-init.o)
 .debug_aranges
                0x0000000000000848       0x28 D:/software/STM32CubeIDE_1.13.2/STM32CubeIDE/plugins/com.st.stm32cube.ide.mcu.externaltools.gnu-tools-for-stm32.11.3.rel1.win32_1.1.1.202309131626/tools/bin/../lib/gcc/arm-none-eabi/11.3.1/../../../../arm-none-eabi/lib/thumb/v7-m/nofp\libg.a(libc_a-lock.o)
 .debug_aranges
                0x0000000000000870       0x20 D:/software/STM32CubeIDE_1.13.2/STM32CubeIDE/plugins/com.st.stm32cube.ide.mcu.externaltools.gnu-tools-for-stm32.11.3.rel1.win32_1.1.1.202309131626/tools/bin/../lib/gcc/arm-none-eabi/11.3.1/../../../../arm-none-eabi/lib/thumb/v7-m/nofp\libg.a(libc_a-strlen.o)
 .debug_aranges
                0x0000000000000890       0x28 D:/software/STM32CubeIDE_1.13.2/STM32CubeIDE/plugins/com.st.stm32cube.ide.mcu.externaltools.gnu-tools-for-stm32.11.3.rel1.win32_1.1.1.202309131626/tools/bin/../lib/gcc/arm-none-eabi/11.3.1/../../../../arm-none-eabi/lib/thumb/v7-m/nofp\libg.a(libc_a-__call_atexit.o)
 .debug_aranges
                0x00000000000008b8       0x20 D:/software/STM32CubeIDE_1.13.2/STM32CubeIDE/plugins/com.st.stm32cube.ide.mcu.externaltools.gnu-tools-for-stm32.11.3.rel1.win32_1.1.1.202309131626/tools/bin/../lib/gcc/arm-none-eabi/11.3.1/../../../../arm-none-eabi/lib/thumb/v7-m/nofp\libg.a(libc_a-atexit.o)
 .debug_aranges
                0x00000000000008d8       0x20 D:/software/STM32CubeIDE_1.13.2/STM32CubeIDE/plugins/com.st.stm32cube.ide.mcu.externaltools.gnu-tools-for-stm32.11.3.rel1.win32_1.1.1.202309131626/tools/bin/../lib/gcc/arm-none-eabi/11.3.1/../../../../arm-none-eabi/lib/thumb/v7-m/nofp\libg.a(libc_a-fini.o)
 .debug_aranges
                0x00000000000008f8       0x20 D:/software/STM32CubeIDE_1.13.2/STM32CubeIDE/plugins/com.st.stm32cube.ide.mcu.externaltools.gnu-tools-for-stm32.11.3.rel1.win32_1.1.1.202309131626/tools/bin/../lib/gcc/arm-none-eabi/11.3.1/../../../../arm-none-eabi/lib/thumb/v7-m/nofp\libg.a(libc_a-__atexit.o)

.debug_rnglists
                0x0000000000000000      0x6e5
 .debug_rnglists
                0x0000000000000000       0x3d CMakeFiles/Lab12.elf.dir/Core/Src/24cxx.c.obj
 .debug_rnglists
                0x000000000000003d       0x14 CMakeFiles/Lab12.elf.dir/Core/Src/gpio.c.obj
 .debug_rnglists
                0x0000000000000051       0xdc CMakeFiles/Lab12.elf.dir/Core/Src/lcd.c.obj
 .debug_rnglists
                0x000000000000012d       0x20 CMakeFiles/Lab12.elf.dir/Core/Src/main.c.obj
 .debug_rnglists
                0x000000000000014d       0x49 CMakeFiles/Lab12.elf.dir/Core/Src/myiic.c.obj
 .debug_rnglists
                0x0000000000000196       0x13 CMakeFiles/Lab12.elf.dir/Core/Src/stm32f1xx_hal_msp.c.obj
 .debug_rnglists
                0x00000000000001a9       0x4f CMakeFiles/Lab12.elf.dir/Core/Src/stm32f1xx_it.c.obj
 .debug_rnglists
                0x00000000000001f8       0x1a CMakeFiles/Lab12.elf.dir/Core/Src/system_stm32f1xx.c.obj
 .debug_rnglists
                0x0000000000000212       0x20 CMakeFiles/Lab12.elf.dir/Core/Src/usart.c.obj
 .debug_rnglists
                0x0000000000000232       0x19 CMakeFiles/Lab12.elf.dir/Core/Startup/startup_stm32f103rctx.s.obj
 .debug_rnglists
                0x000000000000024b       0xa3 CMakeFiles/Lab12.elf.dir/Drivers/STM32F1xx_HAL_Driver/Src/stm32f1xx_hal.c.obj
 .debug_rnglists
                0x00000000000002ee       0x97 CMakeFiles/Lab12.elf.dir/Drivers/STM32F1xx_HAL_Driver/Src/stm32f1xx_hal_cortex.c.obj
 .debug_rnglists
                0x0000000000000385       0x60 CMakeFiles/Lab12.elf.dir/Drivers/STM32F1xx_HAL_Driver/Src/stm32f1xx_hal_dma.c.obj
 .debug_rnglists
                0x00000000000003e5       0x3f CMakeFiles/Lab12.elf.dir/Drivers/STM32F1xx_HAL_Driver/Src/stm32f1xx_hal_gpio.c.obj
 .debug_rnglists
                0x0000000000000424       0x7d CMakeFiles/Lab12.elf.dir/Drivers/STM32F1xx_HAL_Driver/Src/stm32f1xx_hal_rcc.c.obj
 .debug_rnglists
                0x00000000000004a1      0x1a1 CMakeFiles/Lab12.elf.dir/Drivers/STM32F1xx_HAL_Driver/Src/stm32f1xx_hal_uart.c.obj
 .debug_rnglists
                0x0000000000000642       0x13 D:/software/STM32CubeIDE_1.13.2/STM32CubeIDE/plugins/com.st.stm32cube.ide.mcu.externaltools.gnu-tools-for-stm32.11.3.rel1.win32_1.1.1.202309131626/tools/bin/../lib/gcc/arm-none-eabi/11.3.1/../../../../arm-none-eabi/lib/thumb/v7-m/nofp\libg.a(libc_a-memset.o)
 .debug_rnglists
                0x0000000000000655       0x13 D:/software/STM32CubeIDE_1.13.2/STM32CubeIDE/plugins/com.st.stm32cube.ide.mcu.externaltools.gnu-tools-for-stm32.11.3.rel1.win32_1.1.1.202309131626/tools/bin/../lib/gcc/arm-none-eabi/11.3.1/../../../../arm-none-eabi/lib/thumb/v7-m/nofp\libg.a(libc_a-init.o)
 .debug_rnglists
                0x0000000000000668       0x19 D:/software/STM32CubeIDE_1.13.2/STM32CubeIDE/plugins/com.st.stm32cube.ide.mcu.externaltools.gnu-tools-for-stm32.11.3.rel1.win32_1.1.1.202309131626/tools/bin/../lib/gcc/arm-none-eabi/11.3.1/../../../../arm-none-eabi/lib/thumb/v7-m/nofp\libg.a(libc_a-lock.o)
 .debug_rnglists
                0x0000000000000681       0x2a D:/software/STM32CubeIDE_1.13.2/STM32CubeIDE/plugins/com.st.stm32cube.ide.mcu.externaltools.gnu-tools-for-stm32.11.3.rel1.win32_1.1.1.202309131626/tools/bin/../lib/gcc/arm-none-eabi/11.3.1/../../../../arm-none-eabi/lib/thumb/v7-m/nofp\libg.a(libc_a-__call_atexit.o)
 .debug_rnglists
                0x00000000000006ab       0x13 D:/software/STM32CubeIDE_1.13.2/STM32CubeIDE/plugins/com.st.stm32cube.ide.mcu.externaltools.gnu-tools-for-stm32.11.3.rel1.win32_1.1.1.202309131626/tools/bin/../lib/gcc/arm-none-eabi/11.3.1/../../../../arm-none-eabi/lib/thumb/v7-m/nofp\libg.a(libc_a-atexit.o)
 .debug_rnglists
                0x00000000000006be       0x13 D:/software/STM32CubeIDE_1.13.2/STM32CubeIDE/plugins/com.st.stm32cube.ide.mcu.externaltools.gnu-tools-for-stm32.11.3.rel1.win32_1.1.1.202309131626/tools/bin/../lib/gcc/arm-none-eabi/11.3.1/../../../../arm-none-eabi/lib/thumb/v7-m/nofp\libg.a(libc_a-fini.o)
 .debug_rnglists
                0x00000000000006d1       0x14 D:/software/STM32CubeIDE_1.13.2/STM32CubeIDE/plugins/com.st.stm32cube.ide.mcu.externaltools.gnu-tools-for-stm32.11.3.rel1.win32_1.1.1.202309131626/tools/bin/../lib/gcc/arm-none-eabi/11.3.1/../../../../arm-none-eabi/lib/thumb/v7-m/nofp\libg.a(libc_a-__atexit.o)

.debug_line     0x0000000000000000     0xca22
 .debug_line    0x0000000000000000      0x4cd CMakeFiles/Lab12.elf.dir/Core/Src/24cxx.c.obj
 .debug_line    0x00000000000004cd      0x3be CMakeFiles/Lab12.elf.dir/Core/Src/gpio.c.obj
 .debug_line    0x000000000000088b     0x2443 CMakeFiles/Lab12.elf.dir/Core/Src/lcd.c.obj
 .debug_line    0x0000000000002cce      0x72e CMakeFiles/Lab12.elf.dir/Core/Src/main.c.obj
 .debug_line    0x00000000000033fc      0x521 CMakeFiles/Lab12.elf.dir/Core/Src/myiic.c.obj
 .debug_line    0x000000000000391d      0x30e CMakeFiles/Lab12.elf.dir/Core/Src/stm32f1xx_hal_msp.c.obj
 .debug_line    0x0000000000003c2b      0x496 CMakeFiles/Lab12.elf.dir/Core/Src/stm32f1xx_it.c.obj
 .debug_line    0x00000000000040c1      0x384 CMakeFiles/Lab12.elf.dir/Core/Src/system_stm32f1xx.c.obj
 .debug_line    0x0000000000004445      0x47e CMakeFiles/Lab12.elf.dir/Core/Src/usart.c.obj
 .debug_line    0x00000000000048c3       0x79 CMakeFiles/Lab12.elf.dir/Core/Startup/startup_stm32f103rctx.s.obj
 .debug_line    0x000000000000493c      0x69a CMakeFiles/Lab12.elf.dir/Drivers/STM32F1xx_HAL_Driver/Src/stm32f1xx_hal.c.obj
 .debug_line    0x0000000000004fd6      0x78d CMakeFiles/Lab12.elf.dir/Drivers/STM32F1xx_HAL_Driver/Src/stm32f1xx_hal_cortex.c.obj
 .debug_line    0x0000000000005763      0xe45 CMakeFiles/Lab12.elf.dir/Drivers/STM32F1xx_HAL_Driver/Src/stm32f1xx_hal_dma.c.obj
 .debug_line    0x00000000000065a8      0x744 CMakeFiles/Lab12.elf.dir/Drivers/STM32F1xx_HAL_Driver/Src/stm32f1xx_hal_gpio.c.obj
 .debug_line    0x0000000000006cec      0xd6b CMakeFiles/Lab12.elf.dir/Drivers/STM32F1xx_HAL_Driver/Src/stm32f1xx_hal_rcc.c.obj
 .debug_line    0x0000000000007a57     0x4509 CMakeFiles/Lab12.elf.dir/Drivers/STM32F1xx_HAL_Driver/Src/stm32f1xx_hal_uart.c.obj
 .debug_line    0x000000000000bf60      0x17e D:/software/STM32CubeIDE_1.13.2/STM32CubeIDE/plugins/com.st.stm32cube.ide.mcu.externaltools.gnu-tools-for-stm32.11.3.rel1.win32_1.1.1.202309131626/tools/bin/../lib/gcc/arm-none-eabi/11.3.1/../../../../arm-none-eabi/lib/thumb/v7-m/nofp\libg.a(libc_a-memset.o)
 .debug_line    0x000000000000c0de      0x17d D:/software/STM32CubeIDE_1.13.2/STM32CubeIDE/plugins/com.st.stm32cube.ide.mcu.externaltools.gnu-tools-for-stm32.11.3.rel1.win32_1.1.1.202309131626/tools/bin/../lib/gcc/arm-none-eabi/11.3.1/../../../../arm-none-eabi/lib/thumb/v7-m/nofp\libg.a(libc_a-init.o)
 .debug_line    0x000000000000c25b      0x103 D:/software/STM32CubeIDE_1.13.2/STM32CubeIDE/plugins/com.st.stm32cube.ide.mcu.externaltools.gnu-tools-for-stm32.11.3.rel1.win32_1.1.1.202309131626/tools/bin/../lib/gcc/arm-none-eabi/11.3.1/../../../../arm-none-eabi/lib/thumb/v7-m/nofp\libg.a(libc_a-lock.o)
 .debug_line    0x000000000000c35e       0x4f D:/software/STM32CubeIDE_1.13.2/STM32CubeIDE/plugins/com.st.stm32cube.ide.mcu.externaltools.gnu-tools-for-stm32.11.3.rel1.win32_1.1.1.202309131626/tools/bin/../lib/gcc/arm-none-eabi/11.3.1/../../../../arm-none-eabi/lib/thumb/v7-m/nofp\libg.a(libc_a-strlen.o)
 .debug_line    0x000000000000c3ad      0x28e D:/software/STM32CubeIDE_1.13.2/STM32CubeIDE/plugins/com.st.stm32cube.ide.mcu.externaltools.gnu-tools-for-stm32.11.3.rel1.win32_1.1.1.202309131626/tools/bin/../lib/gcc/arm-none-eabi/11.3.1/../../../../arm-none-eabi/lib/thumb/v7-m/nofp\libg.a(libc_a-__call_atexit.o)
 .debug_line    0x000000000000c63b      0x102 D:/software/STM32CubeIDE_1.13.2/STM32CubeIDE/plugins/com.st.stm32cube.ide.mcu.externaltools.gnu-tools-for-stm32.11.3.rel1.win32_1.1.1.202309131626/tools/bin/../lib/gcc/arm-none-eabi/11.3.1/../../../../arm-none-eabi/lib/thumb/v7-m/nofp\libg.a(libc_a-atexit.o)
 .debug_line    0x000000000000c73d      0x140 D:/software/STM32CubeIDE_1.13.2/STM32CubeIDE/plugins/com.st.stm32cube.ide.mcu.externaltools.gnu-tools-for-stm32.11.3.rel1.win32_1.1.1.202309131626/tools/bin/../lib/gcc/arm-none-eabi/11.3.1/../../../../arm-none-eabi/lib/thumb/v7-m/nofp\libg.a(libc_a-fini.o)
 .debug_line    0x000000000000c87d      0x1a5 D:/software/STM32CubeIDE_1.13.2/STM32CubeIDE/plugins/com.st.stm32cube.ide.mcu.externaltools.gnu-tools-for-stm32.11.3.rel1.win32_1.1.1.202309131626/tools/bin/../lib/gcc/arm-none-eabi/11.3.1/../../../../arm-none-eabi/lib/thumb/v7-m/nofp\libg.a(libc_a-__atexit.o)

.debug_str      0x0000000000000000     0x2d9e
 .debug_str     0x0000000000000000      0x29a CMakeFiles/Lab12.elf.dir/Core/Src/24cxx.c.obj
                                        0x2f2 (size before relaxing)
 .debug_str     0x000000000000029a      0x107 CMakeFiles/Lab12.elf.dir/Core/Src/gpio.c.obj
                                        0x2ac (size before relaxing)
 .debug_str     0x00000000000003a1      0x386 CMakeFiles/Lab12.elf.dir/Core/Src/lcd.c.obj
                                        0x5ea (size before relaxing)
 .debug_str     0x0000000000000727      0x607 CMakeFiles/Lab12.elf.dir/Core/Src/main.c.obj
                                        0x8c5 (size before relaxing)
 .debug_str     0x0000000000000d2e       0x4b CMakeFiles/Lab12.elf.dir/Core/Src/myiic.c.obj
                                        0x2af (size before relaxing)
 .debug_str     0x0000000000000d79       0x8b CMakeFiles/Lab12.elf.dir/Core/Src/stm32f1xx_hal_msp.c.obj
                                        0x25d (size before relaxing)
 .debug_str     0x0000000000000e04      0x117 CMakeFiles/Lab12.elf.dir/Core/Src/stm32f1xx_it.c.obj
                                        0x714 (size before relaxing)
 .debug_str     0x0000000000000f1b       0x92 CMakeFiles/Lab12.elf.dir/Core/Src/system_stm32f1xx.c.obj
                                        0x270 (size before relaxing)
 .debug_str     0x0000000000000fad      0x474 CMakeFiles/Lab12.elf.dir/Core/Src/usart.c.obj
                                        0xaf2 (size before relaxing)
 .debug_str     0x0000000000001421       0x48 CMakeFiles/Lab12.elf.dir/Core/Startup/startup_stm32f103rctx.s.obj
                                         0x71 (size before relaxing)
 .debug_str     0x0000000000001469      0x2e9 CMakeFiles/Lab12.elf.dir/Drivers/STM32F1xx_HAL_Driver/Src/stm32f1xx_hal.c.obj
                                        0x92e (size before relaxing)
 .debug_str     0x0000000000001752      0x3a8 CMakeFiles/Lab12.elf.dir/Drivers/STM32F1xx_HAL_Driver/Src/stm32f1xx_hal_cortex.c.obj
                                        0x9d3 (size before relaxing)
 .debug_str     0x0000000000001afa      0x253 CMakeFiles/Lab12.elf.dir/Drivers/STM32F1xx_HAL_Driver/Src/stm32f1xx_hal_dma.c.obj
                                        0x619 (size before relaxing)
 .debug_str     0x0000000000001d4d       0xf7 CMakeFiles/Lab12.elf.dir/Drivers/STM32F1xx_HAL_Driver/Src/stm32f1xx_hal_gpio.c.obj
                                        0x41c (size before relaxing)
 .debug_str     0x0000000000001e44      0x208 CMakeFiles/Lab12.elf.dir/Drivers/STM32F1xx_HAL_Driver/Src/stm32f1xx_hal_rcc.c.obj
                                        0x647 (size before relaxing)
 .debug_str     0x000000000000204c      0x5de CMakeFiles/Lab12.elf.dir/Drivers/STM32F1xx_HAL_Driver/Src/stm32f1xx_hal_uart.c.obj
                                        0xd10 (size before relaxing)
 .debug_str     0x000000000000262a      0x161 D:/software/STM32CubeIDE_1.13.2/STM32CubeIDE/plugins/com.st.stm32cube.ide.mcu.externaltools.gnu-tools-for-stm32.11.3.rel1.win32_1.1.1.202309131626/tools/bin/../lib/gcc/arm-none-eabi/11.3.1/../../../../arm-none-eabi/lib/thumb/v7-m/nofp\libg.a(libc_a-memset.o)
                                        0x204 (size before relaxing)
 .debug_str     0x000000000000278b       0xbc D:/software/STM32CubeIDE_1.13.2/STM32CubeIDE/plugins/com.st.stm32cube.ide.mcu.externaltools.gnu-tools-for-stm32.11.3.rel1.win32_1.1.1.202309131626/tools/bin/../lib/gcc/arm-none-eabi/11.3.1/../../../../arm-none-eabi/lib/thumb/v7-m/nofp\libg.a(libc_a-init.o)
                                        0x265 (size before relaxing)
 .debug_str     0x0000000000002847      0x266 D:/software/STM32CubeIDE_1.13.2/STM32CubeIDE/plugins/com.st.stm32cube.ide.mcu.externaltools.gnu-tools-for-stm32.11.3.rel1.win32_1.1.1.202309131626/tools/bin/../lib/gcc/arm-none-eabi/11.3.1/../../../../arm-none-eabi/lib/thumb/v7-m/nofp\libg.a(libc_a-lock.o)
                                        0x377 (size before relaxing)
 .debug_str     0x0000000000002aad       0x69 D:/software/STM32CubeIDE_1.13.2/STM32CubeIDE/plugins/com.st.stm32cube.ide.mcu.externaltools.gnu-tools-for-stm32.11.3.rel1.win32_1.1.1.202309131626/tools/bin/../lib/gcc/arm-none-eabi/11.3.1/../../../../arm-none-eabi/lib/thumb/v7-m/nofp\libg.a(libc_a-strlen.o)
                                         0xe1 (size before relaxing)
 .debug_str     0x0000000000002b16      0x105 D:/software/STM32CubeIDE_1.13.2/STM32CubeIDE/plugins/com.st.stm32cube.ide.mcu.externaltools.gnu-tools-for-stm32.11.3.rel1.win32_1.1.1.202309131626/tools/bin/../lib/gcc/arm-none-eabi/11.3.1/../../../../arm-none-eabi/lib/thumb/v7-m/nofp\libg.a(libc_a-__call_atexit.o)
                                        0x341 (size before relaxing)
 .debug_str     0x0000000000002c1b       0x9e D:/software/STM32CubeIDE_1.13.2/STM32CubeIDE/plugins/com.st.stm32cube.ide.mcu.externaltools.gnu-tools-for-stm32.11.3.rel1.win32_1.1.1.202309131626/tools/bin/../lib/gcc/arm-none-eabi/11.3.1/../../../../arm-none-eabi/lib/thumb/v7-m/nofp\libg.a(libc_a-atexit.o)
                                        0x241 (size before relaxing)
 .debug_str     0x0000000000002cb9       0x7a D:/software/STM32CubeIDE_1.13.2/STM32CubeIDE/plugins/com.st.stm32cube.ide.mcu.externaltools.gnu-tools-for-stm32.11.3.rel1.win32_1.1.1.202309131626/tools/bin/../lib/gcc/arm-none-eabi/11.3.1/../../../../arm-none-eabi/lib/thumb/v7-m/nofp\libg.a(libc_a-fini.o)
                                        0x23b (size before relaxing)
 .debug_str     0x0000000000002d33       0x6b D:/software/STM32CubeIDE_1.13.2/STM32CubeIDE/plugins/com.st.stm32cube.ide.mcu.externaltools.gnu-tools-for-stm32.11.3.rel1.win32_1.1.1.202309131626/tools/bin/../lib/gcc/arm-none-eabi/11.3.1/../../../../arm-none-eabi/lib/thumb/v7-m/nofp\libg.a(libc_a-__atexit.o)
                                        0x318 (size before relaxing)

.debug_frame    0x0000000000000000     0x1740
 .debug_frame   0x0000000000000000       0xec CMakeFiles/Lab12.elf.dir/Core/Src/24cxx.c.obj
 .debug_frame   0x00000000000000ec       0x3c CMakeFiles/Lab12.elf.dir/Core/Src/gpio.c.obj
 .debug_frame   0x0000000000000128      0x3f4 CMakeFiles/Lab12.elf.dir/Core/Src/lcd.c.obj
 .debug_frame   0x000000000000051c       0x68 CMakeFiles/Lab12.elf.dir/Core/Src/main.c.obj
 .debug_frame   0x0000000000000584       0xe0 CMakeFiles/Lab12.elf.dir/Core/Src/myiic.c.obj
 .debug_frame   0x0000000000000664       0x2c CMakeFiles/Lab12.elf.dir/Core/Src/stm32f1xx_hal_msp.c.obj
 .debug_frame   0x0000000000000690       0xd8 CMakeFiles/Lab12.elf.dir/Core/Src/stm32f1xx_it.c.obj
 .debug_frame   0x0000000000000768       0x30 CMakeFiles/Lab12.elf.dir/Core/Src/system_stm32f1xx.c.obj
 .debug_frame   0x0000000000000798       0x64 CMakeFiles/Lab12.elf.dir/Core/Src/usart.c.obj
 .debug_frame   0x00000000000007fc      0x1cc CMakeFiles/Lab12.elf.dir/Drivers/STM32F1xx_HAL_Driver/Src/stm32f1xx_hal.c.obj
 .debug_frame   0x00000000000009c8      0x118 CMakeFiles/Lab12.elf.dir/Drivers/STM32F1xx_HAL_Driver/Src/stm32f1xx_hal_cortex.c.obj
 .debug_frame   0x0000000000000ae0      0x140 CMakeFiles/Lab12.elf.dir/Drivers/STM32F1xx_HAL_Driver/Src/stm32f1xx_hal_dma.c.obj
 .debug_frame   0x0000000000000c20       0xe4 CMakeFiles/Lab12.elf.dir/Drivers/STM32F1xx_HAL_Driver/Src/stm32f1xx_hal_gpio.c.obj
 .debug_frame   0x0000000000000d04      0x184 CMakeFiles/Lab12.elf.dir/Drivers/STM32F1xx_HAL_Driver/Src/stm32f1xx_hal_rcc.c.obj
 .debug_frame   0x0000000000000e88      0x5d8 CMakeFiles/Lab12.elf.dir/Drivers/STM32F1xx_HAL_Driver/Src/stm32f1xx_hal_uart.c.obj
 .debug_frame   0x0000000000001460       0x30 D:/software/STM32CubeIDE_1.13.2/STM32CubeIDE/plugins/com.st.stm32cube.ide.mcu.externaltools.gnu-tools-for-stm32.11.3.rel1.win32_1.1.1.202309131626/tools/bin/../lib/gcc/arm-none-eabi/11.3.1/thumb/v7-m/nofp\libgcc.a(_arm_muldf3.o)
 .debug_frame   0x0000000000001490       0xac D:/software/STM32CubeIDE_1.13.2/STM32CubeIDE/plugins/com.st.stm32cube.ide.mcu.externaltools.gnu-tools-for-stm32.11.3.rel1.win32_1.1.1.202309131626/tools/bin/../lib/gcc/arm-none-eabi/11.3.1/thumb/v7-m/nofp\libgcc.a(_arm_addsubdf3.o)
 .debug_frame   0x000000000000153c       0x24 D:/software/STM32CubeIDE_1.13.2/STM32CubeIDE/plugins/com.st.stm32cube.ide.mcu.externaltools.gnu-tools-for-stm32.11.3.rel1.win32_1.1.1.202309131626/tools/bin/../lib/gcc/arm-none-eabi/11.3.1/thumb/v7-m/nofp\libgcc.a(_arm_fixunsdfsi.o)
 .debug_frame   0x0000000000001560       0x20 D:/software/STM32CubeIDE_1.13.2/STM32CubeIDE/plugins/com.st.stm32cube.ide.mcu.externaltools.gnu-tools-for-stm32.11.3.rel1.win32_1.1.1.202309131626/tools/bin/../lib/gcc/arm-none-eabi/11.3.1/../../../../arm-none-eabi/lib/thumb/v7-m/nofp\libg.a(libc_a-memset.o)
 .debug_frame   0x0000000000001580       0x2c D:/software/STM32CubeIDE_1.13.2/STM32CubeIDE/plugins/com.st.stm32cube.ide.mcu.externaltools.gnu-tools-for-stm32.11.3.rel1.win32_1.1.1.202309131626/tools/bin/../lib/gcc/arm-none-eabi/11.3.1/../../../../arm-none-eabi/lib/thumb/v7-m/nofp\libg.a(libc_a-init.o)
 .debug_frame   0x00000000000015ac       0xb0 D:/software/STM32CubeIDE_1.13.2/STM32CubeIDE/plugins/com.st.stm32cube.ide.mcu.externaltools.gnu-tools-for-stm32.11.3.rel1.win32_1.1.1.202309131626/tools/bin/../lib/gcc/arm-none-eabi/11.3.1/../../../../arm-none-eabi/lib/thumb/v7-m/nofp\libg.a(libc_a-lock.o)
 .debug_frame   0x000000000000165c       0x58 D:/software/STM32CubeIDE_1.13.2/STM32CubeIDE/plugins/com.st.stm32cube.ide.mcu.externaltools.gnu-tools-for-stm32.11.3.rel1.win32_1.1.1.202309131626/tools/bin/../lib/gcc/arm-none-eabi/11.3.1/../../../../arm-none-eabi/lib/thumb/v7-m/nofp\libg.a(libc_a-__call_atexit.o)
 .debug_frame   0x00000000000016b4       0x20 D:/software/STM32CubeIDE_1.13.2/STM32CubeIDE/plugins/com.st.stm32cube.ide.mcu.externaltools.gnu-tools-for-stm32.11.3.rel1.win32_1.1.1.202309131626/tools/bin/../lib/gcc/arm-none-eabi/11.3.1/../../../../arm-none-eabi/lib/thumb/v7-m/nofp\libg.a(libc_a-atexit.o)
 .debug_frame   0x00000000000016d4       0x38 D:/software/STM32CubeIDE_1.13.2/STM32CubeIDE/plugins/com.st.stm32cube.ide.mcu.externaltools.gnu-tools-for-stm32.11.3.rel1.win32_1.1.1.202309131626/tools/bin/../lib/gcc/arm-none-eabi/11.3.1/../../../../arm-none-eabi/lib/thumb/v7-m/nofp\libg.a(libc_a-fini.o)
 .debug_frame   0x000000000000170c       0x34 D:/software/STM32CubeIDE_1.13.2/STM32CubeIDE/plugins/com.st.stm32cube.ide.mcu.externaltools.gnu-tools-for-stm32.11.3.rel1.win32_1.1.1.202309131626/tools/bin/../lib/gcc/arm-none-eabi/11.3.1/../../../../arm-none-eabi/lib/thumb/v7-m/nofp\libg.a(libc_a-__atexit.o)

.debug_line_str
                0x0000000000000000      0x13a
 .debug_line_str
                0x0000000000000000       0x65 CMakeFiles/Lab12.elf.dir/Core/Startup/startup_stm32f103rctx.s.obj
                                         0x7d (size before relaxing)
 .debug_line_str
                0x0000000000000065       0xd5 D:/software/STM32CubeIDE_1.13.2/STM32CubeIDE/plugins/com.st.stm32cube.ide.mcu.externaltools.gnu-tools-for-stm32.11.3.rel1.win32_1.1.1.202309131626/tools/bin/../lib/gcc/arm-none-eabi/11.3.1/../../../../arm-none-eabi/lib/thumb/v7-m/nofp\libg.a(libc_a-strlen.o)
                                         0xe8 (size before relaxing)
