17:12:03 **** Build of configuration Debug for project Assignment1 ****
make -j20 all 
arm-none-eabi-gcc "../Drivers/STM32F1xx_HAL_Driver/Src/stm32f1xx_hal.c" -mcpu=cortex-m3 -std=gnu11 -g3 -DDEBUG -DUSE_HAL_DRIVER -DSTM32F103xE -c -I../Core/Inc -I../Drivers/STM32F1xx_HAL_Driver/Inc/Legacy -I../Drivers/STM32F1xx_HAL_Driver/Inc -I../Drivers/CMSIS/Device/ST/STM32F1xx/Include -I../Drivers/CMSIS/Include -Os -ffunction-sections -fdata-sections -Wall -fstack-usage -fcyclomatic-complexity -MMD -MP -MF"Drivers/STM32F1xx_HAL_Driver/Src/stm32f1xx_hal.d" -MT"Drivers/STM32F1xx_HAL_Driver/Src/stm32f1xx_hal.o" --specs=nano.specs -mfloat-abi=soft -mthumb -o "Drivers/STM32F1xx_HAL_Driver/Src/stm32f1xx_hal.o"
arm-none-eabi-gcc "../Drivers/STM32F1xx_HAL_Driver/Src/stm32f1xx_hal_cortex.c" -mcpu=cortex-m3 -std=gnu11 -g3 -DDEBUG -DUSE_HAL_DRIVER -DSTM32F103xE -c -I../Core/Inc -I../Drivers/STM32F1xx_HAL_Driver/Inc/Legacy -I../Drivers/STM32F1xx_HAL_Driver/Inc -I../Drivers/CMSIS/Device/ST/STM32F1xx/Include -I../Drivers/CMSIS/Include -Os -ffunction-sections -fdata-sections -Wall -fstack-usage -fcyclomatic-complexity -MMD -MP -MF"Drivers/STM32F1xx_HAL_Driver/Src/stm32f1xx_hal_cortex.d" -MT"Drivers/STM32F1xx_HAL_Driver/Src/stm32f1xx_hal_cortex.o" --specs=nano.specs -mfloat-abi=soft -mthumb -o "Drivers/STM32F1xx_HAL_Driver/Src/stm32f1xx_hal_cortex.o"
arm-none-eabi-gcc "../Drivers/STM32F1xx_HAL_Driver/Src/stm32f1xx_hal_dma.c" -mcpu=cortex-m3 -std=gnu11 -g3 -DDEBUG -DUSE_HAL_DRIVER -DSTM32F103xE -c -I../Core/Inc -I../Drivers/STM32F1xx_HAL_Driver/Inc/Legacy -I../Drivers/STM32F1xx_HAL_Driver/Inc -I../Drivers/CMSIS/Device/ST/STM32F1xx/Include -I../Drivers/CMSIS/Include -Os -ffunction-sections -fdata-sections -Wall -fstack-usage -fcyclomatic-complexity -MMD -MP -MF"Drivers/STM32F1xx_HAL_Driver/Src/stm32f1xx_hal_dma.d" -MT"Drivers/STM32F1xx_HAL_Driver/Src/stm32f1xx_hal_dma.o" --specs=nano.specs -mfloat-abi=soft -mthumb -o "Drivers/STM32F1xx_HAL_Driver/Src/stm32f1xx_hal_dma.o"
arm-none-eabi-gcc "../Drivers/STM32F1xx_HAL_Driver/Src/stm32f1xx_hal_exti.c" -mcpu=cortex-m3 -std=gnu11 -g3 -DDEBUG -DUSE_HAL_DRIVER -DSTM32F103xE -c -I../Core/Inc -I../Drivers/STM32F1xx_HAL_Driver/Inc/Legacy -I../Drivers/STM32F1xx_HAL_Driver/Inc -I../Drivers/CMSIS/Device/ST/STM32F1xx/Include -I../Drivers/CMSIS/Include -Os -ffunction-sections -fdata-sections -Wall -fstack-usage -fcyclomatic-complexity -MMD -MP -MF"Drivers/STM32F1xx_HAL_Driver/Src/stm32f1xx_hal_exti.d" -MT"Drivers/STM32F1xx_HAL_Driver/Src/stm32f1xx_hal_exti.o" --specs=nano.specs -mfloat-abi=soft -mthumb -o "Drivers/STM32F1xx_HAL_Driver/Src/stm32f1xx_hal_exti.o"
arm-none-eabi-gcc "../Drivers/STM32F1xx_HAL_Driver/Src/stm32f1xx_hal_flash.c" -mcpu=cortex-m3 -std=gnu11 -g3 -DDEBUG -DUSE_HAL_DRIVER -DSTM32F103xE -c -I../Core/Inc -I../Drivers/STM32F1xx_HAL_Driver/Inc/Legacy -I../Drivers/STM32F1xx_HAL_Driver/Inc -I../Drivers/CMSIS/Device/ST/STM32F1xx/Include -I../Drivers/CMSIS/Include -Os -ffunction-sections -fdata-sections -Wall -fstack-usage -fcyclomatic-complexity -MMD -MP -MF"Drivers/STM32F1xx_HAL_Driver/Src/stm32f1xx_hal_flash.d" -MT"Drivers/STM32F1xx_HAL_Driver/Src/stm32f1xx_hal_flash.o" --specs=nano.specs -mfloat-abi=soft -mthumb -o "Drivers/STM32F1xx_HAL_Driver/Src/stm32f1xx_hal_flash.o"
arm-none-eabi-gcc "../Drivers/STM32F1xx_HAL_Driver/Src/stm32f1xx_hal_flash_ex.c" -mcpu=cortex-m3 -std=gnu11 -g3 -DDEBUG -DUSE_HAL_DRIVER -DSTM32F103xE -c -I../Core/Inc -I../Drivers/STM32F1xx_HAL_Driver/Inc/Legacy -I../Drivers/STM32F1xx_HAL_Driver/Inc -I../Drivers/CMSIS/Device/ST/STM32F1xx/Include -I../Drivers/CMSIS/Include -Os -ffunction-sections -fdata-sections -Wall -fstack-usage -fcyclomatic-complexity -MMD -MP -MF"Drivers/STM32F1xx_HAL_Driver/Src/stm32f1xx_hal_flash_ex.d" -MT"Drivers/STM32F1xx_HAL_Driver/Src/stm32f1xx_hal_flash_ex.o" --specs=nano.specs -mfloat-abi=soft -mthumb -o "Drivers/STM32F1xx_HAL_Driver/Src/stm32f1xx_hal_flash_ex.o"
arm-none-eabi-gcc "../Drivers/STM32F1xx_HAL_Driver/Src/stm32f1xx_hal_gpio.c" -mcpu=cortex-m3 -std=gnu11 -g3 -DDEBUG -DUSE_HAL_DRIVER -DSTM32F103xE -c -I../Core/Inc -I../Drivers/STM32F1xx_HAL_Driver/Inc/Legacy -I../Drivers/STM32F1xx_HAL_Driver/Inc -I../Drivers/CMSIS/Device/ST/STM32F1xx/Include -I../Drivers/CMSIS/Include -Os -ffunction-sections -fdata-sections -Wall -fstack-usage -fcyclomatic-complexity -MMD -MP -MF"Drivers/STM32F1xx_HAL_Driver/Src/stm32f1xx_hal_gpio.d" -MT"Drivers/STM32F1xx_HAL_Driver/Src/stm32f1xx_hal_gpio.o" --specs=nano.specs -mfloat-abi=soft -mthumb -o "Drivers/STM32F1xx_HAL_Driver/Src/stm32f1xx_hal_gpio.o"
arm-none-eabi-gcc "../Drivers/STM32F1xx_HAL_Driver/Src/stm32f1xx_hal_gpio_ex.c" -mcpu=cortex-m3 -std=gnu11 -g3 -DDEBUG -DUSE_HAL_DRIVER -DSTM32F103xE -c -I../Core/Inc -I../Drivers/STM32F1xx_HAL_Driver/Inc/Legacy -I../Drivers/STM32F1xx_HAL_Driver/Inc -I../Drivers/CMSIS/Device/ST/STM32F1xx/Include -I../Drivers/CMSIS/Include -Os -ffunction-sections -fdata-sections -Wall -fstack-usage -fcyclomatic-complexity -MMD -MP -MF"Drivers/STM32F1xx_HAL_Driver/Src/stm32f1xx_hal_gpio_ex.d" -MT"Drivers/STM32F1xx_HAL_Driver/Src/stm32f1xx_hal_gpio_ex.o" --specs=nano.specs -mfloat-abi=soft -mthumb -o "Drivers/STM32F1xx_HAL_Driver/Src/stm32f1xx_hal_gpio_ex.o"
arm-none-eabi-gcc "../Drivers/STM32F1xx_HAL_Driver/Src/stm32f1xx_hal_pwr.c" -mcpu=cortex-m3 -std=gnu11 -g3 -DDEBUG -DUSE_HAL_DRIVER -DSTM32F103xE -c -I../Core/Inc -I../Drivers/STM32F1xx_HAL_Driver/Inc/Legacy -I../Drivers/STM32F1xx_HAL_Driver/Inc -I../Drivers/CMSIS/Device/ST/STM32F1xx/Include -I../Drivers/CMSIS/Include -Os -ffunction-sections -fdata-sections -Wall -fstack-usage -fcyclomatic-complexity -MMD -MP -MF"Drivers/STM32F1xx_HAL_Driver/Src/stm32f1xx_hal_pwr.d" -MT"Drivers/STM32F1xx_HAL_Driver/Src/stm32f1xx_hal_pwr.o" --specs=nano.specs -mfloat-abi=soft -mthumb -o "Drivers/STM32F1xx_HAL_Driver/Src/stm32f1xx_hal_pwr.o"
arm-none-eabi-gcc "../Drivers/STM32F1xx_HAL_Driver/Src/stm32f1xx_hal_rcc.c" -mcpu=cortex-m3 -std=gnu11 -g3 -DDEBUG -DUSE_HAL_DRIVER -DSTM32F103xE -c -I../Core/Inc -I../Drivers/STM32F1xx_HAL_Driver/Inc/Legacy -I../Drivers/STM32F1xx_HAL_Driver/Inc -I../Drivers/CMSIS/Device/ST/STM32F1xx/Include -I../Drivers/CMSIS/Include -Os -ffunction-sections -fdata-sections -Wall -fstack-usage -fcyclomatic-complexity -MMD -MP -MF"Drivers/STM32F1xx_HAL_Driver/Src/stm32f1xx_hal_rcc.d" -MT"Drivers/STM32F1xx_HAL_Driver/Src/stm32f1xx_hal_rcc.o" --specs=nano.specs -mfloat-abi=soft -mthumb -o "Drivers/STM32F1xx_HAL_Driver/Src/stm32f1xx_hal_rcc.o"
arm-none-eabi-gcc "../Drivers/STM32F1xx_HAL_Driver/Src/stm32f1xx_hal_rcc_ex.c" -mcpu=cortex-m3 -std=gnu11 -g3 -DDEBUG -DUSE_HAL_DRIVER -DSTM32F103xE -c -I../Core/Inc -I../Drivers/STM32F1xx_HAL_Driver/Inc/Legacy -I../Drivers/STM32F1xx_HAL_Driver/Inc -I../Drivers/CMSIS/Device/ST/STM32F1xx/Include -I../Drivers/CMSIS/Include -Os -ffunction-sections -fdata-sections -Wall -fstack-usage -fcyclomatic-complexity -MMD -MP -MF"Drivers/STM32F1xx_HAL_Driver/Src/stm32f1xx_hal_rcc_ex.d" -MT"Drivers/STM32F1xx_HAL_Driver/Src/stm32f1xx_hal_rcc_ex.o" --specs=nano.specs -mfloat-abi=soft -mthumb -o "Drivers/STM32F1xx_HAL_Driver/Src/stm32f1xx_hal_rcc_ex.o"
arm-none-eabi-gcc "../Drivers/STM32F1xx_HAL_Driver/Src/stm32f1xx_hal_rtc.c" -mcpu=cortex-m3 -std=gnu11 -g3 -DDEBUG -DUSE_HAL_DRIVER -DSTM32F103xE -c -I../Core/Inc -I../Drivers/STM32F1xx_HAL_Driver/Inc/Legacy -I../Drivers/STM32F1xx_HAL_Driver/Inc -I../Drivers/CMSIS/Device/ST/STM32F1xx/Include -I../Drivers/CMSIS/Include -Os -ffunction-sections -fdata-sections -Wall -fstack-usage -fcyclomatic-complexity -MMD -MP -MF"Drivers/STM32F1xx_HAL_Driver/Src/stm32f1xx_hal_rtc.d" -MT"Drivers/STM32F1xx_HAL_Driver/Src/stm32f1xx_hal_rtc.o" --specs=nano.specs -mfloat-abi=soft -mthumb -o "Drivers/STM32F1xx_HAL_Driver/Src/stm32f1xx_hal_rtc.o"
arm-none-eabi-gcc "../Drivers/STM32F1xx_HAL_Driver/Src/stm32f1xx_hal_rtc_ex.c" -mcpu=cortex-m3 -std=gnu11 -g3 -DDEBUG -DUSE_HAL_DRIVER -DSTM32F103xE -c -I../Core/Inc -I../Drivers/STM32F1xx_HAL_Driver/Inc/Legacy -I../Drivers/STM32F1xx_HAL_Driver/Inc -I../Drivers/CMSIS/Device/ST/STM32F1xx/Include -I../Drivers/CMSIS/Include -Os -ffunction-sections -fdata-sections -Wall -fstack-usage -fcyclomatic-complexity -MMD -MP -MF"Drivers/STM32F1xx_HAL_Driver/Src/stm32f1xx_hal_rtc_ex.d" -MT"Drivers/STM32F1xx_HAL_Driver/Src/stm32f1xx_hal_rtc_ex.o" --specs=nano.specs -mfloat-abi=soft -mthumb -o "Drivers/STM32F1xx_HAL_Driver/Src/stm32f1xx_hal_rtc_ex.o"
arm-none-eabi-gcc "../Drivers/STM32F1xx_HAL_Driver/Src/stm32f1xx_hal_tim.c" -mcpu=cortex-m3 -std=gnu11 -g3 -DDEBUG -DUSE_HAL_DRIVER -DSTM32F103xE -c -I../Core/Inc -I../Drivers/STM32F1xx_HAL_Driver/Inc/Legacy -I../Drivers/STM32F1xx_HAL_Driver/Inc -I../Drivers/CMSIS/Device/ST/STM32F1xx/Include -I../Drivers/CMSIS/Include -Os -ffunction-sections -fdata-sections -Wall -fstack-usage -fcyclomatic-complexity -MMD -MP -MF"Drivers/STM32F1xx_HAL_Driver/Src/stm32f1xx_hal_tim.d" -MT"Drivers/STM32F1xx_HAL_Driver/Src/stm32f1xx_hal_tim.o" --specs=nano.specs -mfloat-abi=soft -mthumb -o "Drivers/STM32F1xx_HAL_Driver/Src/stm32f1xx_hal_tim.o"
arm-none-eabi-gcc "../Drivers/STM32F1xx_HAL_Driver/Src/stm32f1xx_hal_tim_ex.c" -mcpu=cortex-m3 -std=gnu11 -g3 -DDEBUG -DUSE_HAL_DRIVER -DSTM32F103xE -c -I../Core/Inc -I../Drivers/STM32F1xx_HAL_Driver/Inc/Legacy -I../Drivers/STM32F1xx_HAL_Driver/Inc -I../Drivers/CMSIS/Device/ST/STM32F1xx/Include -I../Drivers/CMSIS/Include -Os -ffunction-sections -fdata-sections -Wall -fstack-usage -fcyclomatic-complexity -MMD -MP -MF"Drivers/STM32F1xx_HAL_Driver/Src/stm32f1xx_hal_tim_ex.d" -MT"Drivers/STM32F1xx_HAL_Driver/Src/stm32f1xx_hal_tim_ex.o" --specs=nano.specs -mfloat-abi=soft -mthumb -o "Drivers/STM32F1xx_HAL_Driver/Src/stm32f1xx_hal_tim_ex.o"
arm-none-eabi-gcc "../Core/Src/24cxx.c" -mcpu=cortex-m3 -std=gnu11 -g3 -DDEBUG -DUSE_HAL_DRIVER -DSTM32F103xE -c -I../Core/Inc -I../Drivers/STM32F1xx_HAL_Driver/Inc/Legacy -I../Drivers/STM32F1xx_HAL_Driver/Inc -I../Drivers/CMSIS/Device/ST/STM32F1xx/Include -I../Drivers/CMSIS/Include -Os -ffunction-sections -fdata-sections -Wall -fstack-usage -fcyclomatic-complexity -MMD -MP -MF"Core/Src/24cxx.d" -MT"Core/Src/24cxx.o" --specs=nano.specs -mfloat-abi=soft -mthumb -o "Core/Src/24cxx.o"
arm-none-eabi-gcc "../Core/Src/ctiic.c" -mcpu=cortex-m3 -std=gnu11 -g3 -DDEBUG -DUSE_HAL_DRIVER -DSTM32F103xE -c -I../Core/Inc -I../Drivers/STM32F1xx_HAL_Driver/Inc/Legacy -I../Drivers/STM32F1xx_HAL_Driver/Inc -I../Drivers/CMSIS/Device/ST/STM32F1xx/Include -I../Drivers/CMSIS/Include -Os -ffunction-sections -fdata-sections -Wall -fstack-usage -fcyclomatic-complexity -MMD -MP -MF"Core/Src/ctiic.d" -MT"Core/Src/ctiic.o" --specs=nano.specs -mfloat-abi=soft -mthumb -o "Core/Src/ctiic.o"
arm-none-eabi-gcc "../Core/Src/delay.c" -mcpu=cortex-m3 -std=gnu11 -g3 -DDEBUG -DUSE_HAL_DRIVER -DSTM32F103xE -c -I../Core/Inc -I../Drivers/STM32F1xx_HAL_Driver/Inc/Legacy -I../Drivers/STM32F1xx_HAL_Driver/Inc -I../Drivers/CMSIS/Device/ST/STM32F1xx/Include -I../Drivers/CMSIS/Include -Os -ffunction-sections -fdata-sections -Wall -fstack-usage -fcyclomatic-complexity -MMD -MP -MF"Core/Src/delay.d" -MT"Core/Src/delay.o" --specs=nano.specs -mfloat-abi=soft -mthumb -o "Core/Src/delay.o"
arm-none-eabi-gcc "../Core/Src/ft5206.c" -mcpu=cortex-m3 -std=gnu11 -g3 -DDEBUG -DUSE_HAL_DRIVER -DSTM32F103xE -c -I../Core/Inc -I../Drivers/STM32F1xx_HAL_Driver/Inc/Legacy -I../Drivers/STM32F1xx_HAL_Driver/Inc -I../Drivers/CMSIS/Device/ST/STM32F1xx/Include -I../Drivers/CMSIS/Include -Os -ffunction-sections -fdata-sections -Wall -fstack-usage -fcyclomatic-complexity -MMD -MP -MF"Core/Src/ft5206.d" -MT"Core/Src/ft5206.o" --specs=nano.specs -mfloat-abi=soft -mthumb -o "Core/Src/ft5206.o"
arm-none-eabi-gcc "../Core/Src/gpio.c" -mcpu=cortex-m3 -std=gnu11 -g3 -DDEBUG -DUSE_HAL_DRIVER -DSTM32F103xE -c -I../Core/Inc -I../Drivers/STM32F1xx_HAL_Driver/Inc/Legacy -I../Drivers/STM32F1xx_HAL_Driver/Inc -I../Drivers/CMSIS/Device/ST/STM32F1xx/Include -I../Drivers/CMSIS/Include -Os -ffunction-sections -fdata-sections -Wall -fstack-usage -fcyclomatic-complexity -MMD -MP -MF"Core/Src/gpio.d" -MT"Core/Src/gpio.o" --specs=nano.specs -mfloat-abi=soft -mthumb -o "Core/Src/gpio.o"
../Core/Src/ft5206.c: In function 'FT5206_Init':
../Core/Src/ft5206.c:100:17: warning: implicit declaration of function 'printf' [-Wimplicit-function-declaration]
  100 |                 printf("CTP ID:%x\r\n",((u16)temp[0]<<8)+temp[1]);
      |                 ^~~~~~
../Core/Src/ft5206.c:7:1: note: include '<stdio.h>' or provide a declaration of 'printf'
    6 | #include "string.h"
  +++ |+#include <stdio.h>
    7 | //////////////////////////////////////////////////////////////////////////////////
../Core/Src/ft5206.c:100:17: warning: incompatible implicit declaration of built-in function 'printf' [-Wbuiltin-declaration-mismatch]
  100 |                 printf("CTP ID:%x\r\n",((u16)temp[0]<<8)+temp[1]);
      |                 ^~~~~~
../Core/Src/ft5206.c:100:17: note: include '<stdio.h>' or provide a declaration of 'printf'
arm-none-eabi-gcc "../Core/Src/gt9147.c" -mcpu=cortex-m3 -std=gnu11 -g3 -DDEBUG -DUSE_HAL_DRIVER -DSTM32F103xE -c -I../Core/Inc -I../Drivers/STM32F1xx_HAL_Driver/Inc/Legacy -I../Drivers/STM32F1xx_HAL_Driver/Inc -I../Drivers/CMSIS/Device/ST/STM32F1xx/Include -I../Drivers/CMSIS/Include -Os -ffunction-sections -fdata-sections -Wall -fstack-usage -fcyclomatic-complexity -MMD -MP -MF"Core/Src/gt9147.d" -MT"Core/Src/gt9147.o" --specs=nano.specs -mfloat-abi=soft -mthumb -o "Core/Src/gt9147.o"
arm-none-eabi-gcc "../Core/Src/key.c" -mcpu=cortex-m3 -std=gnu11 -g3 -DDEBUG -DUSE_HAL_DRIVER -DSTM32F103xE -c -I../Core/Inc -I../Drivers/STM32F1xx_HAL_Driver/Inc/Legacy -I../Drivers/STM32F1xx_HAL_Driver/Inc -I../Drivers/CMSIS/Device/ST/STM32F1xx/Include -I../Drivers/CMSIS/Include -Os -ffunction-sections -fdata-sections -Wall -fstack-usage -fcyclomatic-complexity -MMD -MP -MF"Core/Src/key.d" -MT"Core/Src/key.o" --specs=nano.specs -mfloat-abi=soft -mthumb -o "Core/Src/key.o"
arm-none-eabi-gcc "../Core/Src/lcd.c" -mcpu=cortex-m3 -std=gnu11 -g3 -DDEBUG -DUSE_HAL_DRIVER -DSTM32F103xE -c -I../Core/Inc -I../Drivers/STM32F1xx_HAL_Driver/Inc/Legacy -I../Drivers/STM32F1xx_HAL_Driver/Inc -I../Drivers/CMSIS/Device/ST/STM32F1xx/Include -I../Drivers/CMSIS/Include -Os -ffunction-sections -fdata-sections -Wall -fstack-usage -fcyclomatic-complexity -MMD -MP -MF"Core/Src/lcd.d" -MT"Core/Src/lcd.o" --specs=nano.specs -mfloat-abi=soft -mthumb -o "Core/Src/lcd.o"
arm-none-eabi-gcc "../Core/Src/led.c" -mcpu=cortex-m3 -std=gnu11 -g3 -DDEBUG -DUSE_HAL_DRIVER -DSTM32F103xE -c -I../Core/Inc -I../Drivers/STM32F1xx_HAL_Driver/Inc/Legacy -I../Drivers/STM32F1xx_HAL_Driver/Inc -I../Drivers/CMSIS/Device/ST/STM32F1xx/Include -I../Drivers/CMSIS/Include -Os -ffunction-sections -fdata-sections -Wall -fstack-usage -fcyclomatic-complexity -MMD -MP -MF"Core/Src/led.d" -MT"Core/Src/led.o" --specs=nano.specs -mfloat-abi=soft -mthumb -o "Core/Src/led.o"
arm-none-eabi-gcc "../Core/Src/main.c" -mcpu=cortex-m3 -std=gnu11 -g3 -DDEBUG -DUSE_HAL_DRIVER -DSTM32F103xE -c -I../Core/Inc -I../Drivers/STM32F1xx_HAL_Driver/Inc/Legacy -I../Drivers/STM32F1xx_HAL_Driver/Inc -I../Drivers/CMSIS/Device/ST/STM32F1xx/Include -I../Drivers/CMSIS/Include -Os -ffunction-sections -fdata-sections -Wall -fstack-usage -fcyclomatic-complexity -MMD -MP -MF"Core/Src/main.d" -MT"Core/Src/main.o" --specs=nano.specs -mfloat-abi=soft -mthumb -o "Core/Src/main.o"
arm-none-eabi-gcc "../Core/Src/myiic.c" -mcpu=cortex-m3 -std=gnu11 -g3 -DDEBUG -DUSE_HAL_DRIVER -DSTM32F103xE -c -I../Core/Inc -I../Drivers/STM32F1xx_HAL_Driver/Inc/Legacy -I../Drivers/STM32F1xx_HAL_Driver/Inc -I../Drivers/CMSIS/Device/ST/STM32F1xx/Include -I../Drivers/CMSIS/Include -Os -ffunction-sections -fdata-sections -Wall -fstack-usage -fcyclomatic-complexity -MMD -MP -MF"Core/Src/myiic.d" -MT"Core/Src/myiic.o" --specs=nano.specs -mfloat-abi=soft -mthumb -o "Core/Src/myiic.o"
arm-none-eabi-gcc "../Core/Src/ott2001a.c" -mcpu=cortex-m3 -std=gnu11 -g3 -DDEBUG -DUSE_HAL_DRIVER -DSTM32F103xE -c -I../Core/Inc -I../Drivers/STM32F1xx_HAL_Driver/Inc/Legacy -I../Drivers/STM32F1xx_HAL_Driver/Inc -I../Drivers/CMSIS/Device/ST/STM32F1xx/Include -I../Drivers/CMSIS/Include -Os -ffunction-sections -fdata-sections -Wall -fstack-usage -fcyclomatic-complexity -MMD -MP -MF"Core/Src/ott2001a.d" -MT"Core/Src/ott2001a.o" --specs=nano.specs -mfloat-abi=soft -mthumb -o "Core/Src/ott2001a.o"
arm-none-eabi-gcc "../Core/Src/rtc.c" -mcpu=cortex-m3 -std=gnu11 -g3 -DDEBUG -DUSE_HAL_DRIVER -DSTM32F103xE -c -I../Core/Inc -I../Drivers/STM32F1xx_HAL_Driver/Inc/Legacy -I../Drivers/STM32F1xx_HAL_Driver/Inc -I../Drivers/CMSIS/Device/ST/STM32F1xx/Include -I../Drivers/CMSIS/Include -Os -ffunction-sections -fdata-sections -Wall -fstack-usage -fcyclomatic-complexity -MMD -MP -MF"Core/Src/rtc.d" -MT"Core/Src/rtc.o" --specs=nano.specs -mfloat-abi=soft -mthumb -o "Core/Src/rtc.o"
arm-none-eabi-gcc "../Core/Src/stm32f1xx_hal_msp.c" -mcpu=cortex-m3 -std=gnu11 -g3 -DDEBUG -DUSE_HAL_DRIVER -DSTM32F103xE -c -I../Core/Inc -I../Drivers/STM32F1xx_HAL_Driver/Inc/Legacy -I../Drivers/STM32F1xx_HAL_Driver/Inc -I../Drivers/CMSIS/Device/ST/STM32F1xx/Include -I../Drivers/CMSIS/Include -Os -ffunction-sections -fdata-sections -Wall -fstack-usage -fcyclomatic-complexity -MMD -MP -MF"Core/Src/stm32f1xx_hal_msp.d" -MT"Core/Src/stm32f1xx_hal_msp.o" --specs=nano.specs -mfloat-abi=soft -mthumb -o "Core/Src/stm32f1xx_hal_msp.o"
arm-none-eabi-gcc "../Core/Src/stm32f1xx_it.c" -mcpu=cortex-m3 -std=gnu11 -g3 -DDEBUG -DUSE_HAL_DRIVER -DSTM32F103xE -c -I../Core/Inc -I../Drivers/STM32F1xx_HAL_Driver/Inc/Legacy -I../Drivers/STM32F1xx_HAL_Driver/Inc -I../Drivers/CMSIS/Device/ST/STM32F1xx/Include -I../Drivers/CMSIS/Include -Os -ffunction-sections -fdata-sections -Wall -fstack-usage -fcyclomatic-complexity -MMD -MP -MF"Core/Src/stm32f1xx_it.d" -MT"Core/Src/stm32f1xx_it.o" --specs=nano.specs -mfloat-abi=soft -mthumb -o "Core/Src/stm32f1xx_it.o"
arm-none-eabi-gcc "../Core/Src/syscalls.c" -mcpu=cortex-m3 -std=gnu11 -g3 -DDEBUG -DUSE_HAL_DRIVER -DSTM32F103xE -c -I../Core/Inc -I../Drivers/STM32F1xx_HAL_Driver/Inc/Legacy -I../Drivers/STM32F1xx_HAL_Driver/Inc -I../Drivers/CMSIS/Device/ST/STM32F1xx/Include -I../Drivers/CMSIS/Include -Os -ffunction-sections -fdata-sections -Wall -fstack-usage -fcyclomatic-complexity -MMD -MP -MF"Core/Src/syscalls.d" -MT"Core/Src/syscalls.o" --specs=nano.specs -mfloat-abi=soft -mthumb -o "Core/Src/syscalls.o"
arm-none-eabi-gcc "../Core/Src/sysmem.c" -mcpu=cortex-m3 -std=gnu11 -g3 -DDEBUG -DUSE_HAL_DRIVER -DSTM32F103xE -c -I../Core/Inc -I../Drivers/STM32F1xx_HAL_Driver/Inc/Legacy -I../Drivers/STM32F1xx_HAL_Driver/Inc -I../Drivers/CMSIS/Device/ST/STM32F1xx/Include -I../Drivers/CMSIS/Include -Os -ffunction-sections -fdata-sections -Wall -fstack-usage -fcyclomatic-complexity -MMD -MP -MF"Core/Src/sysmem.d" -MT"Core/Src/sysmem.o" --specs=nano.specs -mfloat-abi=soft -mthumb -o "Core/Src/sysmem.o"
arm-none-eabi-gcc "../Core/Src/system_stm32f1xx.c" -mcpu=cortex-m3 -std=gnu11 -g3 -DDEBUG -DUSE_HAL_DRIVER -DSTM32F103xE -c -I../Core/Inc -I../Drivers/STM32F1xx_HAL_Driver/Inc/Legacy -I../Drivers/STM32F1xx_HAL_Driver/Inc -I../Drivers/CMSIS/Device/ST/STM32F1xx/Include -I../Drivers/CMSIS/Include -Os -ffunction-sections -fdata-sections -Wall -fstack-usage -fcyclomatic-complexity -MMD -MP -MF"Core/Src/system_stm32f1xx.d" -MT"Core/Src/system_stm32f1xx.o" --specs=nano.specs -mfloat-abi=soft -mthumb -o "Core/Src/system_stm32f1xx.o"
arm-none-eabi-gcc "../Core/Src/touch.c" -mcpu=cortex-m3 -std=gnu11 -g3 -DDEBUG -DUSE_HAL_DRIVER -DSTM32F103xE -c -I../Core/Inc -I../Drivers/STM32F1xx_HAL_Driver/Inc/Legacy -I../Drivers/STM32F1xx_HAL_Driver/Inc -I../Drivers/CMSIS/Device/ST/STM32F1xx/Include -I../Drivers/CMSIS/Include -Os -ffunction-sections -fdata-sections -Wall -fstack-usage -fcyclomatic-complexity -MMD -MP -MF"Core/Src/touch.d" -MT"Core/Src/touch.o" --specs=nano.specs -mfloat-abi=soft -mthumb -o "Core/Src/touch.o"
../Core/Src/ott2001a.c: In function 'OTT2001A_Init':
../Core/Src/ott2001a.c:104:9: warning: implicit declaration of function 'printf' [-Wimplicit-function-declaration]
  104 |         printf("CTP ID:%x\r\n",regval);
      |         ^~~~~~
../Core/Src/ott2001a.c:6:1: note: include '<stdio.h>' or provide a declaration of 'printf'
    5 | #include "delay.h"
  +++ |+#include <stdio.h>
    6 | //////////////////////////////////////////////////////////////////////////////////
../Core/Src/ott2001a.c:104:9: warning: incompatible implicit declaration of built-in function 'printf' [-Wbuiltin-declaration-mismatch]
  104 |         printf("CTP ID:%x\r\n",regval);
      |         ^~~~~~
../Core/Src/ott2001a.c:104:9: note: include '<stdio.h>' or provide a declaration of 'printf'
../Core/Src/lcd.c: In function 'LCD_ShowImage':
../Core/Src/lcd.c:3024:19: warning: unused variable 't1' [-Wunused-variable]
 3024 |     uint8_t temp, t1, t, k;
      |                   ^~
../Core/Src/main.c: In function 'Print_Lcd':
../Core/Src/main.c:92:43: warning: '%s' directive writing up to 1023 bytes into a region of size 1017 [-Wformat-overflow=]
   92 |         sprintf(encode_input_str, "Input: %s", input);
      |                                           ^~   ~~~~~
../Core/Src/main.c:92:9: note: 'sprintf' output between 8 and 1031 bytes into a destination of size 1024
   92 |         sprintf(encode_input_str, "Input: %s", input);
      |         ^~~~~~~~~~~~~~~~~~~~~~~~~~~~~~~~~~~~~~~~~~~~~
../Core/Src/main.c:98:51: warning: '%s' directive writing up to 1023 bytes into a region of size 1008 [-Wformat-overflow=]
   98 |         sprintf(alphabet_output, "Input Alphabet: %s", encode_alphabet);
      |                                                   ^~   ~~~~~~~~~~~~~~~
../Core/Src/main.c:98:9: note: 'sprintf' output between 17 and 1040 bytes into a destination of size 1024
   98 |         sprintf(alphabet_output, "Input Alphabet: %s", encode_alphabet);
      |         ^~~~~~~~~~~~~~~~~~~~~~~~~~~~~~~~~~~~~~~~~~~~~~~~~~~~~~~~~~~~~~~
../Core/Src/main.c:86:43: warning: '%s' directive writing up to 1023 bytes into a region of size 1017 [-Wformat-overflow=]
   86 |         sprintf(decode_input_str, "Input: %s", input);
      |                                           ^~   ~~~~~
../Core/Src/main.c:86:9: note: 'sprintf' output between 8 and 1031 bytes into a destination of size 1024
   86 |         sprintf(decode_input_str, "Input: %s", input);
      |         ^~~~~~~~~~~~~~~~~~~~~~~~~~~~~~~~~~~~~~~~~~~~~
../Core/Src/touch.c:21:1: warning: missing braces around initializer [-Wmissing-braces]
   21 | {
      | ^
......
   25 |         0,
      |         {
......
   29 |         0,
      |          }
   30 |         0,
      |         {
......
   33 | };
      | }
../Core/Src/touch.c:249:29: warning: pointer targets in initialization of 'u8 * const' {aka 'unsigned char * const'} from 'char *' differ in signedness [-Wpointer-sign]
  249 | u8* const TP_REMIND_MSG_TBL="Please use the stylus click the cross on the screen.The cross will always move until the screen adjustment is completed.";
      |                             ^~~~~~~~~~~~~~~~~~~~~~~~~~~~~~~~~~~~~~~~~~~~~~~~~~~~~~~~~~~~~~~~~~~~~~~~~~~~~~~~~~~~~~~~~~~~~~~~~~~~~~~~~~~~~~~~~~~~~~~~~~
../Core/Src/touch.c: In function 'TP_Adj_Info_Show':
../Core/Src/touch.c:255:61: warning: pointer targets in passing argument 6 of 'LCD_ShowString' differ in signedness [-Wpointer-sign]
  255 |         LCD_ShowString(40,160,lcddev.width,lcddev.height,16,"x1:");
      |                                                             ^~~~~
      |                                                             |
      |                                                             char *
In file included from ../Core/Src/touch.c:2:
../Core/Inc/lcd.h:201:44: note: expected 'uint8_t *' {aka 'unsigned char *'} but argument is of type 'char *'
  201 |                     uint8_t size, uint8_t *p); // Display a string
      |                                   ~~~~~~~~~^
../Core/Src/touch.c:256:64: warning: pointer targets in passing argument 6 of 'LCD_ShowString' differ in signedness [-Wpointer-sign]
  256 |         LCD_ShowString(40+80,160,lcddev.width,lcddev.height,16,"y1:");
      |                                                                ^~~~~
      |                                                                |
      |                                                                char *
In file included from ../Core/Src/touch.c:2:
../Core/Inc/lcd.h:201:44: note: expected 'uint8_t *' {aka 'unsigned char *'} but argument is of type 'char *'
  201 |                     uint8_t size, uint8_t *p); // Display a string
      |                                   ~~~~~~~~~^
../Core/Src/touch.c:257:61: warning: pointer targets in passing argument 6 of 'LCD_ShowString' differ in signedness [-Wpointer-sign]
  257 |         LCD_ShowString(40,180,lcddev.width,lcddev.height,16,"x2:");
      |                                                             ^~~~~
      |                                                             |
      |                                                             char *
In file included from ../Core/Src/touch.c:2:
../Core/Inc/lcd.h:201:44: note: expected 'uint8_t *' {aka 'unsigned char *'} but argument is of type 'char *'
  201 |                     uint8_t size, uint8_t *p); // Display a string
      |                                   ~~~~~~~~~^
../Core/Src/touch.c:258:64: warning: pointer targets in passing argument 6 of 'LCD_ShowString' differ in signedness [-Wpointer-sign]
  258 |         LCD_ShowString(40+80,180,lcddev.width,lcddev.height,16,"y2:");
      |                                                                ^~~~~
      |                                                                |
      |                                                                char *
In file included from ../Core/Src/touch.c:2:
../Core/Inc/lcd.h:201:44: note: expected 'uint8_t *' {aka 'unsigned char *'} but argument is of type 'char *'
  201 |                     uint8_t size, uint8_t *p); // Display a string
      |                                   ~~~~~~~~~^
../Core/Src/touch.c:259:61: warning: pointer targets in passing argument 6 of 'LCD_ShowString' differ in signedness [-Wpointer-sign]
  259 |         LCD_ShowString(40,200,lcddev.width,lcddev.height,16,"x3:");
      |                                                             ^~~~~
      |                                                             |
      |                                                             char *
In file included from ../Core/Src/touch.c:2:
../Core/Inc/lcd.h:201:44: note: expected 'uint8_t *' {aka 'unsigned char *'} but argument is of type 'char *'
  201 |                     uint8_t size, uint8_t *p); // Display a string
      |                                   ~~~~~~~~~^
../Core/Src/touch.c:260:64: warning: pointer targets in passing argument 6 of 'LCD_ShowString' differ in signedness [-Wpointer-sign]
  260 |         LCD_ShowString(40+80,200,lcddev.width,lcddev.height,16,"y3:");
      |                                                                ^~~~~
      |                                                                |
      |                                                                char *
In file included from ../Core/Src/touch.c:2:
../Core/Inc/lcd.h:201:44: note: expected 'uint8_t *' {aka 'unsigned char *'} but argument is of type 'char *'
  201 |                     uint8_t size, uint8_t *p); // Display a string
      |                                   ~~~~~~~~~^
../Core/Src/touch.c:261:61: warning: pointer targets in passing argument 6 of 'LCD_ShowString' differ in signedness [-Wpointer-sign]
  261 |         LCD_ShowString(40,220,lcddev.width,lcddev.height,16,"x4:");
      |                                                             ^~~~~
      |                                                             |
      |                                                             char *
In file included from ../Core/Src/touch.c:2:
../Core/Inc/lcd.h:201:44: note: expected 'uint8_t *' {aka 'unsigned char *'} but argument is of type 'char *'
  201 |                     uint8_t size, uint8_t *p); // Display a string
      |                                   ~~~~~~~~~^
../Core/Src/touch.c:262:64: warning: pointer targets in passing argument 6 of 'LCD_ShowString' differ in signedness [-Wpointer-sign]
  262 |         LCD_ShowString(40+80,220,lcddev.width,lcddev.height,16,"y4:");
      |                                                                ^~~~~
      |                                                                |
      |                                                                char *
In file included from ../Core/Src/touch.c:2:
../Core/Inc/lcd.h:201:44: note: expected 'uint8_t *' {aka 'unsigned char *'} but argument is of type 'char *'
  201 |                     uint8_t size, uint8_t *p); // Display a string
      |                                   ~~~~~~~~~^
../Core/Src/stm32f1xx_it.c: In function 'HAL_GPIO_EXTI_Callback':
../Core/Src/touch.c:263:61: warning: pointer targets in passing argument 6 of 'LCD_ShowString' differ in signedness [-Wpointer-sign]
  263 |         LCD_ShowString(40,240,lcddev.width,lcddev.height,16,"fac is:");
      |                                                             ^~~~~~~~~
      |                                                             |
      |                                                             char *
In file included from ../Core/Src/touch.c:2:
../Core/Inc/lcd.h:201:44: note: expected 'uint8_t *' {aka 'unsigned char *'} but argument is of type 'char *'
  201 |                     uint8_t size, uint8_t *p); // Display a string
      |                                   ~~~~~~~~~^
../Core/Src/stm32f1xx_it.c:324:33: warning: implicit declaration of function 'LCD_Show_Success' [-Wimplicit-function-declaration]
  324 |                                 LCD_Show_Success(10, 280, 21, 100);
      |                                 ^~~~~~~~~~~~~~~~
../Core/Src/touch.c: In function 'TP_Adjust':
../Core/Src/touch.c:397:100: warning: pointer targets in passing argument 6 of 'LCD_ShowString' differ in signedness [-Wpointer-sign]
  397 |                                                 LCD_ShowString(40,26,lcddev.width,lcddev.height,16,"TP Need readjust!");
      |                                                                                                    ^~~~~~~~~~~~~~~~~~~
      |                                                                                                    |
      |                                                                                                    char *
In file included from ../Core/Src/touch.c:2:
../Core/Inc/lcd.h:201:44: note: expected 'uint8_t *' {aka 'unsigned char *'} but argument is of type 'char *'
  201 |                     uint8_t size, uint8_t *p); // Display a string
      |                                   ~~~~~~~~~^
../Core/Src/touch.c:412:93: warning: pointer targets in passing argument 6 of 'LCD_ShowString' differ in signedness [-Wpointer-sign]
  412 |                                         LCD_ShowString(35,110,lcddev.width,lcddev.height,16,"Touch Screen Adjust OK!");//校正完成
      |                                                                                             ^~~~~~~~~~~~~~~~~~~~~~~~~
      |                                                                                             |
      |                                                                                             char *
In file included from ../Core/Src/touch.c:2:
../Core/Inc/lcd.h:201:44: note: expected 'uint8_t *' {aka 'unsigned char *'} but argument is of type 'char *'
  201 |                     uint8_t size, uint8_t *p); // Display a string
      |                                   ~~~~~~~~~^
../Core/Src/stm32f1xx_it.c:360:33: warning: implicit declaration of function 'LCD_Show_Failure'; did you mean 'LCD_ShowImage'? [-Wimplicit-function-declaration]
  360 |                                 LCD_Show_Failure(140, 280, 31, 100);
      |                                 ^~~~~~~~~~~~~~~~
      |                                 LCD_ShowImage
../Core/Src/stm32f1xx_it.c:450:57: warning: 'sprintf' may write a terminating nul past the end of the destination [-Wformat-overflow=]
  450 |                                 sprintf(encode_res, "%s ", now_time);
      |                                                         ^
../Core/Src/stm32f1xx_it.c:450:33: note: 'sprintf' output between 2 and 1025 bytes into a destination of size 1024
  450 |                                 sprintf(encode_res, "%s ", now_time);
      |                                 ^~~~~~~~~~~~~~~~~~~~~~~~~~~~~~~~~~~~
../Core/Src/stm32f1xx_it.c:308:57: warning: '%c' directive writing 1 byte into a region of size between 0 and 1023 [-Wformat-overflow=]
  308 |                                 sprintf(decode_res, "%s %c", now_time, ch);
      |                                                         ^~
../Core/Src/stm32f1xx_it.c:308:33: note: 'sprintf' output between 3 and 1026 bytes into a destination of size 1024
  308 |                                 sprintf(decode_res, "%s %c", now_time, ch);
      |                                 ^~~~~~~~~~~~~~~~~~~~~~~~~~~~~~~~~~~~~~~~~~
arm-none-eabi-gcc -o "Assignment1.elf" @"objects.list"   -mcpu=cortex-m3 -T"D:\project\CS301\Assignment1\STM32F103RCTX_FLASH.ld" --specs=nosys.specs -Wl,-Map="Assignment1.map" -Wl,--gc-sections -static --specs=nano.specs -mfloat-abi=soft -mthumb -Wl,--start-group -lc -lm -Wl,--end-group
Finished building target: Assignment1.elf
 
arm-none-eabi-size   Assignment1.elf 
arm-none-eabi-objdump -h -S  Assignment1.elf  > "Assignment1.list"
arm-none-eabi-objcopy  -O ihex  Assignment1.elf  "Assignment1.hex"
arm-none-eabi-objcopy  -O binary  Assignment1.elf  "Assignment1.bin"
Finished building: Assignment1.bin
Finished building: Assignment1.hex
 
 
Finished building: Assignment1.list
 
   text	   data	    bss	    dec	    hex	filename
  53448	    296	  16320	  70064	  111b0	Assignment1.elf
Finished building: default.size.stdout
 

17:12:08 Build Finished. 0 errors, 25 warnings. (took 5s.242ms)

