17:29:13 **** Incremental Build of configuration Debug for project Lab12 ****
make -j20 all 
arm-none-eabi-gcc "../Core/Src/stm32f1xx_it.c" -mcpu=cortex-m3 -std=gnu11 -g3 -DDEBUG -DUSE_HAL_DRIVER -DSTM32F103xE -c -I../Core/Inc -I../Drivers/STM32F1xx_HAL_Driver/Inc/Legacy -I../Drivers/STM32F1xx_HAL_Driver/Inc -I../Drivers/CMSIS/Device/ST/STM32F1xx/Include -I../Drivers/CMSIS/Include -O0 -ffunction-sections -fdata-sections -Wall -fstack-usage -fcyclomatic-complexity -MMD -MP -MF"Core/Src/stm32f1xx_it.d" -MT"Core/Src/stm32f1xx_it.o" --specs=nano.specs -mfloat-abi=soft -mthumb -o "Core/Src/stm32f1xx_it.o"
arm-none-eabi-gcc -o "Lab12.elf" @"objects.list"   -mcpu=cortex-m3 -T"D:\project\CS301\Lab12\STM32F103RCTX_FLASH.ld" --specs=nosys.specs -Wl,-Map="Lab12.map" -Wl,--gc-sections -static --specs=nano.specs -mfloat-abi=soft -mthumb -Wl,--start-group -lc -lm -Wl,--end-group
Finished building target: Lab12.elf
 
arm-none-eabi-size   Lab12.elf 
arm-none-eabi-objdump -h -S  Lab12.elf  > "Lab12.list"
arm-none-eabi-objcopy  -O ihex  Lab12.elf  "Lab12.hex"
arm-none-eabi-objcopy  -O binary  Lab12.elf  "Lab12.bin"
   text	   data	    bss	    dec	    hex	filename
  41984	     24	   2712	  44720	   aeb0	Lab12.elf
Finished building: default.size.stdout
 
Finished building: Lab12.hex
 
Finished building: Lab12.bin
 
Finished building: Lab12.list
 

17:29:13 Build Finished. 0 errors, 0 warnings. (took 847ms)

